Archive member included to satisfy reference by file (symbol)

c:/program files (x86)/atmel/studio/7.0/toolchain/arm/arm-gnu-toolchain/bin/../lib/gcc/arm-none-eabi/6.3.1/../../../../arm-none-eabi/lib/thumb/v7e-m\libc.a(lib_a-exit.o)
                              c:/program files (x86)/atmel/studio/7.0/toolchain/arm/arm-gnu-toolchain/bin/../lib/gcc/arm-none-eabi/6.3.1/../../../../arm-none-eabi/lib/thumb/v7e-m/crt0.o (exit)
c:/program files (x86)/atmel/studio/7.0/toolchain/arm/arm-gnu-toolchain/bin/../lib/gcc/arm-none-eabi/6.3.1/../../../../arm-none-eabi/lib/thumb/v7e-m\libc.a(lib_a-impure.o)
                              c:/program files (x86)/atmel/studio/7.0/toolchain/arm/arm-gnu-toolchain/bin/../lib/gcc/arm-none-eabi/6.3.1/../../../../arm-none-eabi/lib/thumb/v7e-m\libc.a(lib_a-exit.o) (_global_impure_ptr)
c:/program files (x86)/atmel/studio/7.0/toolchain/arm/arm-gnu-toolchain/bin/../lib/gcc/arm-none-eabi/6.3.1/../../../../arm-none-eabi/lib/thumb/v7e-m\libc.a(lib_a-init.o)
                              c:/program files (x86)/atmel/studio/7.0/toolchain/arm/arm-gnu-toolchain/bin/../lib/gcc/arm-none-eabi/6.3.1/../../../../arm-none-eabi/lib/thumb/v7e-m/crt0.o (__libc_init_array)
c:/program files (x86)/atmel/studio/7.0/toolchain/arm/arm-gnu-toolchain/bin/../lib/gcc/arm-none-eabi/6.3.1/../../../../arm-none-eabi/lib/thumb/v7e-m\libc.a(lib_a-memset.o)
                              c:/program files (x86)/atmel/studio/7.0/toolchain/arm/arm-gnu-toolchain/bin/../lib/gcc/arm-none-eabi/6.3.1/../../../../arm-none-eabi/lib/thumb/v7e-m/crt0.o (memset)
c:/program files (x86)/atmel/studio/7.0/toolchain/arm/arm-gnu-toolchain/bin/../lib/gcc/arm-none-eabi/6.3.1/../../../../arm-none-eabi/lib/thumb/v7e-m\libc.a(lib_a-sprintf.o)
                              src/main.o (sprintf)
c:/program files (x86)/atmel/studio/7.0/toolchain/arm/arm-gnu-toolchain/bin/../lib/gcc/arm-none-eabi/6.3.1/../../../../arm-none-eabi/lib/thumb/v7e-m\libc.a(lib_a-svfprintf.o)
                              c:/program files (x86)/atmel/studio/7.0/toolchain/arm/arm-gnu-toolchain/bin/../lib/gcc/arm-none-eabi/6.3.1/../../../../arm-none-eabi/lib/thumb/v7e-m\libc.a(lib_a-sprintf.o) (_svfprintf_r)
c:/program files (x86)/atmel/studio/7.0/toolchain/arm/arm-gnu-toolchain/bin/../lib/gcc/arm-none-eabi/6.3.1/../../../../arm-none-eabi/lib/thumb/v7e-m\libc.a(lib_a-__call_atexit.o)
                              c:/program files (x86)/atmel/studio/7.0/toolchain/arm/arm-gnu-toolchain/bin/../lib/gcc/arm-none-eabi/6.3.1/../../../../arm-none-eabi/lib/thumb/v7e-m\libc.a(lib_a-exit.o) (__call_exitprocs)
c:/program files (x86)/atmel/studio/7.0/toolchain/arm/arm-gnu-toolchain/bin/../lib/gcc/arm-none-eabi/6.3.1/../../../../arm-none-eabi/lib/thumb/v7e-m\libc.a(lib_a-atexit.o)
                              c:/program files (x86)/atmel/studio/7.0/toolchain/arm/arm-gnu-toolchain/bin/../lib/gcc/arm-none-eabi/6.3.1/../../../../arm-none-eabi/lib/thumb/v7e-m\libc.a(lib_a-__call_atexit.o) (atexit)
c:/program files (x86)/atmel/studio/7.0/toolchain/arm/arm-gnu-toolchain/bin/../lib/gcc/arm-none-eabi/6.3.1/../../../../arm-none-eabi/lib/thumb/v7e-m\libc.a(lib_a-dtoa.o)
                              c:/program files (x86)/atmel/studio/7.0/toolchain/arm/arm-gnu-toolchain/bin/../lib/gcc/arm-none-eabi/6.3.1/../../../../arm-none-eabi/lib/thumb/v7e-m\libc.a(lib_a-svfprintf.o) (_dtoa_r)
c:/program files (x86)/atmel/studio/7.0/toolchain/arm/arm-gnu-toolchain/bin/../lib/gcc/arm-none-eabi/6.3.1/../../../../arm-none-eabi/lib/thumb/v7e-m\libc.a(lib_a-fini.o)
                              c:/program files (x86)/atmel/studio/7.0/toolchain/arm/arm-gnu-toolchain/bin/../lib/gcc/arm-none-eabi/6.3.1/../../../../arm-none-eabi/lib/thumb/v7e-m\libc.a(lib_a-__call_atexit.o) (__libc_fini_array)
c:/program files (x86)/atmel/studio/7.0/toolchain/arm/arm-gnu-toolchain/bin/../lib/gcc/arm-none-eabi/6.3.1/../../../../arm-none-eabi/lib/thumb/v7e-m\libc.a(lib_a-localeconv.o)
                              c:/program files (x86)/atmel/studio/7.0/toolchain/arm/arm-gnu-toolchain/bin/../lib/gcc/arm-none-eabi/6.3.1/../../../../arm-none-eabi/lib/thumb/v7e-m\libc.a(lib_a-svfprintf.o) (_localeconv_r)
c:/program files (x86)/atmel/studio/7.0/toolchain/arm/arm-gnu-toolchain/bin/../lib/gcc/arm-none-eabi/6.3.1/../../../../arm-none-eabi/lib/thumb/v7e-m\libc.a(lib_a-lock.o)
                              c:/program files (x86)/atmel/studio/7.0/toolchain/arm/arm-gnu-toolchain/bin/../lib/gcc/arm-none-eabi/6.3.1/../../../../arm-none-eabi/lib/thumb/v7e-m\libc.a(lib_a-__call_atexit.o) (__retarget_lock_acquire_recursive)
c:/program files (x86)/atmel/studio/7.0/toolchain/arm/arm-gnu-toolchain/bin/../lib/gcc/arm-none-eabi/6.3.1/../../../../arm-none-eabi/lib/thumb/v7e-m\libc.a(lib_a-mallocr.o)
                              c:/program files (x86)/atmel/studio/7.0/toolchain/arm/arm-gnu-toolchain/bin/../lib/gcc/arm-none-eabi/6.3.1/../../../../arm-none-eabi/lib/thumb/v7e-m\libc.a(lib_a-svfprintf.o) (_malloc_r)
[...]
Memory Configuration

Name             Origin             Length             Attributes
rom              0x00400000         0x00200000         xr
ram              0x20400000         0x00060000         xrw
*default*        0x00000000         0xffffffff

Linker script and memory map

LOAD c:/program files (x86)/atmel/studio/7.0/toolchain/arm/arm-gnu-toolchain/bin/../lib/gcc/arm-none-eabi/6.3.1/thumb/v7e-m/crti.o
LOAD c:/program files (x86)/atmel/studio/7.0/toolchain/arm/arm-gnu-toolchain/bin/../lib/gcc/arm-none-eabi/6.3.1/thumb/v7e-m/crtbegin.o
LOAD c:/program files (x86)/atmel/studio/7.0/toolchain/arm/arm-gnu-toolchain/bin/../lib/gcc/arm-none-eabi/6.3.1/../../../../arm-none-eabi/lib/thumb/v7e-m/crt0.o
LOAD src/ASF/sam/drivers/rtc/rtc.o
LOAD src/ASF/sam/drivers/tc/tc.o
LOAD src/main.o
LOAD src/ASF/common/services/delay/sam/cycle_counter.o
LOAD src/ASF/common/services/spi/sam_spi/spi_master.o
LOAD src/ASF/sam/components/display/ili9488/ili9488.o
LOAD src/ASF/sam/drivers/spi/spi.o
LOAD src/ASF/common/services/clock/same70/sysclk.o
LOAD src/ASF/common/utils/interrupt/interrupt_sam_nvic.o
LOAD src/ASF/sam/boards/same70_xplained/init.o
LOAD src/ASF/sam/drivers/mpu/mpu.o
LOAD src/ASF/sam/drivers/pio/pio.o
LOAD src/ASF/sam/drivers/pio/pio_handler.o
LOAD src/ASF/sam/drivers/pmc/pmc.o
LOAD src/ASF/sam/drivers/pmc/sleep.o
LOAD src/ASF/sam/utils/cmsis/same70/source/templates/gcc/startup_same70.o
LOAD src/ASF/sam/utils/cmsis/same70/source/templates/system_same70.o
LOAD src/ASF/sam/utils/syscalls/gcc/syscalls.o
START GROUP
LOAD ../src/ASF/thirdparty/CMSIS/Lib/GCC\libarm_cortexM7lfsp_math_softfp.a
LOAD c:/program files (x86)/atmel/studio/7.0/toolchain/arm/arm-gnu-toolchain/bin/../lib/gcc/arm-none-eabi/6.3.1/../../../../arm-none-eabi/lib/thumb/v7e-m\libm.a
END GROUP
START GROUP
LOAD c:/program files (x86)/atmel/studio/7.0/toolchain/arm/arm-gnu-toolchain/bin/../lib/gcc/arm-none-eabi/6.3.1/thumb/v7e-m\libgcc.a
LOAD c:/program files (x86)/atmel/studio/7.0/toolchain/arm/arm-gnu-toolchain/bin/../lib/gcc/arm-none-eabi/6.3.1/../../../../arm-none-eabi/lib/thumb/v7e-m\libc.a
END GROUP
LOAD c:/program files (x86)/atmel/studio/7.0/toolchain/arm/arm-gnu-toolchain/bin/../lib/gcc/arm-none-eabi/6.3.1/thumb/v7e-m/crtend.o
LOAD c:/program files (x86)/atmel/studio/7.0/toolchain/arm/arm-gnu-toolchain/bin/../lib/gcc/arm-none-eabi/6.3.1/thumb/v7e-m/crtn.o
                0x00002000                STACK_SIZE = DEFINED (STACK_SIZE)?STACK_SIZE:0x2000
                0x2045fffc                __ram_end__ = ((ORIGIN (ram) + LENGTH (ram)) - 0x4)
                0x00000200                HEAP_SIZE = DEFINED (HEAP_SIZE)?HEAP_SIZE:0x200

.text           0x00400000    0x3419c
                0x00400000                . = ALIGN (0x4)
                0x00400000                _sfixed = .
 *(.vectors .vectors.*)
 .vectors       0x00400000      0x168 src/ASF/sam/utils/cmsis/same70/source/templates/gcc/startup_same70.o
                0x00400000                exception_table
 *(.text .text.* .gnu.linkonce.t.*)
 .text          0x00400168       0x6c c:/program files (x86)/atmel/studio/7.0/toolchain/arm/arm-gnu-toolchain/bin/../lib/gcc/arm-none-eabi/6.3.1/thumb/v7e-m/crtbegin.o
 .text.NVIC_EnableIRQ
                0x004001d4       0x34 src/main.o
 .text.NVIC_SetPriority
                0x00400208       0x54 src/main.o
 .text.but1_callback
                0x0040025c       0x20 src/main.o
                0x0040025c                but1_callback
 .text.but2_callback
                0x0040027c        0xe src/main.o
                0x0040027c                but2_callback
 *fill*         0x0040028a        0x2 
 .text.configure_lcd
                0x0040028c       0x4c src/main.o
                0x0040028c                configure_lcd
 .text.init     0x004002d8       0xd4 src/main.o
                0x004002d8                init
 .text.font_draw_text
                0x004003ac       0x88 src/main.o
                0x004003ac                font_draw_text
 .text.main     0x00400434       0x8c src/main.o
                0x00400434                main
 .text.osc_get_rate
                0x004004c0       0x74 src/ASF/common/services/spi/sam_spi/spi_master.o
 .text.sysclk_get_main_hz
                0x00400534       0x20 src/ASF/common/services/spi/sam_spi/spi_master.o
 .text.sysclk_get_peripheral_hz
                0x00400554       0x14 src/ASF/common/services/spi/sam_spi/spi_master.o
 .text.spi_reset
                0x00400568       0x1a src/ASF/common/services/spi/sam_spi/spi_master.o
 .text.spi_set_master_mode
                0x00400582       0x20 src/ASF/common/services/spi/sam_spi/spi_master.o
 .text.spi_set_fixed_peripheral_select
                0x004005a2       0x20 src/ASF/common/services/spi/sam_spi/spi_master.o
 .text.spi_disable_peripheral_select_decode
                0x004005c2       0x20 src/ASF/common/services/spi/sam_spi/spi_master.o
 .text.spi_get_peripheral_select_decode_setting
                0x004005e2       0x26 src/ASF/common/services/spi/sam_spi/spi_master.o
 .text.spi_disable_mode_fault_detect
                0x00400608       0x20 src/ASF/common/services/spi/sam_spi/spi_master.o
 .text.spi_disable_loopback
                0x00400628       0x20 src/ASF/common/services/spi/sam_spi/spi_master.o
 .text.spi_put  0x00400648       0x1e src/ASF/common/services/spi/sam_spi/spi_master.o
 .text.spi_get  0x00400666       0x1a src/ASF/common/services/spi/sam_spi/spi_master.o
 .text.spi_is_tx_ready
                0x00400680       0x26 src/ASF/common/services/spi/sam_spi/spi_master.o
 .text.spi_is_rx_ready
                0x004006a6       0x2c src/ASF/common/services/spi/sam_spi/spi_master.o
 *fill*         0x004006d2        0x2 
 .text.spi_write_single
                0x004006d4       0x24 src/ASF/common/services/spi/sam_spi/spi_master.o
 .text.spi_read_single
                0x004006f8       0x24 src/ASF/common/services/spi/sam_spi/spi_master.o
 .text.spi_master_init
                0x0040071c       0x70 src/ASF/common/services/spi/sam_spi/spi_master.o
                0x0040071c                spi_master_init
 .text.spi_master_setup_device
                0x0040078c       0xb4 src/ASF/common/services/spi/sam_spi/spi_master.o
                0x0040078c                spi_master_setup_device
 .text.spi_select_device
                0x00400840       0x58 src/ASF/common/services/spi/sam_spi/spi_master.o
                0x00400840                spi_select_device
 .text.spi_write_packet
                0x00400898       0x74 src/ASF/common/services/spi/sam_spi/spi_master.o
                0x00400898                spi_write_packet
 .text.spi_read_packet
                0x0040090c       0xac src/ASF/common/services/spi/sam_spi/spi_master.o
                0x0040090c                spi_read_packet
 .text.spi_enable
                0x004009b8       0x1a src/ASF/sam/components/display/ili9488/ili9488.o
 .text.spi_enable_interrupt
                0x004009d2       0x1c src/ASF/sam/components/display/ili9488/ili9488.o
 *fill*         0x004009ee        0x2 
 .text.ili9488_write_ram_prepare
                0x004009f0       0x40 src/ASF/sam/components/display/ili9488/ili9488.o
 .text.ili9488_write_ram_buffer
                0x00400a30       0x40 src/ASF/sam/components/display/ili9488/ili9488.o
 .text.ili9488_write_register
                0x00400a70       0x78 src/ASF/sam/components/display/ili9488/ili9488.o
 .text.ili9488_read_chipid
                0x00400ae8       0xcc src/ASF/sam/components/display/ili9488/ili9488.o
 .text.ili9488_delay
                0x00400bb4       0x40 src/ASF/sam/components/display/ili9488/ili9488.o
                0x00400bb4                ili9488_delay
 .text.ili9488_check_box_coordinates
                0x00400bf4       0xa2 src/ASF/sam/components/display/ili9488/ili9488.o
 *fill*         0x00400c96        0x2 
 .text.ili9488_set_display_direction
                0x00400c98       0x34 src/ASF/sam/components/display/ili9488/ili9488.o
                0x00400c98                ili9488_set_display_direction
 .text.ili9488_set_window
                0x00400ccc       0xc8 src/ASF/sam/components/display/ili9488/ili9488.o
                0x00400ccc                ili9488_set_window
 .text.ili9488_init
                0x00400d94      0x15c src/ASF/sam/components/display/ili9488/ili9488.o
                0x00400d94                ili9488_init
 .text.ili9488_display_on
                0x00400ef0       0x18 src/ASF/sam/components/display/ili9488/ili9488.o
                0x00400ef0                ili9488_display_on
 .text.ili9488_set_foreground_color
                0x00400f08       0x54 src/ASF/sam/components/display/ili9488/ili9488.o
                0x00400f08                ili9488_set_foreground_color
 .text.ili9488_set_cursor_position
                0x00400f5c       0x84 src/ASF/sam/components/display/ili9488/ili9488.o
                0x00400f5c                ili9488_set_cursor_position
 .text.ili9488_draw_filled_rectangle
                0x00400fe0       0xdc src/ASF/sam/components/display/ili9488/ili9488.o
                0x00400fe0                ili9488_draw_filled_rectangle
 .text.ili9488_draw_pixmap
                0x004010bc       0xb4 src/ASF/sam/components/display/ili9488/ili9488.o
                0x004010bc                ili9488_draw_pixmap
 .text.spi_get_peripheral_select_mode
                0x00401170       0x26 src/ASF/sam/drivers/spi/spi.o
 *fill*         0x00401196        0x2 
 .text.sysclk_enable_peripheral_clock
                0x00401198       0x1c src/ASF/sam/drivers/spi/spi.o
 .text.spi_enable_clock
                0x004011b4       0x3c src/ASF/sam/drivers/spi/spi.o
                0x004011b4                spi_enable_clock
 .text.spi_set_peripheral_chip_select_value
                0x004011f0       0x34 src/ASF/sam/drivers/spi/spi.o
                0x004011f0                spi_set_peripheral_chip_select_value
 .text.spi_set_delay_between_chip_select
                0x00401224       0x30 src/ASF/sam/drivers/spi/spi.o
                0x00401224                spi_set_delay_between_chip_select
 .text.spi_write
                0x00401254       0x80 src/ASF/sam/drivers/spi/spi.o
                0x00401254                spi_write
 .text.spi_set_clock_polarity
                0x004012d4       0x50 src/ASF/sam/drivers/spi/spi.o
                0x004012d4                spi_set_clock_polarity
 .text.spi_set_clock_phase
                0x00401324       0x50 src/ASF/sam/drivers/spi/spi.o
                0x00401324                spi_set_clock_phase
 .text.spi_configure_cs_behavior
                0x00401374       0xa6 src/ASF/sam/drivers/spi/spi.o
                0x00401374                spi_configure_cs_behavior
 .text.spi_set_bits_per_transfer
                0x0040141a       0x4a src/ASF/sam/drivers/spi/spi.o
                0x0040141a                spi_set_bits_per_transfer
 .text.spi_calc_baudrate_div
                0x00401464       0x3c src/ASF/sam/drivers/spi/spi.o
                0x00401464                spi_calc_baudrate_div
 .text.spi_set_baudrate_div
                0x004014a0       0x5e src/ASF/sam/drivers/spi/spi.o
                0x004014a0                spi_set_baudrate_div
 .text.spi_set_transfer_delay
                0x004014fe       0x5e src/ASF/sam/drivers/spi/spi.o
                0x004014fe                spi_set_transfer_delay
 .text.osc_enable
                0x0040155c       0x88 src/ASF/common/services/clock/same70/sysclk.o
 .text.osc_is_ready
                0x004015e4       0x70 src/ASF/common/services/clock/same70/sysclk.o
 .text.osc_get_rate
                0x00401654       0x74 src/ASF/common/services/clock/same70/sysclk.o
 .text.osc_wait_ready
                0x004016c8       0x2c src/ASF/common/services/clock/same70/sysclk.o
 .text.pll_config_init
                0x004016f4       0x6c src/ASF/common/services/clock/same70/sysclk.o
 .text.pll_enable
                0x00401760       0x40 src/ASF/common/services/clock/same70/sysclk.o
 .text.pll_is_locked
                0x004017a0       0x2c src/ASF/common/services/clock/same70/sysclk.o
 .text.pll_enable_source
                0x004017cc       0x38 src/ASF/common/services/clock/same70/sysclk.o
 .text.pll_wait_for_lock
                0x00401804       0x24 src/ASF/common/services/clock/same70/sysclk.o
 .text.sysclk_get_main_hz
                0x00401828       0x20 src/ASF/common/services/clock/same70/sysclk.o
 .text.sysclk_get_cpu_hz
                0x00401848       0x14 src/ASF/common/services/clock/same70/sysclk.o
 .text.sysclk_init
                0x0040185c       0x7c src/ASF/common/services/clock/same70/sysclk.o
                0x0040185c                sysclk_init
 .text.SCB_EnableICache
                0x004018d8       0x38 src/ASF/sam/boards/same70_xplained/init.o
 .text.SCB_EnableDCache
                0x00401910       0xa4 src/ASF/sam/boards/same70_xplained/init.o
 .text.sysclk_enable_peripheral_clock
                0x004019b4       0x1c src/ASF/sam/boards/same70_xplained/init.o
 .text.ioport_init
                0x004019d0       0x2c src/ASF/sam/boards/same70_xplained/init.o
 .text.ioport_set_pin_mode
                0x004019fc      0x11c src/ASF/sam/boards/same70_xplained/init.o
 .text.ioport_set_pin_dir
                0x00401b18       0x88 src/ASF/sam/boards/same70_xplained/init.o
 .text.ioport_set_pin_level
                0x00401ba0       0x6c src/ASF/sam/boards/same70_xplained/init.o
 .text.ioport_set_pin_sense_mode
                0x00401c0c       0xd0 src/ASF/sam/boards/same70_xplained/init.o
 .text.tcm_disable
                0x00401cdc       0x44 src/ASF/sam/boards/same70_xplained/init.o
 .text.board_init
                0x00401d20      0x188 src/ASF/sam/boards/same70_xplained/init.o
                0x00401d20                board_init
 .text.pio_pull_up
                0x00401ea8       0x2c src/ASF/sam/drivers/pio/pio.o
                0x00401ea8                pio_pull_up
 .text.pio_set  0x00401ed4       0x1c src/ASF/sam/drivers/pio/pio.o
                0x00401ed4                pio_set
 .text.pio_set_peripheral
                0x00401ef0      0x110 src/ASF/sam/drivers/pio/pio.o
                0x00401ef0                pio_set_peripheral
 .text.pio_set_input
                0x00402000       0x80 src/ASF/sam/drivers/pio/pio.o
                0x00402000                pio_set_input
 .text.pio_set_output
                0x00402080       0x64 src/ASF/sam/drivers/pio/pio.o
                0x00402080                pio_set_output
 .text.pio_configure
                0x004020e4       0xcc src/ASF/sam/drivers/pio/pio.o
                0x004020e4                pio_configure
 .text.pio_configure_interrupt
                0x004021b0       0x6c src/ASF/sam/drivers/pio/pio.o
                0x004021b0                pio_configure_interrupt
 .text.pio_enable_interrupt
                0x0040221c       0x1c src/ASF/sam/drivers/pio/pio.o
                0x0040221c                pio_enable_interrupt
 .text.pio_disable_interrupt
                0x00402238       0x1c src/ASF/sam/drivers/pio/pio.o
                0x00402238                pio_disable_interrupt
 .text.pio_get_interrupt_status
                0x00402254       0x18 src/ASF/sam/drivers/pio/pio.o
                0x00402254                pio_get_interrupt_status
 .text.pio_get_interrupt_mask
                0x0040226c       0x18 src/ASF/sam/drivers/pio/pio.o
                0x0040226c                pio_get_interrupt_mask
 .text.pio_set_pin_high
                0x00402284       0x30 src/ASF/sam/drivers/pio/pio.o
                0x00402284                pio_set_pin_high
 .text.pio_set_pin_low
                0x004022b4       0x30 src/ASF/sam/drivers/pio/pio.o
                0x004022b4                pio_set_pin_low
 .text.pio_configure_pin
                0x004022e4      0x1b0 src/ASF/sam/drivers/pio/pio.o
                0x004022e4                pio_configure_pin
 .text.pio_get_pin_group
                0x00402494       0x28 src/ASF/sam/drivers/pio/pio.o
                0x00402494                pio_get_pin_group
 .text.pio_handler_process
                0x004024bc       0xb4 src/ASF/sam/drivers/pio/pio_handler.o
                0x004024bc                pio_handler_process
 .text.pio_handler_set
                0x00402570       0xa0 src/ASF/sam/drivers/pio/pio_handler.o
                0x00402570                pio_handler_set
 .text.PIOA_Handler
                0x00402610       0x18 src/ASF/sam/drivers/pio/pio_handler.o
                0x00402610                PIOA_Handler
 .text.PIOB_Handler
                0x00402628       0x18 src/ASF/sam/drivers/pio/pio_handler.o
                0x00402628                PIOB_Handler
 .text.PIOC_Handler
                0x00402640       0x18 src/ASF/sam/drivers/pio/pio_handler.o
                0x00402640                PIOC_Handler
 .text.PIOD_Handler
                0x00402658       0x18 src/ASF/sam/drivers/pio/pio_handler.o
                0x00402658                PIOD_Handler
 .text.PIOE_Handler
                0x00402670       0x18 src/ASF/sam/drivers/pio/pio_handler.o
                0x00402670                PIOE_Handler
 .text.pmc_mck_set_division
                0x00402688       0x7c src/ASF/sam/drivers/pmc/pmc.o
                0x00402688                pmc_mck_set_division
 .text.pmc_switch_mck_to_pllack
                0x00402704       0x84 src/ASF/sam/drivers/pmc/pmc.o
                0x00402704                pmc_switch_mck_to_pllack
 .text.pmc_switch_sclk_to_32kxtal
                0x00402788       0x38 src/ASF/sam/drivers/pmc/pmc.o
                0x00402788                pmc_switch_sclk_to_32kxtal
 .text.pmc_osc_is_ready_32kxtal
                0x004027c0       0x34 src/ASF/sam/drivers/pmc/pmc.o
                0x004027c0                pmc_osc_is_ready_32kxtal
 .text.pmc_switch_mainck_to_fastrc
                0x004027f4       0x70 src/ASF/sam/drivers/pmc/pmc.o
                0x004027f4                pmc_switch_mainck_to_fastrc
 .text.pmc_switch_mainck_to_xtal
                0x00402864       0x78 src/ASF/sam/drivers/pmc/pmc.o
                0x00402864                pmc_switch_mainck_to_xtal
 .text.pmc_osc_is_ready_mainck
                0x004028dc       0x1c src/ASF/sam/drivers/pmc/pmc.o
                0x004028dc                pmc_osc_is_ready_mainck
 .text.pmc_disable_pllack
                0x004028f8       0x1c src/ASF/sam/drivers/pmc/pmc.o
                0x004028f8                pmc_disable_pllack
 .text.pmc_is_locked_pllack
                0x00402914       0x1c src/ASF/sam/drivers/pmc/pmc.o
                0x00402914                pmc_is_locked_pllack
 .text.pmc_is_locked_upll
                0x00402930       0x1c src/ASF/sam/drivers/pmc/pmc.o
                0x00402930                pmc_is_locked_upll
 .text.pmc_enable_periph_clk
                0x0040294c       0x3c src/ASF/sam/drivers/pmc/pmc.o
                0x0040294c                pmc_enable_periph_clk
 .text.cpu_irq_save
                0x00402988       0x38 src/ASF/sam/utils/cmsis/same70/source/templates/gcc/startup_same70.o
 .text.cpu_irq_is_enabled_flags
                0x004029c0       0x20 src/ASF/sam/utils/cmsis/same70/source/templates/gcc/startup_same70.o
 .text.cpu_irq_restore
                0x004029e0       0x30 src/ASF/sam/utils/cmsis/same70/source/templates/gcc/startup_same70.o
 .text.Reset_Handler
                0x00402a10       0xb0 src/ASF/sam/utils/cmsis/same70/source/templates/gcc/startup_same70.o
                0x00402a10                Reset_Handler
 .text.Dummy_Handler
                0x00402ac0        0x6 src/ASF/sam/utils/cmsis/same70/source/templates/gcc/startup_same70.o
                0x00402ac0                DACC_Handler
                0x00402ac0                DebugMon_Handler
                0x00402ac0                UART3_Handler
                0x00402ac0                UART2_Handler
                0x00402ac0                TRNG_Handler
                0x00402ac0                HardFault_Handler
                0x00402ac0                TC2_Handler
                0x00402ac0                SysTick_Handler
                0x00402ac0                AFEC1_Handler
                0x00402ac0                PendSV_Handler
                0x00402ac0                NMI_Handler
                0x00402ac0                TC7_Handler
                0x00402ac0                QSPI_Handler
                0x00402ac0                ISI_Handler
                0x00402ac0                MCAN0_INT0_Handler
                0x00402ac0                TC9_Handler
                0x00402ac0                RSWDT_Handler
                0x00402ac0                USART0_Handler
                0x00402ac0                RTT_Handler
                0x00402ac0                USBHS_Handler
                0x00402ac0                IXC_Handler
                0x00402ac0                CCF_Handler
                0x00402ac0                RTC_Handler
                0x00402ac0                UsageFault_Handler
                0x00402ac0                TC6_Handler
                0x00402ac0                WDT_Handler
                0x00402ac0                MCAN1_INT1_Handler
                0x00402ac0                TC4_Handler
                0x00402ac0                TC1_Handler
                0x00402ac0                HSMCI_Handler
                0x00402ac0                UART1_Handler
                0x00402ac0                TC3_Handler
                0x00402ac0                Dummy_Handler
                0x00402ac0                TWIHS1_Handler
                0x00402ac0                XDMAC_Handler
                0x00402ac0                UART4_Handler
                0x00402ac0                PWM1_Handler
                0x00402ac0                USART1_Handler
                0x00402ac0                PWM0_Handler
                0x00402ac0                AFEC0_Handler
                0x00402ac0                CCW_Handler
                0x00402ac0                TC11_Handler
                0x00402ac0                SSC_Handler
                0x00402ac0                ACC_Handler
                0x00402ac0                PMC_Handler
                0x00402ac0                GMAC_Handler
                0x00402ac0                MCAN0_INT1_Handler
                0x00402ac0                GMAC_Q5_Handler
                0x00402ac0                MemManage_Handler
                0x00402ac0                SUPC_Handler
                0x00402ac0                SVC_Handler
                0x00402ac0                TC8_Handler
                0x00402ac0                MCAN1_INT0_Handler
                0x00402ac0                EFC_Handler
                0x00402ac0                GMAC_Q1_Handler
                0x00402ac0                USART2_Handler
                0x00402ac0                SDRAMC_Handler
                0x00402ac0                GMAC_Q2_Handler
                0x00402ac0                SPI1_Handler
                0x00402ac0                TC10_Handler
                0x00402ac0                GMAC_Q3_Handler
                0x00402ac0                TWIHS2_Handler
                0x00402ac0                I2SC0_Handler
                0x00402ac0                UART0_Handler
                0x00402ac0                I2SC1_Handler
                0x00402ac0                GMAC_Q4_Handler
                0x00402ac0                FPU_Handler
                0x00402ac0                BusFault_Handler
                0x00402ac0                RSTC_Handler
                0x00402ac0                TC0_Handler
                0x00402ac0                TC5_Handler
                0x00402ac0                AES_Handler
                0x00402ac0                ICM_Handler
                0x00402ac0                TWIHS0_Handler
                0x00402ac0                SPI0_Handler
 *fill*         0x00402ac6        0x2 
 .text.SystemCoreClockUpdate
                0x00402ac8      0x168 src/ASF/sam/utils/cmsis/same70/source/templates/system_same70.o
                0x00402ac8                SystemCoreClockUpdate
 .text.system_init_flash
                0x00402c30       0xb0 src/ASF/sam/utils/cmsis/same70/source/templates/system_same70.o
                0x00402c30                system_init_flash
 .text._sbrk    0x00402ce0       0x58 src/ASF/sam/utils/syscalls/gcc/syscalls.o
                0x00402ce0                _sbrk
 .text.__libc_init_array
                0x00402d38       0x50 c:/program files (x86)/atmel/studio/7.0/toolchain/arm/arm-gnu-toolchain/bin/../lib/gcc/arm-none-eabi/6.3.1/../../../../arm-none-eabi/lib/thumb/v7e-m\libc.a(lib_a-init.o)
                0x00402d38                __libc_init_array
 .text.memset   0x00402d88       0x9c c:/program files (x86)/atmel/studio/7.0/toolchain/arm/arm-gnu-toolchain/bin/../lib/gcc/arm-none-eabi/6.3.1/../../../../arm-none-eabi/lib/thumb/v7e-m\libc.a(lib_a-memset.o)
                0x00402d88                memset
 .text.sprintf  0x00402e24       0x4c c:/program files (x86)/atmel/studio/7.0/toolchain/arm/arm-gnu-toolchain/bin/../lib/gcc/arm-none-eabi/6.3.1/../../../../arm-none-eabi/lib/thumb/v7e-m\libc.a(lib_a-sprintf.o)
                0x00402e24                sprintf
 .text._svfprintf_r
                0x00402e70     0x145c c:/program files (x86)/atmel/studio/7.0/toolchain/arm/arm-gnu-toolchain/bin/../lib/gcc/arm-none-eabi/6.3.1/../../../../arm-none-eabi/lib/thumb/v7e-m\libc.a(lib_a-svfprintf.o)
                0x00402e70                _svfprintf_r
 .text.startup.register_fini
                0x004042cc       0x14 c:/program files (x86)/atmel/studio/7.0/toolchain/arm/arm-gnu-toolchain/bin/../lib/gcc/arm-none-eabi/6.3.1/../../../../arm-none-eabi/lib/thumb/v7e-m\libc.a(lib_a-__call_atexit.o)
 .text.atexit   0x004042e0        0xc c:/program files (x86)/atmel/studio/7.0/toolchain/arm/arm-gnu-toolchain/bin/../lib/gcc/arm-none-eabi/6.3.1/../../../../arm-none-eabi/lib/thumb/v7e-m\libc.a(lib_a-atexit.o)
                0x004042e0                atexit
 .text.quorem   0x004042ec      0x128 c:/program files (x86)/atmel/studio/7.0/toolchain/arm/arm-gnu-toolchain/bin/../lib/gcc/arm-none-eabi/6.3.1/../../../../arm-none-eabi/lib/thumb/v7e-m\libc.a(lib_a-dtoa.o)
 *fill*         0x00404414        0x4 
 .text._dtoa_r  0x00404418      0xe54 c:/program files (x86)/atmel/studio/7.0/toolchain/arm/arm-gnu-toolchain/bin/../lib/gcc/arm-none-eabi/6.3.1/../../../../arm-none-eabi/lib/thumb/v7e-m\libc.a(lib_a-dtoa.o)
                0x00404418                _dtoa_r
 .text.__libc_fini_array
                0x0040526c       0x34 c:/program files (x86)/atmel/studio/7.0/toolchain/arm/arm-gnu-toolchain/bin/../lib/gcc/arm-none-eabi/6.3.1/../../../../arm-none-eabi/lib/thumb/v7e-m\libc.a(lib_a-fini.o)
                0x0040526c                __libc_fini_array
 .text._localeconv_r
                0x004052a0       0x1c c:/program files (x86)/atmel/studio/7.0/toolchain/arm/arm-gnu-toolchain/bin/../lib/gcc/arm-none-eabi/6.3.1/../../../../arm-none-eabi/lib/thumb/v7e-m\libc.a(lib_a-localeconv.o)
                0x004052a0                _localeconv_r
 .text.__retarget_lock_acquire_recursive
                0x004052bc        0x4 c:/program files (x86)/atmel/studio/7.0/toolchain/arm/arm-gnu-toolchain/bin/../lib/gcc/arm-none-eabi/6.3.1/../../../../arm-none-eabi/lib/thumb/v7e-m\libc.a(lib_a-lock.o)
                0x004052bc                __retarget_lock_acquire_recursive
 .text.__retarget_lock_release_recursive
                0x004052c0        0x4 c:/program files (x86)/atmel/studio/7.0/toolchain/arm/arm-gnu-toolchain/bin/../lib/gcc/arm-none-eabi/6.3.1/../../../../arm-none-eabi/lib/thumb/v7e-m\libc.a(lib_a-lock.o)
                0x004052c0                __retarget_lock_release_recursive
 .text._malloc_r
                0x004052c4      0x560 c:/program files (x86)/atmel/studio/7.0/toolchain/arm/arm-gnu-toolchain/bin/../lib/gcc/arm-none-eabi/6.3.1/../../../../arm-none-eabi/lib/thumb/v7e-m\libc.a(lib_a-mallocr.o)
                0x004052c4                _malloc_r
 *fill*         0x00405824        0xc 
 .text          0x00405830       0xa0 c:/program files (x86)/atmel/studio/7.0/toolchain/arm/arm-gnu-toolchain/bin/../lib/gcc/arm-none-eabi/6.3.1/../../../../arm-none-eabi/lib/thumb/v7e-m\libc.a(lib_a-memchr.o)
                0x00405830                memchr
 .text          0x004058d0      0x134 c:/program files (x86)/atmel/studio/7.0/toolchain/arm/arm-gnu-toolchain/bin/../lib/gcc/arm-none-eabi/6.3.1/../../../../arm-none-eabi/lib/thumb/v7e-m\libc.a(lib_a-memcpy.o)
                0x004058d0                memcpy
 .text.__malloc_lock
                0x00405a04        0xc c:/program files (x86)/atmel/studio/7.0/toolchain/arm/arm-gnu-toolchain/bin/../lib/gcc/arm-none-eabi/6.3.1/../../../../arm-none-eabi/lib/thumb/v7e-m\libc.a(lib_a-mlock.o)
                0x00405a04                __malloc_lock
 .text.__malloc_unlock
                0x00405a10        0xc c:/program files (x86)/atmel/studio/7.0/toolchain/arm/arm-gnu-toolchain/bin/../lib/gcc/arm-none-eabi/6.3.1/../../../../arm-none-eabi/lib/thumb/v7e-m\libc.a(lib_a-mlock.o)
                0x00405a10                __malloc_unlock
 .text._Balloc  0x00405a1c       0x4c c:/program files (x86)/atmel/studio/7.0/toolchain/arm/arm-gnu-toolchain/bin/../lib/gcc/arm-none-eabi/6.3.1/../../../../arm-none-eabi/lib/thumb/v7e-m\libc.a(lib_a-mprec.o)
                0x00405a1c                _Balloc
 .text._Bfree   0x00405a68       0x14 c:/program files (x86)/atmel/studio/7.0/toolchain/arm/arm-gnu-toolchain/bin/../lib/gcc/arm-none-eabi/6.3.1/../../../../arm-none-eabi/lib/thumb/v7e-m\libc.a(lib_a-mprec.o)
                0x00405a68                _Bfree
 .text.__multadd
                0x00405a7c       0x80 c:/program files (x86)/atmel/studio/7.0/toolchain/arm/arm-gnu-toolchain/bin/../lib/gcc/arm-none-eabi/6.3.1/../../../../arm-none-eabi/lib/thumb/v7e-m\libc.a(lib_a-mprec.o)
                0x00405a7c                __multadd
 .text.__hi0bits
                0x00405afc       0x40 c:/program files (x86)/atmel/studio/7.0/toolchain/arm/arm-gnu-toolchain/bin/../lib/gcc/arm-none-eabi/6.3.1/../../../../arm-none-eabi/lib/thumb/v7e-m\libc.a(lib_a-mprec.o)
                0x00405afc                __hi0bits
 .text.__lo0bits
                0x00405b3c       0x60 c:/program files (x86)/atmel/studio/7.0/toolchain/arm/arm-gnu-toolchain/bin/../lib/gcc/arm-none-eabi/6.3.1/../../../../arm-none-eabi/lib/thumb/v7e-m\libc.a(lib_a-mprec.o)
                0x00405b3c                __lo0bits
 .text.__i2b    0x00405b9c       0x14 c:/program files (x86)/atmel/studio/7.0/toolchain/arm/arm-gnu-toolchain/bin/../lib/gcc/arm-none-eabi/6.3.1/../../../../arm-none-eabi/lib/thumb/v7e-m\libc.a(lib_a-mprec.o)
                0x00405b9c                __i2b
 .text.__multiply
                0x00405bb0      0x124 c:/program files (x86)/atmel/studio/7.0/toolchain/arm/arm-gnu-toolchain/bin/../lib/gcc/arm-none-eabi/6.3.1/../../../../arm-none-eabi/lib/thumb/v7e-m\libc.a(lib_a-mprec.o)
                0x00405bb0                __multiply
 .text.__pow5mult
                0x00405cd4       0xa0 c:/program files (x86)/atmel/studio/7.0/toolchain/arm/arm-gnu-toolchain/bin/../lib/gcc/arm-none-eabi/6.3.1/../../../../arm-none-eabi/lib/thumb/v7e-m\libc.a(lib_a-mprec.o)
                0x00405cd4                __pow5mult
 .text.__lshift
                0x00405d74       0xa4 c:/program files (x86)/atmel/studio/7.0/toolchain/arm/arm-gnu-toolchain/bin/../lib/gcc/arm-none-eabi/6.3.1/../../../../arm-none-eabi/lib/thumb/v7e-m\libc.a(lib_a-mprec.o)
                0x00405d74                __lshift
 .text.__mcmp   0x00405e18       0x38 c:/program files (x86)/atmel/studio/7.0/toolchain/arm/arm-gnu-toolchain/bin/../lib/gcc/arm-none-eabi/6.3.1/../../../../arm-none-eabi/lib/thumb/v7e-m\libc.a(lib_a-mprec.o)
                0x00405e18                __mcmp
 .text.__mdiff  0x00405e50      0x108 c:/program files (x86)/atmel/studio/7.0/toolchain/arm/arm-gnu-toolchain/bin/../lib/gcc/arm-none-eabi/6.3.1/../../../../arm-none-eabi/lib/thumb/v7e-m\libc.a(lib_a-mprec.o)
                0x00405e50                __mdiff
 .text.__d2b    0x00405f58       0xb8 c:/program files (x86)/atmel/studio/7.0/toolchain/arm/arm-gnu-toolchain/bin/../lib/gcc/arm-none-eabi/6.3.1/../../../../arm-none-eabi/lib/thumb/v7e-m\libc.a(lib_a-mprec.o)
                0x00405f58                __d2b
 .text._sbrk_r  0x00406010       0x24 c:/program files (x86)/atmel/studio/7.0/toolchain/arm/arm-gnu-toolchain/bin/../lib/gcc/arm-none-eabi/6.3.1/../../../../arm-none-eabi/lib/thumb/v7e-m\libc.a(lib_a-sbrkr.o)
                0x00406010                _sbrk_r
 *fill*         0x00406034        0xc 
 .text          0x00406040       0xdc c:/program files (x86)/atmel/studio/7.0/toolchain/arm/arm-gnu-toolchain/bin/../lib/gcc/arm-none-eabi/6.3.1/../../../../arm-none-eabi/lib/thumb/v7e-m\libc.a(lib_a-strlen.o)
                0x00406040                strlen
 .text.__ssprint_r
                0x0040611c       0xfc c:/program files (x86)/atmel/studio/7.0/toolchain/arm/arm-gnu-toolchain/bin/../lib/gcc/arm-none-eabi/6.3.1/../../../../arm-none-eabi/lib/thumb/v7e-m\libc.a(lib_a-svfiprintf.o)
                0x0040611c                __ssprint_r
 .text.__register_exitproc
                0x00406218       0xc4 c:/program files (x86)/atmel/studio/7.0/toolchain/arm/arm-gnu-toolchain/bin/../lib/gcc/arm-none-eabi/6.3.1/../../../../arm-none-eabi/lib/thumb/v7e-m\libc.a(lib_a-__atexit.o)
                0x00406218                __register_exitproc
 .text._calloc_r
                0x004062dc       0x60 c:/program files (x86)/atmel/studio/7.0/toolchain/arm/arm-gnu-toolchain/bin/../lib/gcc/arm-none-eabi/6.3.1/../../../../arm-none-eabi/lib/thumb/v7e-m\libc.a(lib_a-callocr.o)
                0x004062dc                _calloc_r
 .text._malloc_trim_r
                0x0040633c       0xa0 c:/program files (x86)/atmel/studio/7.0/toolchain/arm/arm-gnu-toolchain/bin/../lib/gcc/arm-none-eabi/6.3.1/../../../../arm-none-eabi/lib/thumb/v7e-m\libc.a(lib_a-freer.o)
                0x0040633c                _malloc_trim_r
 .text._free_r  0x004063dc      0x1cc c:/program files (x86)/atmel/studio/7.0/toolchain/arm/arm-gnu-toolchain/bin/../lib/gcc/arm-none-eabi/6.3.1/../../../../arm-none-eabi/lib/thumb/v7e-m\libc.a(lib_a-freer.o)
                0x004063dc                _free_r
 .text.__ascii_mbtowc
                0x004065a8       0x2c c:/program files (x86)/atmel/studio/7.0/toolchain/arm/arm-gnu-toolchain/bin/../lib/gcc/arm-none-eabi/6.3.1/../../../../arm-none-eabi/lib/thumb/v7e-m\libc.a(lib_a-mbtowc_r.o)
                0x004065a8                __ascii_mbtowc
 .text.memmove  0x004065d4       0xc8 c:/program files (x86)/atmel/studio/7.0/toolchain/arm/arm-gnu-toolchain/bin/../lib/gcc/arm-none-eabi/6.3.1/../../../../arm-none-eabi/lib/thumb/v7e-m\libc.a(lib_a-memmove.o)
                0x004065d4                memmove
 .text._realloc_r
                0x0040669c      0x34c c:/program files (x86)/atmel/studio/7.0/toolchain/arm/arm-gnu-toolchain/bin/../lib/gcc/arm-none-eabi/6.3.1/../../../../arm-none-eabi/lib/thumb/v7e-m\libc.a(lib_a-reallocr.o)
                0x0040669c                _realloc_r
 .text.__ascii_wctomb
                0x004069e8       0x1c c:/program files (x86)/atmel/studio/7.0/toolchain/arm/arm-gnu-toolchain/bin/../lib/gcc/arm-none-eabi/6.3.1/../../../../arm-none-eabi/lib/thumb/v7e-m\libc.a(lib_a-wctomb_r.o)
                0x004069e8                __ascii_wctomb
 .text          0x00406a04      0x370 c:/program files (x86)/atmel/studio/7.0/toolchain/arm/arm-gnu-toolchain/bin/../lib/gcc/arm-none-eabi/6.3.1/thumb/v7e-m\libgcc.a(_arm_addsubdf3.o)
                0x00406a04                __aeabi_drsub
                0x00406a0c                __aeabi_dsub
                0x00406a0c                __subdf3
                0x00406a10                __aeabi_dadd
                0x00406a10                __adddf3
                0x00406c88                __floatunsidf
                0x00406c88                __aeabi_ui2d
                0x00406ca8                __floatsidf
                0x00406ca8                __aeabi_i2d
                0x00406ccc                __aeabi_f2d
                0x00406ccc                __extendsfdf2
                0x00406d08                __floatundidf
                0x00406d08                __aeabi_ul2d
                0x00406d18                __floatdidf
                0x00406d18                __aeabi_l2d
 .text          0x00406d74      0x424 c:/program files (x86)/atmel/studio/7.0/toolchain/arm/arm-gnu-toolchain/bin/../lib/gcc/arm-none-eabi/6.3.1/thumb/v7e-m\libgcc.a(_arm_muldivdf3.o)
                0x00406d74                __aeabi_dmul
                0x00406d74                __muldf3
                0x00406fc8                __divdf3
                0x00406fc8                __aeabi_ddiv
 .text          0x00407198      0x110 c:/program files (x86)/atmel/studio/7.0/toolchain/arm/arm-gnu-toolchain/bin/../lib/gcc/arm-none-eabi/6.3.1/thumb/v7e-m\libgcc.a(_arm_cmpdf2.o)
                0x00407198                __gtdf2
                0x00407198                __gedf2
                0x004071a0                __ltdf2
                0x004071a0                __ledf2
                0x004071a8                __nedf2
                0x004071a8                __eqdf2
                0x004071a8                __cmpdf2
                0x00407224                __aeabi_cdrcmple
                0x00407234                __aeabi_cdcmpeq
                0x00407234                __aeabi_cdcmple
                0x00407244                __aeabi_dcmpeq
                0x00407258                __aeabi_dcmplt
                0x0040726c                __aeabi_dcmple
                0x00407280                __aeabi_dcmpge
                0x00407294                __aeabi_dcmpgt
 .text          0x004072a8       0x2c c:/program files (x86)/atmel/studio/7.0/toolchain/arm/arm-gnu-toolchain/bin/../lib/gcc/arm-none-eabi/6.3.1/thumb/v7e-m\libgcc.a(_arm_unorddf2.o)
                0x004072a8                __unorddf2
                0x004072a8                __aeabi_dcmpun
 .text          0x004072d4       0x50 c:/program files (x86)/atmel/studio/7.0/toolchain/arm/arm-gnu-toolchain/bin/../lib/gcc/arm-none-eabi/6.3.1/thumb/v7e-m\libgcc.a(_arm_fixdfsi.o)
                0x004072d4                __aeabi_d2iz
                0x004072d4                __fixdfsi
 .text          0x00407324       0x30 c:/program files (x86)/atmel/studio/7.0/toolchain/arm/arm-gnu-toolchain/bin/../lib/gcc/arm-none-eabi/6.3.1/thumb/v7e-m\libgcc.a(_aeabi_uldivmod.o)
                0x00407324                __aeabi_uldivmod
 .text          0x00407354      0x2dc c:/program files (x86)/atmel/studio/7.0/toolchain/arm/arm-gnu-toolchain/bin/../lib/gcc/arm-none-eabi/6.3.1/thumb/v7e-m\libgcc.a(_udivmoddi4.o)
                0x00407354                __udivmoddi4
 .text          0x00407630        0x4 c:/program files (x86)/atmel/studio/7.0/toolchain/arm/arm-gnu-toolchain/bin/../lib/gcc/arm-none-eabi/6.3.1/thumb/v7e-m\libgcc.a(_dvmd_tls.o)
                0x00407630                __aeabi_idiv0
                0x00407630                __aeabi_ldiv0
 *(.glue_7t)
 .glue_7t       0x00407634        0x0 linker stubs
 *(.glue_7)
 .glue_7        0x00407634        0x0 linker stubs
 *(.rodata .rodata* .gnu.linkonce.r.*)
 .rodata.image_data_calibri_36_0x20
                0x00407634      0x378 src/main.o
 .rodata.calibri_36_0x20
                0x004079ac       0x10 src/main.o
 .rodata.image_data_calibri_36_0x21
                0x004079bc      0x534 src/main.o
 .rodata.calibri_36_0x21
                0x00407ef0       0x10 src/main.o
 .rodata.image_data_calibri_36_0x22
                0x00407f00      0x612 src/main.o
 *fill*         0x00408512        0x2 
 .rodata.calibri_36_0x22
                0x00408514       0x10 src/main.o
 .rodata.image_data_calibri_36_0x23
                0x00408524      0x7ce src/main.o
 *fill*         0x00408cf2        0x2 
 .rodata.calibri_36_0x23
                0x00408cf4       0x10 src/main.o
 .rodata.image_data_calibri_36_0x24
                0x00408d04      0x7ce src/main.o
 *fill*         0x004094d2        0x2 
 .rodata.calibri_36_0x24
                0x004094d4       0x10 src/main.o
 .rodata.image_data_calibri_36_0x25
                0x004094e4      0xb46 src/main.o
 *fill*         0x0040a02a        0x2 
 .rodata.calibri_36_0x25
                0x0040a02c       0x10 src/main.o
 .rodata.image_data_calibri_36_0x26
                0x0040a03c      0xad7 src/main.o
 *fill*         0x0040ab13        0x1 
 .rodata.calibri_36_0x26
                0x0040ab14       0x10 src/main.o
 .rodata.image_data_calibri_36_0x27
                0x0040ab24      0x378 src/main.o
 .rodata.calibri_36_0x27
                0x0040ae9c       0x10 src/main.o
 .rodata.image_data_calibri_36_0x28
                0x0040aeac      0x4c5 src/main.o
 *fill*         0x0040b371        0x3 
 .rodata.calibri_36_0x28
                0x0040b374       0x10 src/main.o
 .rodata.image_data_calibri_36_0x29
                0x0040b384      0x4c5 src/main.o
 *fill*         0x0040b849        0x3 
 .rodata.calibri_36_0x29
                0x0040b84c       0x10 src/main.o
 .rodata.image_data_calibri_36_0x2a
                0x0040b85c      0x7ce src/main.o
 *fill*         0x0040c02a        0x2 
 .rodata.calibri_36_0x2a
                0x0040c02c       0x10 src/main.o
 .rodata.image_data_calibri_36_0x2b
                0x0040c03c      0x7ce src/main.o
 *fill*         0x0040c80a        0x2 
 .rodata.calibri_36_0x2b
                0x0040c80c       0x10 src/main.o
 .rodata.image_data_calibri_36_0x2c
                0x0040c81c      0x3e7 src/main.o
 *fill*         0x0040cc03        0x1 
 .rodata.calibri_36_0x2c
                0x0040cc04       0x10 src/main.o
 .rodata.image_data_calibri_36_0x2d
                0x0040cc14      0x4c5 src/main.o
 *fill*         0x0040d0d9        0x3 
 .rodata.calibri_36_0x2d
                0x0040d0dc       0x10 src/main.o
 .rodata.image_data_calibri_36_0x2e
                0x0040d0ec      0x3e7 src/main.o
 *fill*         0x0040d4d3        0x1 
 .rodata.calibri_36_0x2e
                0x0040d4d4       0x10 src/main.o
 .rodata.image_data_calibri_36_0x2f
                0x0040d4e4      0x612 src/main.o
 *fill*         0x0040daf6        0x2 
 .rodata.calibri_36_0x2f
                0x0040daf8       0x10 src/main.o
 .rodata.image_data_calibri_36_0x30
                0x0040db08      0x7ce src/main.o
 *fill*         0x0040e2d6        0x2 
 .rodata.calibri_36_0x30
                0x0040e2d8       0x10 src/main.o
 .rodata.image_data_calibri_36_0x31
                0x0040e2e8      0x7ce src/main.o
 *fill*         0x0040eab6        0x2 
 .rodata.calibri_36_0x31
                0x0040eab8       0x10 src/main.o
 .rodata.image_data_calibri_36_0x32
                0x0040eac8      0x7ce src/main.o
 *fill*         0x0040f296        0x2 
 .rodata.calibri_36_0x32
                0x0040f298       0x10 src/main.o
 .rodata.image_data_calibri_36_0x33
                0x0040f2a8      0x7ce src/main.o
 *fill*         0x0040fa76        0x2 
 .rodata.calibri_36_0x33
                0x0040fa78       0x10 src/main.o
 .rodata.image_data_calibri_36_0x34
                0x0040fa88      0x7ce src/main.o
 *fill*         0x00410256        0x2 
 .rodata.calibri_36_0x34
                0x00410258       0x10 src/main.o
 .rodata.image_data_calibri_36_0x35
                0x00410268      0x7ce src/main.o
 *fill*         0x00410a36        0x2 
 .rodata.calibri_36_0x35
                0x00410a38       0x10 src/main.o
 .rodata.image_data_calibri_36_0x36
                0x00410a48      0x7ce src/main.o
 *fill*         0x00411216        0x2 
 .rodata.calibri_36_0x36
                0x00411218       0x10 src/main.o
 .rodata.image_data_calibri_36_0x37
                0x00411228      0x7ce src/main.o
 *fill*         0x004119f6        0x2 
 .rodata.calibri_36_0x37
                0x004119f8       0x10 src/main.o
 .rodata.image_data_calibri_36_0x38
                0x00411a08      0x7ce src/main.o
 *fill*         0x004121d6        0x2 
 .rodata.calibri_36_0x38
                0x004121d8       0x10 src/main.o
 .rodata.image_data_calibri_36_0x39
                0x004121e8      0x7ce src/main.o
 *fill*         0x004129b6        0x2 
 .rodata.calibri_36_0x39
                0x004129b8       0x10 src/main.o
 .rodata.image_data_calibri_36_0x3a
                0x004129c8      0x456 src/main.o
 *fill*         0x00412e1e        0x2 
 .rodata.calibri_36_0x3a
                0x00412e20       0x10 src/main.o
 .rodata.image_data_calibri_36_0x3b
                0x00412e30      0x456 src/main.o
 *fill*         0x00413286        0x2 
 .rodata.calibri_36_0x3b
                0x00413288       0x10 src/main.o
 .rodata.image_data_calibri_36_0x3c
                0x00413298      0x7ce src/main.o
 *fill*         0x00413a66        0x2 
 .rodata.calibri_36_0x3c
                0x00413a68       0x10 src/main.o
 .rodata.image_data_calibri_36_0x3d
                0x00413a78      0x7ce src/main.o
 *fill*         0x00414246        0x2 
 .rodata.calibri_36_0x3d
                0x00414248       0x10 src/main.o
 .rodata.image_data_calibri_36_0x3e
                0x00414258      0x7ce src/main.o
 *fill*         0x00414a26        0x2 
 .rodata.calibri_36_0x3e
                0x00414a28       0x10 src/main.o
 .rodata.image_data_calibri_36_0x3f
                0x00414a38      0x75f src/main.o
 *fill*         0x00415197        0x1 
 .rodata.calibri_36_0x3f
                0x00415198       0x10 src/main.o
 .rodata.image_data_calibri_36_0x40
                0x004151a8      0xde0 src/main.o
 .rodata.calibri_36_0x40
                0x00415f88       0x10 src/main.o
 .rodata.image_data_calibri_36_0x41
                0x00415f98      0x91b src/main.o
 *fill*         0x004168b3        0x1 
 .rodata.calibri_36_0x41
                0x004168b4       0x10 src/main.o
 .rodata.image_data_calibri_36_0x42
                0x004168c4      0x8ac src/main.o
 .rodata.calibri_36_0x42
                0x00417170       0x10 src/main.o
 .rodata.image_data_calibri_36_0x43
                0x00417180      0x83d src/main.o
 *fill*         0x004179bd        0x3 
 .rodata.calibri_36_0x43
                0x004179c0       0x10 src/main.o
 .rodata.image_data_calibri_36_0x44
                0x004179d0      0x98a src/main.o
 *fill*         0x0041835a        0x2 
 .rodata.calibri_36_0x44
                0x0041835c       0x10 src/main.o
 .rodata.image_data_calibri_36_0x45
                0x0041836c      0x7ce src/main.o
 *fill*         0x00418b3a        0x2 
 .rodata.calibri_36_0x45
                0x00418b3c       0x10 src/main.o
 .rodata.image_data_calibri_36_0x46
                0x00418b4c      0x75f src/main.o
 *fill*         0x004192ab        0x1 
 .rodata.calibri_36_0x46
                0x004192ac       0x10 src/main.o
 .rodata.image_data_calibri_36_0x47
                0x004192bc      0x9f9 src/main.o
 *fill*         0x00419cb5        0x3 
 .rodata.calibri_36_0x47
                0x00419cb8       0x10 src/main.o
 .rodata.image_data_calibri_36_0x48
                0x00419cc8      0x98a src/main.o
 *fill*         0x0041a652        0x2 
 .rodata.calibri_36_0x48
                0x0041a654       0x10 src/main.o
 .rodata.image_data_calibri_36_0x49
                0x0041a664      0x3e7 src/main.o
 *fill*         0x0041aa4b        0x1 
 .rodata.calibri_36_0x49
                0x0041aa4c       0x10 src/main.o
 .rodata.image_data_calibri_36_0x4a
                0x0041aa5c      0x4c5 src/main.o
 *fill*         0x0041af21        0x3 
 .rodata.calibri_36_0x4a
                0x0041af24       0x10 src/main.o
 .rodata.image_data_calibri_36_0x4b
                0x0041af34      0x83d src/main.o
 *fill*         0x0041b771        0x3 
 .rodata.calibri_36_0x4b
                0x0041b774       0x10 src/main.o
 .rodata.image_data_calibri_36_0x4c
                0x0041b784      0x681 src/main.o
 *fill*         0x0041be05        0x3 
 .rodata.calibri_36_0x4c
                0x0041be08       0x10 src/main.o
 .rodata.image_data_calibri_36_0x4d
                0x0041be18      0xd71 src/main.o
 *fill*         0x0041cb89        0x3 
 .rodata.calibri_36_0x4d
                0x0041cb8c       0x10 src/main.o
 .rodata.image_data_calibri_36_0x4e
                0x0041cb9c      0x9f9 src/main.o
 *fill*         0x0041d595        0x3 
 .rodata.calibri_36_0x4e
                0x0041d598       0x10 src/main.o
 .rodata.image_data_calibri_36_0x4f
                0x0041d5a8      0xa68 src/main.o
 .rodata.calibri_36_0x4f
                0x0041e010       0x10 src/main.o
 .rodata.image_data_calibri_36_0x50
                0x0041e020      0x83d src/main.o
 *fill*         0x0041e85d        0x3 
 .rodata.calibri_36_0x50
                0x0041e860       0x10 src/main.o
 .rodata.image_data_calibri_36_0x51
                0x0041e870      0xad7 src/main.o
 *fill*         0x0041f347        0x1 
 .rodata.calibri_36_0x51
                0x0041f348       0x10 src/main.o
 .rodata.image_data_calibri_36_0x52
                0x0041f358      0x8ac src/main.o
 .rodata.calibri_36_0x52
                0x0041fc04       0x10 src/main.o
 .rodata.image_data_calibri_36_0x53
                0x0041fc14      0x75f src/main.o
 *fill*         0x00420373        0x1 
 .rodata.calibri_36_0x53
                0x00420374       0x10 src/main.o
 .rodata.image_data_calibri_36_0x54
                0x00420384      0x7ce src/main.o
 *fill*         0x00420b52        0x2 
 .rodata.calibri_36_0x54
                0x00420b54       0x10 src/main.o
 .rodata.image_data_calibri_36_0x55
                0x00420b64      0x9f9 src/main.o
 *fill*         0x0042155d        0x3 
 .rodata.calibri_36_0x55
                0x00421560       0x10 src/main.o
 .rodata.image_data_calibri_36_0x56
                0x00421570      0x8ac src/main.o
 .rodata.calibri_36_0x56
                0x00421e1c       0x10 src/main.o
 .rodata.image_data_calibri_36_0x57
                0x00421e2c      0xde0 src/main.o
 .rodata.calibri_36_0x57
                0x00422c0c       0x10 src/main.o
 .rodata.image_data_calibri_36_0x58
                0x00422c1c      0x83d src/main.o
 *fill*         0x00423459        0x3 
 .rodata.calibri_36_0x58
                0x0042345c       0x10 src/main.o
 .rodata.image_data_calibri_36_0x59
                0x0042346c      0x7ce src/main.o
 *fill*         0x00423c3a        0x2 
 .rodata.calibri_36_0x59
                0x00423c3c       0x10 src/main.o
 .rodata.image_data_calibri_36_0x5a
                0x00423c4c      0x75f src/main.o
 *fill*         0x004243ab        0x1 
 .rodata.calibri_36_0x5a
                0x004243ac       0x10 src/main.o
 .rodata.image_data_calibri_36_0x5b
                0x004243bc      0x4c5 src/main.o
 *fill*         0x00424881        0x3 
 .rodata.calibri_36_0x5b
                0x00424884       0x10 src/main.o
 .rodata.image_data_calibri_36_0x5c
                0x00424894      0x612 src/main.o
 *fill*         0x00424ea6        0x2 
 .rodata.calibri_36_0x5c
                0x00424ea8       0x10 src/main.o
 .rodata.image_data_calibri_36_0x5d
                0x00424eb8      0x4c5 src/main.o
 *fill*         0x0042537d        0x3 
 .rodata.calibri_36_0x5d
                0x00425380       0x10 src/main.o
 .rodata.image_data_calibri_36_0x5e
                0x00425390      0x7ce src/main.o
 *fill*         0x00425b5e        0x2 
 .rodata.calibri_36_0x5e
                0x00425b60       0x10 src/main.o
 .rodata.image_data_calibri_36_0x5f
                0x00425b70      0x7ce src/main.o
 *fill*         0x0042633e        0x2 
 .rodata.calibri_36_0x5f
                0x00426340       0x10 src/main.o
 .rodata.image_data_calibri_36_0x60
                0x00426350      0x456 src/main.o
 *fill*         0x004267a6        0x2 
 .rodata.calibri_36_0x60
                0x004267a8       0x10 src/main.o
 .rodata.image_data_calibri_36_0x61
                0x004267b8      0x75f src/main.o
 *fill*         0x00426f17        0x1 
 .rodata.calibri_36_0x61
                0x00426f18       0x10 src/main.o
 .rodata.image_data_calibri_36_0x62
                0x00426f28      0x83d src/main.o
 *fill*         0x00427765        0x3 
 .rodata.calibri_36_0x62
                0x00427768       0x10 src/main.o
 .rodata.image_data_calibri_36_0x63
                0x00427778      0x681 src/main.o
 *fill*         0x00427df9        0x3 
 .rodata.calibri_36_0x63
                0x00427dfc       0x10 src/main.o
 .rodata.image_data_calibri_36_0x64
                0x00427e0c      0x83d src/main.o
 *fill*         0x00428649        0x3 
 .rodata.calibri_36_0x64
                0x0042864c       0x10 src/main.o
 .rodata.image_data_calibri_36_0x65
                0x0042865c      0x7ce src/main.o
 *fill*         0x00428e2a        0x2 
 .rodata.calibri_36_0x65
                0x00428e2c       0x10 src/main.o
 .rodata.image_data_calibri_36_0x66
                0x00428e3c      0x4c5 src/main.o
 *fill*         0x00429301        0x3 
 .rodata.calibri_36_0x66
                0x00429304       0x10 src/main.o
 .rodata.image_data_calibri_36_0x67
                0x00429314      0x75f src/main.o
 *fill*         0x00429a73        0x1 
 .rodata.calibri_36_0x67
                0x00429a74       0x10 src/main.o
 .rodata.image_data_calibri_36_0x68
                0x00429a84      0x83d src/main.o
 *fill*         0x0042a2c1        0x3 
 .rodata.calibri_36_0x68
                0x0042a2c4       0x10 src/main.o
 .rodata.image_data_calibri_36_0x69
                0x0042a2d4      0x378 src/main.o
 .rodata.calibri_36_0x69
                0x0042a64c       0x10 src/main.o
 .rodata.image_data_calibri_36_0x6a
                0x0042a65c      0x3e7 src/main.o
 *fill*         0x0042aa43        0x1 
 .rodata.calibri_36_0x6a
                0x0042aa44       0x10 src/main.o
 .rodata.image_data_calibri_36_0x6b
                0x0042aa54      0x6f0 src/main.o
 .rodata.calibri_36_0x6b
                0x0042b144       0x10 src/main.o
 .rodata.image_data_calibri_36_0x6c
                0x0042b154      0x378 src/main.o
 .rodata.calibri_36_0x6c
                0x0042b4cc       0x10 src/main.o
 .rodata.image_data_calibri_36_0x6d
                0x0042b4dc      0xc93 src/main.o
 *fill*         0x0042c16f        0x1 
 .rodata.calibri_36_0x6d
                0x0042c170       0x10 src/main.o
 .rodata.image_data_calibri_36_0x6e
                0x0042c180      0x83d src/main.o
 *fill*         0x0042c9bd        0x3 
 .rodata.calibri_36_0x6e
                0x0042c9c0       0x10 src/main.o
 .rodata.image_data_calibri_36_0x6f
                0x0042c9d0      0x83d src/main.o
 *fill*         0x0042d20d        0x3 
 .rodata.calibri_36_0x6f
                0x0042d210       0x10 src/main.o
 .rodata.image_data_calibri_36_0x70
                0x0042d220      0x83d src/main.o
 *fill*         0x0042da5d        0x3 
 .rodata.calibri_36_0x70
                0x0042da60       0x10 src/main.o
 .rodata.image_data_calibri_36_0x71
                0x0042da70      0x83d src/main.o
 *fill*         0x0042e2ad        0x3 
 .rodata.calibri_36_0x71
                0x0042e2b0       0x10 src/main.o
 .rodata.image_data_calibri_36_0x72
                0x0042e2c0      0x5a3 src/main.o
 *fill*         0x0042e863        0x1 
 .rodata.calibri_36_0x72
                0x0042e864       0x10 src/main.o
 .rodata.image_data_calibri_36_0x73
                0x0042e874      0x612 src/main.o
 *fill*         0x0042ee86        0x2 
 .rodata.calibri_36_0x73
                0x0042ee88       0x10 src/main.o
 .rodata.image_data_calibri_36_0x74
                0x0042ee98      0x534 src/main.o
 .rodata.calibri_36_0x74
                0x0042f3cc       0x10 src/main.o
 .rodata.image_data_calibri_36_0x75
                0x0042f3dc      0x83d src/main.o
 *fill*         0x0042fc19        0x3 
 .rodata.calibri_36_0x75
                0x0042fc1c       0x10 src/main.o
 .rodata.image_data_calibri_36_0x76
                0x0042fc2c      0x6f0 src/main.o
 .rodata.calibri_36_0x76
                0x0043031c       0x10 src/main.o
 .rodata.image_data_calibri_36_0x77
                0x0043032c      0xb46 src/main.o
 *fill*         0x00430e72        0x2 
 .rodata.calibri_36_0x77
                0x00430e74       0x10 src/main.o
 .rodata.image_data_calibri_36_0x78
                0x00430e84      0x6f0 src/main.o
 .rodata.calibri_36_0x78
                0x00431574       0x10 src/main.o
 .rodata.image_data_calibri_36_0x79
                0x00431584      0x6f0 src/main.o
 .rodata.calibri_36_0x79
                0x00431c74       0x10 src/main.o
 .rodata.image_data_calibri_36_0x7a
                0x00431c84      0x612 src/main.o
 *fill*         0x00432296        0x2 
 .rodata.calibri_36_0x7a
                0x00432298       0x10 src/main.o
 .rodata.image_data_calibri_36_0x7b
                0x004322a8      0x4c5 src/main.o
 *fill*         0x0043276d        0x3 
 .rodata.calibri_36_0x7b
                0x00432770       0x10 src/main.o
 .rodata.image_data_calibri_36_0x7c
                0x00432780      0x75f src/main.o
 *fill*         0x00432edf        0x1 
 .rodata.calibri_36_0x7c
                0x00432ee0       0x10 src/main.o
 .rodata.image_data_calibri_36_0x7d
                0x00432ef0      0x4c5 src/main.o
 *fill*         0x004333b5        0x3 
 .rodata.calibri_36_0x7d
                0x004333b8       0x10 src/main.o
 .rodata.image_data_calibri_36_0x7e
                0x004333c8      0x7ce src/main.o
 *fill*         0x00433b96        0x2 
 .rodata.calibri_36_0x7e
                0x00433b98       0x10 src/main.o
 .rodata.calibri_36_array
                0x00433ba8      0x2f8 src/main.o
 .rodata.calibri_36
                0x00433ea0        0xc src/main.o
                0x00433ea0                calibri_36
 .rodata        0x00433eac       0x42 src/main.o
 *fill*         0x00433eee        0x2 
 .rodata._global_impure_ptr
                0x00433ef0        0x4 c:/program files (x86)/atmel/studio/7.0/toolchain/arm/arm-gnu-toolchain/bin/../lib/gcc/arm-none-eabi/6.3.1/../../../../arm-none-eabi/lib/thumb/v7e-m\libc.a(lib_a-impure.o)
                0x00433ef0                _global_impure_ptr
 .rodata._svfprintf_r.str1.4
                0x00433ef4       0x42 c:/program files (x86)/atmel/studio/7.0/toolchain/arm/arm-gnu-toolchain/bin/../lib/gcc/arm-none-eabi/6.3.1/../../../../arm-none-eabi/lib/thumb/v7e-m\libc.a(lib_a-svfprintf.o)
 *fill*         0x00433f36        0x2 
 .rodata.blanks.7223
                0x00433f38       0x10 c:/program files (x86)/atmel/studio/7.0/toolchain/arm/arm-gnu-toolchain/bin/../lib/gcc/arm-none-eabi/6.3.1/../../../../arm-none-eabi/lib/thumb/v7e-m\libc.a(lib_a-svfprintf.o)
 .rodata.zeroes.7224
                0x00433f48       0x10 c:/program files (x86)/atmel/studio/7.0/toolchain/arm/arm-gnu-toolchain/bin/../lib/gcc/arm-none-eabi/6.3.1/../../../../arm-none-eabi/lib/thumb/v7e-m\libc.a(lib_a-svfprintf.o)
 .rodata._dtoa_r.str1.4
                0x00433f58       0x10 c:/program files (x86)/atmel/studio/7.0/toolchain/arm/arm-gnu-toolchain/bin/../lib/gcc/arm-none-eabi/6.3.1/../../../../arm-none-eabi/lib/thumb/v7e-m\libc.a(lib_a-dtoa.o)
                                 0x12 (size before relaxing)
 .rodata.__mprec_bigtens
                0x00433f68       0x28 c:/program files (x86)/atmel/studio/7.0/toolchain/arm/arm-gnu-toolchain/bin/../lib/gcc/arm-none-eabi/6.3.1/../../../../arm-none-eabi/lib/thumb/v7e-m\libc.a(lib_a-mprec.o)
                0x00433f68                __mprec_bigtens
 .rodata.__mprec_tens
                0x00433f90       0xc8 c:/program files (x86)/atmel/studio/7.0/toolchain/arm/arm-gnu-toolchain/bin/../lib/gcc/arm-none-eabi/6.3.1/../../../../arm-none-eabi/lib/thumb/v7e-m\libc.a(lib_a-mprec.o)
                0x00433f90                __mprec_tens
 .rodata.p05.6055
                0x00434058        0xc c:/program files (x86)/atmel/studio/7.0/toolchain/arm/arm-gnu-toolchain/bin/../lib/gcc/arm-none-eabi/6.3.1/../../../../arm-none-eabi/lib/thumb/v7e-m\libc.a(lib_a-mprec.o)
 .rodata._setlocale_r.str1.4
                0x00434064        0xa c:/program files (x86)/atmel/studio/7.0/toolchain/arm/arm-gnu-toolchain/bin/../lib/gcc/arm-none-eabi/6.3.1/../../../../arm-none-eabi/lib/thumb/v7e-m\libc.a(lib_a-locale.o)
                                  0xd (size before relaxing)
 *fill*         0x0043406e        0x2 
 .rodata.str1.4
                0x00434070        0x4 c:/program files (x86)/atmel/studio/7.0/toolchain/arm/arm-gnu-toolchain/bin/../lib/gcc/arm-none-eabi/6.3.1/../../../../arm-none-eabi/lib/thumb/v7e-m\libc.a(lib_a-locale.o)
                                  0x2 (size before relaxing)
 .rodata._ctype_
                0x00434074      0x101 c:/program files (x86)/atmel/studio/7.0/toolchain/arm/arm-gnu-toolchain/bin/../lib/gcc/arm-none-eabi/6.3.1/../../../../arm-none-eabi/lib/thumb/v7e-m\libc.a(lib_a-ctype_.o)
                0x00434074                _ctype_
 *(.ARM.extab* .gnu.linkonce.armextab.*)
                0x00434178                . = ALIGN (0x4)
 *fill*         0x00434175        0x3 
 *(.init)
 .init          0x00434178        0x4 c:/program files (x86)/atmel/studio/7.0/toolchain/arm/arm-gnu-toolchain/bin/../lib/gcc/arm-none-eabi/6.3.1/thumb/v7e-m/crti.o
                0x00434178                _init
 .init          0x0043417c        0x8 c:/program files (x86)/atmel/studio/7.0/toolchain/arm/arm-gnu-toolchain/bin/../lib/gcc/arm-none-eabi/6.3.1/thumb/v7e-m/crtn.o
                0x00434184                . = ALIGN (0x4)
                0x00434184                __preinit_array_start = .
 *(.preinit_array)
                0x00434184                __preinit_array_end = .
                0x00434184                . = ALIGN (0x4)
                0x00434184                __init_array_start = .
 *(SORT(.init_array.*))
 .init_array.00000
                0x00434184        0x4 c:/program files (x86)/atmel/studio/7.0/toolchain/arm/arm-gnu-toolchain/bin/../lib/gcc/arm-none-eabi/6.3.1/../../../../arm-none-eabi/lib/thumb/v7e-m\libc.a(lib_a-__call_atexit.o)
 *(.init_array)
 .init_array    0x00434188        0x4 c:/program files (x86)/atmel/studio/7.0/toolchain/arm/arm-gnu-toolchain/bin/../lib/gcc/arm-none-eabi/6.3.1/thumb/v7e-m/crtbegin.o
                0x0043418c                __init_array_end = .
                0x0043418c                . = ALIGN (0x4)
 *crtbegin.o(.ctors)
 *(EXCLUDE_FILE(*crtend.o) .ctors)
 *(SORT(.ctors.*))
 *crtend.o(.ctors)
                0x0043418c                . = ALIGN (0x4)
 *(.fini)
 .fini          0x0043418c        0x4 c:/program files (x86)/atmel/studio/7.0/toolchain/arm/arm-gnu-toolchain/bin/../lib/gcc/arm-none-eabi/6.3.1/thumb/v7e-m/crti.o
                0x0043418c                _fini
 .fini          0x00434190        0x8 c:/program files (x86)/atmel/studio/7.0/toolchain/arm/arm-gnu-toolchain/bin/../lib/gcc/arm-none-eabi/6.3.1/thumb/v7e-m/crtn.o
                0x00434198                . = ALIGN (0x4)
                0x00434198                __fini_array_start = .
 *(.fini_array)
 .fini_array    0x00434198        0x4 c:/program files (x86)/atmel/studio/7.0/toolchain/arm/arm-gnu-toolchain/bin/../lib/gcc/arm-none-eabi/6.3.1/thumb/v7e-m/crtbegin.o
 *(SORT(.fini_array.*))
                0x0043419c                __fini_array_end = .
 *crtbegin.o(.dtors)
 *(EXCLUDE_FILE(*crtend.o) .dtors)
 *(SORT(.dtors.*))
 *crtend.o(.dtors)
                0x0043419c                . = ALIGN (0x4)
                0x0043419c                _efixed = .
                [!provide]                PROVIDE (__exidx_start, .)

.vfp11_veneer   0x0043419c        0x0
 .vfp11_veneer  0x0043419c        0x0 linker stubs

.v4_bx          0x0043419c        0x0
 .v4_bx         0x0043419c        0x0 linker stubs

.iplt           0x0043419c        0x0
 .iplt          0x0043419c        0x0 c:/program files (x86)/atmel/studio/7.0/toolchain/arm/arm-gnu-toolchain/bin/../lib/gcc/arm-none-eabi/6.3.1/thumb/v7e-m/crtbegin.o

.ARM.exidx      0x0043419c        0x8
 *(.ARM.exidx* .gnu.linkonce.armexidx.*)
 .ARM.exidx     0x0043419c        0x8 c:/program files (x86)/atmel/studio/7.0/toolchain/arm/arm-gnu-toolchain/bin/../lib/gcc/arm-none-eabi/6.3.1/thumb/v7e-m\libgcc.a(_udivmoddi4.o)
                [!provide]                PROVIDE (__exidx_end, .)

.eh_frame       0x004341a4        0x0
 .eh_frame      0x004341a4        0x0 c:/program files (x86)/atmel/studio/7.0/toolchain/arm/arm-gnu-toolchain/bin/../lib/gcc/arm-none-eabi/6.3.1/thumb/v7e-m/crtbegin.o

.rel.dyn        0x004341a4        0x0
 .rel.iplt      0x004341a4        0x0 c:/program files (x86)/atmel/studio/7.0/toolchain/arm/arm-gnu-toolchain/bin/../lib/gcc/arm-none-eabi/6.3.1/thumb/v7e-m/crtbegin.o

.jcr            0x004341a4        0x0
 .jcr           0x004341a4        0x0 c:/program files (x86)/atmel/studio/7.0/toolchain/arm/arm-gnu-toolchain/bin/../lib/gcc/arm-none-eabi/6.3.1/thumb/v7e-m/crtbegin.o

.igot.plt       0x004341a4        0x0
 .igot.plt      0x004341a4        0x0 c:/program files (x86)/atmel/studio/7.0/toolchain/arm/arm-gnu-toolchain/bin/../lib/gcc/arm-none-eabi/6.3.1/thumb/v7e-m/crtbegin.o
                0x004341a4                . = ALIGN (0x4)
                0x004341a4                _etext = .

.relocate       0x20400000      0x9b8 load address 0x004341a4
                0x20400000                . = ALIGN (0x4)
                0x20400000                _srelocate = .
 *(.ramfunc .ramfunc.*)
 *(.data .data.*)
 .data.g_interrupt_enabled
                0x20400000        0x1 src/ASF/common/utils/interrupt/interrupt_sam_nvic.o
                0x20400000                g_interrupt_enabled
 *fill*         0x20400001        0x3 
 .data.SystemCoreClock
                0x20400004        0x4 src/ASF/sam/utils/cmsis/same70/source/templates/system_same70.o
                0x20400004                SystemCoreClock
 .data._impure_ptr
                0x20400008        0x4 c:/program files (x86)/atmel/studio/7.0/toolchain/arm/arm-gnu-toolchain/bin/../lib/gcc/arm-none-eabi/6.3.1/../../../../arm-none-eabi/lib/thumb/v7e-m\libc.a(lib_a-impure.o)
                0x20400008                _impure_ptr
 *fill*         0x2040000c        0x4 
 .data.impure_data
                0x20400010      0x428 c:/program files (x86)/atmel/studio/7.0/toolchain/arm/arm-gnu-toolchain/bin/../lib/gcc/arm-none-eabi/6.3.1/../../../../arm-none-eabi/lib/thumb/v7e-m\libc.a(lib_a-impure.o)
 .data.__atexit_recursive_mutex
                0x20400438        0x4 c:/program files (x86)/atmel/studio/7.0/toolchain/arm/arm-gnu-toolchain/bin/../lib/gcc/arm-none-eabi/6.3.1/../../../../arm-none-eabi/lib/thumb/v7e-m\libc.a(lib_a-__call_atexit.o)
                0x20400438                __atexit_recursive_mutex
 .data.__malloc_av_
                0x2040043c      0x408 c:/program files (x86)/atmel/studio/7.0/toolchain/arm/arm-gnu-toolchain/bin/../lib/gcc/arm-none-eabi/6.3.1/../../../../arm-none-eabi/lib/thumb/v7e-m\libc.a(lib_a-mallocr.o)
                0x2040043c                __malloc_av_
 .data.__malloc_sbrk_base
                0x20400844        0x4 c:/program files (x86)/atmel/studio/7.0/toolchain/arm/arm-gnu-toolchain/bin/../lib/gcc/arm-none-eabi/6.3.1/../../../../arm-none-eabi/lib/thumb/v7e-m\libc.a(lib_a-mallocr.o)
                0x20400844                __malloc_sbrk_base
 .data.__malloc_trim_threshold
                0x20400848        0x4 c:/program files (x86)/atmel/studio/7.0/toolchain/arm/arm-gnu-toolchain/bin/../lib/gcc/arm-none-eabi/6.3.1/../../../../arm-none-eabi/lib/thumb/v7e-m\libc.a(lib_a-mallocr.o)
                0x20400848                __malloc_trim_threshold
 .data.__global_locale
                0x2040084c      0x16c c:/program files (x86)/atmel/studio/7.0/toolchain/arm/arm-gnu-toolchain/bin/../lib/gcc/arm-none-eabi/6.3.1/../../../../arm-none-eabi/lib/thumb/v7e-m\libc.a(lib_a-locale.o)
                0x2040084c                __global_locale
                0x204009b8                . = ALIGN (0x4)
                0x204009b8                _erelocate = .

.bss            0x204009b8      0x520 load address 0x00434b5c
                0x204009b8                . = ALIGN (0x4)
                0x204009b8                _sbss = .
                0x204009b8                _szero = .
 *(.bss .bss.*)
 .bss           0x204009b8       0x1c c:/program files (x86)/atmel/studio/7.0/toolchain/arm/arm-gnu-toolchain/bin/../lib/gcc/arm-none-eabi/6.3.1/thumb/v7e-m/crtbegin.o
 .bss.g_ul_pixel_cache
                0x204009d4      0x3c0 src/ASF/sam/components/display/ili9488/ili9488.o
 .bss.gs_interrupt_sources
                0x20400d94       0x70 src/ASF/sam/drivers/pio/pio_handler.o
 .bss.gs_ul_nb_sources
                0x20400e04        0x4 src/ASF/sam/drivers/pio/pio_handler.o
 .bss.heap.6420
                0x20400e08        0x4 src/ASF/sam/utils/syscalls/gcc/syscalls.o
 .bss.__malloc_current_mallinfo
                0x20400e0c       0x28 c:/program files (x86)/atmel/studio/7.0/toolchain/arm/arm-gnu-toolchain/bin/../lib/gcc/arm-none-eabi/6.3.1/../../../../arm-none-eabi/lib/thumb/v7e-m\libc.a(lib_a-mallocr.o)
                0x20400e0c                __malloc_current_mallinfo
 .bss.__malloc_max_sbrked_mem
                0x20400e34        0x4 c:/program files (x86)/atmel/studio/7.0/toolchain/arm/arm-gnu-toolchain/bin/../lib/gcc/arm-none-eabi/6.3.1/../../../../arm-none-eabi/lib/thumb/v7e-m\libc.a(lib_a-mallocr.o)
                0x20400e34                __malloc_max_sbrked_mem
 .bss.__malloc_max_total_mem
                0x20400e38        0x4 c:/program files (x86)/atmel/studio/7.0/toolchain/arm/arm-gnu-toolchain/bin/../lib/gcc/arm-none-eabi/6.3.1/../../../../arm-none-eabi/lib/thumb/v7e-m\libc.a(lib_a-mallocr.o)
                0x20400e38                __malloc_max_total_mem
 .bss.__malloc_top_pad
                0x20400e3c        0x4 c:/program files (x86)/atmel/studio/7.0/toolchain/arm/arm-gnu-toolchain/bin/../lib/gcc/arm-none-eabi/6.3.1/../../../../arm-none-eabi/lib/thumb/v7e-m\libc.a(lib_a-mallocr.o)
                0x20400e3c                __malloc_top_pad
 *(COMMON)
 COMMON         0x20400e40       0x70 src/main.o
                0x20400e40                string_vel
                0x20400e60                string_dist
                0x20400e80                string_time
                0x20400ea0                g_ili9488_display_opt
 COMMON         0x20400eb0       0x21 c:/program files (x86)/atmel/studio/7.0/toolchain/arm/arm-gnu-toolchain/bin/../lib/gcc/arm-none-eabi/6.3.1/../../../../arm-none-eabi/lib/thumb/v7e-m\libc.a(lib_a-lock.o)
                0x20400eb0                __lock___atexit_recursive_mutex
                0x20400eb4                __lock___arc4random_mutex
                0x20400eb8                __lock___env_recursive_mutex
                0x20400ebc                __lock___sinit_recursive_mutex
                0x20400ec0                __lock___malloc_recursive_mutex
                0x20400ec4                __lock___at_quick_exit_mutex
                0x20400ec8                __lock___dd_hash_mutex
                0x20400ecc                __lock___tz_mutex
                0x20400ed0                __lock___sfp_recursive_mutex
 *fill*         0x20400ed1        0x3 
 COMMON         0x20400ed4        0x4 c:/program files (x86)/atmel/studio/7.0/toolchain/arm/arm-gnu-toolchain/bin/../lib/gcc/arm-none-eabi/6.3.1/../../../../arm-none-eabi/lib/thumb/v7e-m\libc.a(lib_a-reent.o)
                0x20400ed4                errno
                0x20400ed8                . = ALIGN (0x4)
                0x20400ed8                _ebss = .
                0x20400ed8                _ezero = .

.stack          0x20400ed8     0x2000 load address 0x0043507c
                0x20400ed8                . = ALIGN (0x8)
                0x20400ed8                _sstack = .
                0x20402ed8                . = (. + STACK_SIZE)
 *fill*         0x20400ed8     0x2000 
                0x20402ed8                . = ALIGN (0x8)
                0x20402ed8                _estack = .

.heap           0x20402ed8      0x200 load address 0x0043707c
                0x20402ed8                . = ALIGN (0x8)
                0x20402ed8                _sheap = .
                0x204030d8                . = (. + HEAP_SIZE)
 *fill*         0x20402ed8      0x200 
                0x204030d8                . = ALIGN (0x8)
                0x204030d8                _eheap = .
                0x204030d8                . = ALIGN (0x4)
                0x204030d8                _end = .
                0x2045ffff                _ram_end_ = ((ORIGIN (ram) + LENGTH (ram)) - 0x1)
OUTPUT(SAME70_FONTS.elf elf32-littlearm)

.ARM.attributes
                0x00000000       0x2e
 .ARM.attributes
                0x00000000       0x1e c:/program files (x86)/atmel/studio/7.0/toolchain/arm/arm-gnu-toolchain/bin/../lib/gcc/arm-none-eabi/6.3.1/thumb/v7e-m/crti.o
 .ARM.attributes
                0x0000001e       0x2e c:/program files (x86)/atmel/studio/7.0/toolchain/arm/arm-gnu-toolchain/bin/../lib/gcc/arm-none-eabi/6.3.1/thumb/v7e-m/crtbegin.o
 .ARM.attributes
                0x0000004c       0x37 src/main.o
 .ARM.attributes
                0x00000083       0x37 src/ASF/common/services/spi/sam_spi/spi_master.o
 .ARM.attributes
                0x000000ba       0x37 src/ASF/sam/components/display/ili9488/ili9488.o
 .ARM.attributes
                0x000000f1       0x37 src/ASF/sam/drivers/spi/spi.o
 .ARM.attributes
                0x00000128       0x37 src/ASF/common/services/clock/same70/sysclk.o
 .ARM.attributes
                0x0000015f       0x37 src/ASF/common/utils/interrupt/interrupt_sam_nvic.o
 .ARM.attributes
                0x00000196       0x37 src/ASF/sam/boards/same70_xplained/init.o
 .ARM.attributes
                0x000001cd       0x37 src/ASF/sam/drivers/pio/pio.o
 .ARM.attributes
                0x00000204       0x37 src/ASF/sam/drivers/pio/pio_handler.o
 .ARM.attributes
                0x0000023b       0x37 src/ASF/sam/drivers/pmc/pmc.o
 .ARM.attributes
                0x00000272       0x37 src/ASF/sam/utils/cmsis/same70/source/templates/gcc/startup_same70.o
 .ARM.attributes
                0x000002a9       0x37 src/ASF/sam/utils/cmsis/same70/source/templates/system_same70.o
 .ARM.attributes
                0x000002e0       0x37 src/ASF/sam/utils/syscalls/gcc/syscalls.o
 .ARM.attributes
                0x00000317       0x2e c:/program files (x86)/atmel/studio/7.0/toolchain/arm/arm-gnu-toolchain/bin/../lib/gcc/arm-none-eabi/6.3.1/../../../../arm-none-eabi/lib/thumb/v7e-m\libc.a(lib_a-impure.o)
 .ARM.attributes
                0x00000345       0x2e c:/program files (x86)/atmel/studio/7.0/toolchain/arm/arm-gnu-toolchain/bin/../lib/gcc/arm-none-eabi/6.3.1/../../../../arm-none-eabi/lib/thumb/v7e-m\libc.a(lib_a-init.o)
 .ARM.attributes
                0x00000373       0x2e c:/program files (x86)/atmel/studio/7.0/toolchain/arm/arm-gnu-toolchain/bin/../lib/gcc/arm-none-eabi/6.3.1/../../../../arm-none-eabi/lib/thumb/v7e-m\libc.a(lib_a-memset.o)
 .ARM.attributes
                0x000003a1       0x2e c:/program files (x86)/atmel/studio/7.0/toolchain/arm/arm-gnu-toolchain/bin/../lib/gcc/arm-none-eabi/6.3.1/../../../../arm-none-eabi/lib/thumb/v7e-m\libc.a(lib_a-sprintf.o)
 .ARM.attributes
                0x000003cf       0x2e c:/program files (x86)/atmel/studio/7.0/toolchain/arm/arm-gnu-toolchain/bin/../lib/gcc/arm-none-eabi/6.3.1/../../../../arm-none-eabi/lib/thumb/v7e-m\libc.a(lib_a-svfprintf.o)
 .ARM.attributes
                0x000003fd       0x2e c:/program files (x86)/atmel/studio/7.0/toolchain/arm/arm-gnu-toolchain/bin/../lib/gcc/arm-none-eabi/6.3.1/../../../../arm-none-eabi/lib/thumb/v7e-m\libc.a(lib_a-__call_atexit.o)
 .ARM.attributes
                0x0000042b       0x2e c:/program files (x86)/atmel/studio/7.0/toolchain/arm/arm-gnu-toolchain/bin/../lib/gcc/arm-none-eabi/6.3.1/../../../../arm-none-eabi/lib/thumb/v7e-m\libc.a(lib_a-atexit.o)
 .ARM.attributes
                0x00000459       0x2e c:/program files (x86)/atmel/studio/7.0/toolchain/arm/arm-gnu-toolchain/bin/../lib/gcc/arm-none-eabi/6.3.1/../../../../arm-none-eabi/lib/thumb/v7e-m\libc.a(lib_a-dtoa.o)
 .ARM.attributes
                0x00000487       0x2e c:/program files (x86)/atmel/studio/7.0/toolchain/arm/arm-gnu-toolchain/bin/../lib/gcc/arm-none-eabi/6.3.1/../../../../arm-none-eabi/lib/thumb/v7e-m\libc.a(lib_a-fini.o)
 .ARM.attributes
                0x000004b5       0x2e c:/program files (x86)/atmel/studio/7.0/toolchain/arm/arm-gnu-toolchain/bin/../lib/gcc/arm-none-eabi/6.3.1/../../../../arm-none-eabi/lib/thumb/v7e-m\libc.a(lib_a-localeconv.o)
 .ARM.attributes
                0x000004e3       0x2e c:/program files (x86)/atmel/studio/7.0/toolchain/arm/arm-gnu-toolchain/bin/../lib/gcc/arm-none-eabi/6.3.1/../../../../arm-none-eabi/lib/thumb/v7e-m\libc.a(lib_a-lock.o)
 .ARM.attributes
                0x00000511       0x2e c:/program files (x86)/atmel/studio/7.0/toolchain/arm/arm-gnu-toolchain/bin/../lib/gcc/arm-none-eabi/6.3.1/../../../../arm-none-eabi/lib/thumb/v7e-m\libc.a(lib_a-mallocr.o)
 .ARM.attributes
                0x0000053f       0x1c c:/program files (x86)/atmel/studio/7.0/toolchain/arm/arm-gnu-toolchain/bin/../lib/gcc/arm-none-eabi/6.3.1/../../../../arm-none-eabi/lib/thumb/v7e-m\libc.a(lib_a-memchr.o)
 .ARM.attributes
                0x0000055b       0x1c c:/program files (x86)/atmel/studio/7.0/toolchain/arm/arm-gnu-toolchain/bin/../lib/gcc/arm-none-eabi/6.3.1/../../../../arm-none-eabi/lib/thumb/v7e-m\libc.a(lib_a-memcpy.o)
 .ARM.attributes
                0x00000577       0x2e c:/program files (x86)/atmel/studio/7.0/toolchain/arm/arm-gnu-toolchain/bin/../lib/gcc/arm-none-eabi/6.3.1/../../../../arm-none-eabi/lib/thumb/v7e-m\libc.a(lib_a-mlock.o)
 .ARM.attributes
                0x000005a5       0x2e c:/program files (x86)/atmel/studio/7.0/toolchain/arm/arm-gnu-toolchain/bin/../lib/gcc/arm-none-eabi/6.3.1/../../../../arm-none-eabi/lib/thumb/v7e-m\libc.a(lib_a-mprec.o)
 .ARM.attributes
                0x000005d3       0x2e c:/program files (x86)/atmel/studio/7.0/toolchain/arm/arm-gnu-toolchain/bin/../lib/gcc/arm-none-eabi/6.3.1/../../../../arm-none-eabi/lib/thumb/v7e-m\libc.a(lib_a-sbrkr.o)
 .ARM.attributes
                0x00000601       0x1c c:/program files (x86)/atmel/studio/7.0/toolchain/arm/arm-gnu-toolchain/bin/../lib/gcc/arm-none-eabi/6.3.1/../../../../arm-none-eabi/lib/thumb/v7e-m\libc.a(lib_a-strlen.o)
 .ARM.attributes
                0x0000061d       0x2e c:/program files (x86)/atmel/studio/7.0/toolchain/arm/arm-gnu-toolchain/bin/../lib/gcc/arm-none-eabi/6.3.1/../../../../arm-none-eabi/lib/thumb/v7e-m\libc.a(lib_a-svfiprintf.o)
 .ARM.attributes
                0x0000064b       0x2e c:/program files (x86)/atmel/studio/7.0/toolchain/arm/arm-gnu-toolchain/bin/../lib/gcc/arm-none-eabi/6.3.1/../../../../arm-none-eabi/lib/thumb/v7e-m\libc.a(lib_a-__atexit.o)
 .ARM.attributes
                0x00000679       0x2e c:/program files (x86)/atmel/studio/7.0/toolchain/arm/arm-gnu-toolchain/bin/../lib/gcc/arm-none-eabi/6.3.1/../../../../arm-none-eabi/lib/thumb/v7e-m\libc.a(lib_a-callocr.o)
 .ARM.attributes
                0x000006a7       0x2e c:/program files (x86)/atmel/studio/7.0/toolchain/arm/arm-gnu-toolchain/bin/../lib/gcc/arm-none-eabi/6.3.1/../../../../arm-none-eabi/lib/thumb/v7e-m\libc.a(lib_a-freer.o)
 .ARM.attributes
                0x000006d5       0x2e c:/program files (x86)/atmel/studio/7.0/toolchain/arm/arm-gnu-toolchain/bin/../lib/gcc/arm-none-eabi/6.3.1/../../../../arm-none-eabi/lib/thumb/v7e-m\libc.a(lib_a-locale.o)
 .ARM.attributes
                0x00000703       0x2e c:/program files (x86)/atmel/studio/7.0/toolchain/arm/arm-gnu-toolchain/bin/../lib/gcc/arm-none-eabi/6.3.1/../../../../arm-none-eabi/lib/thumb/v7e-m\libc.a(lib_a-mbtowc_r.o)
 .ARM.attributes
                0x00000731       0x2e c:/program files (x86)/atmel/studio/7.0/toolchain/arm/arm-gnu-toolchain/bin/../lib/gcc/arm-none-eabi/6.3.1/../../../../arm-none-eabi/lib/thumb/v7e-m\libc.a(lib_a-memmove.o)
 .ARM.attributes
                0x0000075f       0x2e c:/program files (x86)/atmel/studio/7.0/toolchain/arm/arm-gnu-toolchain/bin/../lib/gcc/arm-none-eabi/6.3.1/../../../../arm-none-eabi/lib/thumb/v7e-m\libc.a(lib_a-reallocr.o)
 .ARM.attributes
                0x0000078d       0x2e c:/program files (x86)/atmel/studio/7.0/toolchain/arm/arm-gnu-toolchain/bin/../lib/gcc/arm-none-eabi/6.3.1/../../../../arm-none-eabi/lib/thumb/v7e-m\libc.a(lib_a-reent.o)
 .ARM.attributes
                0x000007bb       0x2e c:/program files (x86)/atmel/studio/7.0/toolchain/arm/arm-gnu-toolchain/bin/../lib/gcc/arm-none-eabi/6.3.1/../../../../arm-none-eabi/lib/thumb/v7e-m\libc.a(lib_a-wctomb_r.o)
 .ARM.attributes
                0x000007e9       0x2e c:/program files (x86)/atmel/studio/7.0/toolchain/arm/arm-gnu-toolchain/bin/../lib/gcc/arm-none-eabi/6.3.1/../../../../arm-none-eabi/lib/thumb/v7e-m\libc.a(lib_a-ctype_.o)
 .ARM.attributes
                0x00000817       0x1e c:/program files (x86)/atmel/studio/7.0/toolchain/arm/arm-gnu-toolchain/bin/../lib/gcc/arm-none-eabi/6.3.1/thumb/v7e-m\libgcc.a(_arm_addsubdf3.o)
 .ARM.attributes
                0x00000835       0x1e c:/program files (x86)/atmel/studio/7.0/toolchain/arm/arm-gnu-toolchain/bin/../lib/gcc/arm-none-eabi/6.3.1/thumb/v7e-m\libgcc.a(_arm_muldivdf3.o)
 .ARM.attributes
                0x00000853       0x1e c:/program files (x86)/atmel/studio/7.0/toolchain/arm/arm-gnu-toolchain/bin/../lib/gcc/arm-none-eabi/6.3.1/thumb/v7e-m\libgcc.a(_arm_cmpdf2.o)
 .ARM.attributes
                0x00000871       0x1e c:/program files (x86)/atmel/studio/7.0/toolchain/arm/arm-gnu-toolchain/bin/../lib/gcc/arm-none-eabi/6.3.1/thumb/v7e-m\libgcc.a(_arm_unorddf2.o)
 .ARM.attributes
                0x0000088f       0x1e c:/program files (x86)/atmel/studio/7.0/toolchain/arm/arm-gnu-toolchain/bin/../lib/gcc/arm-none-eabi/6.3.1/thumb/v7e-m\libgcc.a(_arm_fixdfsi.o)
 .ARM.attributes
                0x000008ad       0x1e c:/program files (x86)/atmel/studio/7.0/toolchain/arm/arm-gnu-toolchain/bin/../lib/gcc/arm-none-eabi/6.3.1/thumb/v7e-m\libgcc.a(_aeabi_uldivmod.o)
 .ARM.attributes
                0x000008cb       0x2e c:/program files (x86)/atmel/studio/7.0/toolchain/arm/arm-gnu-toolchain/bin/../lib/gcc/arm-none-eabi/6.3.1/thumb/v7e-m\libgcc.a(_udivmoddi4.o)
 .ARM.attributes
                0x000008f9       0x1e c:/program files (x86)/atmel/studio/7.0/toolchain/arm/arm-gnu-toolchain/bin/../lib/gcc/arm-none-eabi/6.3.1/thumb/v7e-m\libgcc.a(_dvmd_tls.o)
 .ARM.attributes
                0x00000917       0x1e c:/program files (x86)/atmel/studio/7.0/toolchain/arm/arm-gnu-toolchain/bin/../lib/gcc/arm-none-eabi/6.3.1/thumb/v7e-m/crtn.o

.comment        0x00000000       0x59
 .comment       0x00000000       0x59 src/main.o
                                 0x5a (size before relaxing)
 .comment       0x00000059       0x5a src/ASF/common/services/spi/sam_spi/spi_master.o
 .comment       0x00000059       0x5a src/ASF/sam/components/display/ili9488/ili9488.o
 .comment       0x00000059       0x5a src/ASF/sam/drivers/spi/spi.o
 .comment       0x00000059       0x5a src/ASF/common/services/clock/same70/sysclk.o
 .comment       0x00000059       0x5a src/ASF/common/utils/interrupt/interrupt_sam_nvic.o
 .comment       0x00000059       0x5a src/ASF/sam/boards/same70_xplained/init.o
 .comment       0x00000059       0x5a src/ASF/sam/drivers/pio/pio.o
 .comment       0x00000059       0x5a src/ASF/sam/drivers/pio/pio_handler.o
 .comment       0x00000059       0x5a src/ASF/sam/drivers/pmc/pmc.o
 .comment       0x00000059       0x5a src/ASF/sam/utils/cmsis/same70/source/templates/gcc/startup_same70.o
 .comment       0x00000059       0x5a src/ASF/sam/utils/cmsis/same70/source/templates/system_same70.o
 .comment       0x00000059       0x5a src/ASF/sam/utils/syscalls/gcc/syscalls.o

.debug_info     0x00000000    0x13254
 .debug_info    0x00000000     0x30bd src/main.o
 .debug_info    0x000030bd     0x143e src/ASF/common/services/spi/sam_spi/spi_master.o
 .debug_info    0x000044fb     0x208c src/ASF/sam/components/display/ili9488/ili9488.o
 .debug_info    0x00006587     0x1123 src/ASF/sam/drivers/spi/spi.o
 .debug_info    0x000076aa     0x1311 src/ASF/common/services/clock/same70/sysclk.o
 .debug_info    0x000089bb      0xb06 src/ASF/common/utils/interrupt/interrupt_sam_nvic.o
 .debug_info    0x000094c1     0x1dad src/ASF/sam/boards/same70_xplained/init.o
 .debug_info    0x0000b26e     0x1ce3 src/ASF/sam/drivers/pio/pio.o
 .debug_info    0x0000cf51     0x1a74 src/ASF/sam/drivers/pio/pio_handler.o
 .debug_info    0x0000e9c5     0x1eed src/ASF/sam/drivers/pmc/pmc.o
 .debug_info    0x000108b2     0x1612 src/ASF/sam/utils/cmsis/same70/source/templates/gcc/startup_same70.o
 .debug_info    0x00011ec4      0x5d4 src/ASF/sam/utils/cmsis/same70/source/templates/system_same70.o
 .debug_info    0x00012498      0xdbc src/ASF/sam/utils/syscalls/gcc/syscalls.o

.debug_abbrev   0x00000000     0x22be
 .debug_abbrev  0x00000000      0x317 src/main.o
 .debug_abbrev  0x00000317      0x305 src/ASF/common/services/spi/sam_spi/spi_master.o
 .debug_abbrev  0x0000061c      0x2f4 src/ASF/sam/components/display/ili9488/ili9488.o
 .debug_abbrev  0x00000910      0x2cf src/ASF/sam/drivers/spi/spi.o
 .debug_abbrev  0x00000bdf      0x296 src/ASF/common/services/clock/same70/sysclk.o
 .debug_abbrev  0x00000e75      0x214 src/ASF/common/utils/interrupt/interrupt_sam_nvic.o
 .debug_abbrev  0x00001089      0x3f4 src/ASF/sam/boards/same70_xplained/init.o
 .debug_abbrev  0x0000147d      0x296 src/ASF/sam/drivers/pio/pio.o
 .debug_abbrev  0x00001713      0x2c9 src/ASF/sam/drivers/pio/pio_handler.o
 .debug_abbrev  0x000019dc      0x2ce src/ASF/sam/drivers/pmc/pmc.o
 .debug_abbrev  0x00001caa      0x2e8 src/ASF/sam/utils/cmsis/same70/source/templates/gcc/startup_same70.o
 .debug_abbrev  0x00001f92      0x102 src/ASF/sam/utils/cmsis/same70/source/templates/system_same70.o
 .debug_abbrev  0x00002094      0x22a src/ASF/sam/utils/syscalls/gcc/syscalls.o

.debug_loc      0x00000000     0x57d8
 .debug_loc     0x00000000      0x288 src/main.o
 .debug_loc     0x00000288      0x830 src/ASF/common/services/spi/sam_spi/spi_master.o
 .debug_loc     0x00000ab8      0xd20 src/ASF/sam/components/display/ili9488/ili9488.o
 .debug_loc     0x000017d8      0x630 src/ASF/sam/drivers/spi/spi.o
 .debug_loc     0x00001e08      0x4a0 src/ASF/common/services/clock/same70/sysclk.o
 .debug_loc     0x000022a8       0xa0 src/ASF/common/utils/interrupt/interrupt_sam_nvic.o
 .debug_loc     0x00002348      0x2fc src/ASF/sam/boards/same70_xplained/init.o
 .debug_loc     0x00002644     0x1174 src/ASF/sam/drivers/pio/pio.o
 .debug_loc     0x000037b8      0x38c src/ASF/sam/drivers/pio/pio_handler.o
 .debug_loc     0x00003b44     0x1744 src/ASF/sam/drivers/pmc/pmc.o
 .debug_loc     0x00005288      0x16c src/ASF/sam/utils/cmsis/same70/source/templates/gcc/startup_same70.o
 .debug_loc     0x000053f4       0xe4 src/ASF/sam/utils/cmsis/same70/source/templates/system_same70.o
 .debug_loc     0x000054d8      0x300 src/ASF/sam/utils/syscalls/gcc/syscalls.o

.debug_aranges  0x00000000      0x9c0
 .debug_aranges
                0x00000000       0x60 src/main.o
 .debug_aranges
                0x00000060       0xe0 src/ASF/common/services/spi/sam_spi/spi_master.o
 .debug_aranges
                0x00000140      0x168 src/ASF/sam/components/display/ili9488/ili9488.o
 .debug_aranges
                0x000002a8       0xa8 src/ASF/sam/drivers/spi/spi.o
 .debug_aranges
                0x00000350       0x98 src/ASF/common/services/clock/same70/sysclk.o
 .debug_aranges
                0x000003e8       0x28 src/ASF/common/utils/interrupt/interrupt_sam_nvic.o
 .debug_aranges
                0x00000410       0x68 src/ASF/sam/boards/same70_xplained/init.o
 .debug_aranges
                0x00000478      0x1a8 src/ASF/sam/drivers/pio/pio.o
 .debug_aranges
                0x00000620       0x80 src/ASF/sam/drivers/pio/pio_handler.o
 .debug_aranges
                0x000006a0      0x250 src/ASF/sam/drivers/pmc/pmc.o
 .debug_aranges
                0x000008f0       0x40 src/ASF/sam/utils/cmsis/same70/source/templates/gcc/startup_same70.o
 .debug_aranges
                0x00000930       0x30 src/ASF/sam/utils/cmsis/same70/source/templates/system_same70.o
 .debug_aranges
                0x00000960       0x60 src/ASF/sam/utils/syscalls/gcc/syscalls.o

.debug_ranges   0x00000000      0x968
 .debug_ranges  0x00000000       0x50 src/main.o
 .debug_ranges  0x00000050       0xd0 src/ASF/common/services/spi/sam_spi/spi_master.o
 .debug_ranges  0x00000120      0x158 src/ASF/sam/components/display/ili9488/ili9488.o
 .debug_ranges  0x00000278       0x98 src/ASF/sam/drivers/spi/spi.o
 .debug_ranges  0x00000310       0x88 src/ASF/common/services/clock/same70/sysclk.o
 .debug_ranges  0x00000398       0x18 src/ASF/common/utils/interrupt/interrupt_sam_nvic.o
 .debug_ranges  0x000003b0       0xd0 src/ASF/sam/boards/same70_xplained/init.o
 .debug_ranges  0x00000480      0x198 src/ASF/sam/drivers/pio/pio.o
 .debug_ranges  0x00000618       0x70 src/ASF/sam/drivers/pio/pio_handler.o
 .debug_ranges  0x00000688      0x240 src/ASF/sam/drivers/pmc/pmc.o
 .debug_ranges  0x000008c8       0x30 src/ASF/sam/utils/cmsis/same70/source/templates/gcc/startup_same70.o
 .debug_ranges  0x000008f8       0x20 src/ASF/sam/utils/cmsis/same70/source/templates/system_same70.o
 .debug_ranges  0x00000918       0x50 src/ASF/sam/utils/syscalls/gcc/syscalls.o

.debug_macro    0x00000000     0x72d6
 .debug_macro   0x00000000      0x859 src/main.o
 .debug_macro   0x00000859       0x3a src/main.o
 .debug_macro   0x00000893      0x2c3 src/main.o
 .debug_macro   0x00000b56      0xa91 src/main.o
 .debug_macro   0x000015e7       0x70 src/main.o
 .debug_macro   0x00001657       0x64 src/main.o
 .debug_macro   0x000016bb       0x5f src/main.o
 .debug_macro   0x0000171a       0xac src/main.o
 .debug_macro   0x000017c6       0x28 src/main.o
 .debug_macro   0x000017ee       0x22 src/main.o
 .debug_macro   0x00001810       0x16 src/main.o
 .debug_macro   0x00001826      0x41e src/main.o
 .debug_macro   0x00001c44       0x94 src/main.o
 .debug_macro   0x00001cd8       0x40 src/main.o
 .debug_macro   0x00001d18       0x88 src/main.o
 .debug_macro   0x00001da0      0x1c8 src/main.o
 .debug_macro   0x00001f68       0x34 src/main.o
 .debug_macro   0x00001f9c       0x16 src/main.o
 .debug_macro   0x00001fb2       0x1c src/main.o
 .debug_macro   0x00001fce       0x16 src/main.o
 .debug_macro   0x00001fe4       0x28 src/main.o
 .debug_macro   0x0000200c       0x2e src/main.o
 .debug_macro   0x0000203a      0x733 src/ASF/common/services/spi/sam_spi/spi_master.o
 .debug_macro   0x0000276d      0x772 src/ASF/sam/components/display/ili9488/ili9488.o
 .debug_macro   0x00002edf       0x16 src/ASF/sam/components/display/ili9488/ili9488.o
 .debug_macro   0x00002ef5      0x6fb src/ASF/sam/drivers/spi/spi.o
 .debug_macro   0x000035f0       0x10 src/ASF/sam/drivers/spi/spi.o
 .debug_macro   0x00003600      0x6f2 src/ASF/common/services/clock/same70/sysclk.o
 .debug_macro   0x00003cf2      0x2bd src/ASF/common/services/clock/same70/sysclk.o
 .debug_macro   0x00003faf      0x676 src/ASF/common/utils/interrupt/interrupt_sam_nvic.o
 .debug_macro   0x00004625      0x72e src/ASF/sam/boards/same70_xplained/init.o
 .debug_macro   0x00004d53       0x16 src/ASF/sam/boards/same70_xplained/init.o
 .debug_macro   0x00004d69       0x82 src/ASF/sam/boards/same70_xplained/init.o
 .debug_macro   0x00004deb      0x68c src/ASF/sam/drivers/pio/pio.o
 .debug_macro   0x00005477       0x8e src/ASF/sam/drivers/pio/pio.o
 .debug_macro   0x00005505      0x697 src/ASF/sam/drivers/pio/pio_handler.o
 .debug_macro   0x00005b9c      0x68c src/ASF/sam/drivers/pmc/pmc.o
 .debug_macro   0x00006228       0x6a src/ASF/sam/drivers/pmc/pmc.o
 .debug_macro   0x00006292      0x685 src/ASF/sam/utils/cmsis/same70/source/templates/gcc/startup_same70.o
 .debug_macro   0x00006917       0x10 src/ASF/sam/utils/cmsis/same70/source/templates/gcc/startup_same70.o
 .debug_macro   0x00006927      0x473 src/ASF/sam/utils/cmsis/same70/source/templates/system_same70.o
 .debug_macro   0x00006d9a      0x1d6 src/ASF/sam/utils/syscalls/gcc/syscalls.o
 .debug_macro   0x00006f70       0x97 src/ASF/sam/utils/syscalls/gcc/syscalls.o
 .debug_macro   0x00007007       0xf6 src/ASF/sam/utils/syscalls/gcc/syscalls.o
 .debug_macro   0x000070fd       0x4c src/ASF/sam/utils/syscalls/gcc/syscalls.o
 .debug_macro   0x00007149       0x16 src/ASF/sam/utils/syscalls/gcc/syscalls.o
 .debug_macro   0x0000715f       0x10 src/ASF/sam/utils/syscalls/gcc/syscalls.o
 .debug_macro   0x0000716f       0x10 src/ASF/sam/utils/syscalls/gcc/syscalls.o
 .debug_macro   0x0000717f       0x35 src/ASF/sam/utils/syscalls/gcc/syscalls.o
 .debug_macro   0x000071b4      0x122 src/ASF/sam/utils/syscalls/gcc/syscalls.o

.debug_line     0x00000000     0xa1ac
 .debug_line    0x00000000      0xef1 src/main.o
 .debug_line    0x00000ef1      0xdd7 src/ASF/common/services/spi/sam_spi/spi_master.o
 .debug_line    0x00001cc8     0x1216 src/ASF/sam/components/display/ili9488/ili9488.o
 .debug_line    0x00002ede      0xcbe src/ASF/sam/drivers/spi/spi.o
 .debug_line    0x00003b9c      0xc89 src/ASF/common/services/clock/same70/sysclk.o
 .debug_line    0x00004825      0xa2a src/ASF/common/utils/interrupt/interrupt_sam_nvic.o
 .debug_line    0x0000524f      0xd9a src/ASF/sam/boards/same70_xplained/init.o
 .debug_line    0x00005fe9      0xe39 src/ASF/sam/drivers/pio/pio.o
 .debug_line    0x00006e22      0xb3a src/ASF/sam/drivers/pio/pio_handler.o
 .debug_line    0x0000795c     0x1116 src/ASF/sam/drivers/pmc/pmc.o
 .debug_line    0x00008a72      0xae2 src/ASF/sam/utils/cmsis/same70/source/templates/gcc/startup_same70.o
 .debug_line    0x00009554      0x841 src/ASF/sam/utils/cmsis/same70/source/templates/system_same70.o
 .debug_line    0x00009d95      0x417 src/ASF/sam/utils/syscalls/gcc/syscalls.o

.debug_str      0x00000000    0x93f2a
 .debug_str     0x00000000    0x90989 src/main.o
                              0x91a52 (size before relaxing)
 .debug_str     0x00090989      0x64a src/ASF/common/services/spi/sam_spi/spi_master.o
                              0x8cf3d (size before relaxing)
 .debug_str     0x00090fd3      0x6ef src/ASF/sam/components/display/ili9488/ili9488.o
                              0x8eb15 (size before relaxing)
 .debug_str     0x000916c2      0x20e src/ASF/sam/drivers/spi/spi.o
                              0x8cb4a (size before relaxing)
 .debug_str     0x000918d0      0x484 src/ASF/common/services/clock/same70/sysclk.o
                              0x8cc45 (size before relaxing)
 .debug_str     0x00091d54       0x94 src/ASF/common/utils/interrupt/interrupt_sam_nvic.o
                              0x88552 (size before relaxing)
 .debug_str     0x00091de8      0x512 src/ASF/sam/boards/same70_xplained/init.o
                              0x8d704 (size before relaxing)
 .debug_str     0x000922fa      0x52b src/ASF/sam/drivers/pio/pio.o