Archive member included to satisfy reference by file (symbol)

c:/program files (x86)/atmel/studio/7.0/toolchain/arm/arm-gnu-toolchain/bin/../lib/gcc/arm-none-eabi/6.3.1/../../../../arm-none-eabi/lib/thumb/v7e-m\libc.a(lib_a-exit.o)
                              c:/program files (x86)/atmel/studio/7.0/toolchain/arm/arm-gnu-toolchain/bin/../lib/gcc/arm-none-eabi/6.3.1/../../../../arm-none-eabi/lib/thumb/v7e-m/crt0.o (exit)
c:/program files (x86)/atmel/studio/7.0/toolchain/arm/arm-gnu-toolchain/bin/../lib/gcc/arm-none-eabi/6.3.1/../../../../arm-none-eabi/lib/thumb/v7e-m\libc.a(lib_a-impure.o)
                              c:/program files (x86)/atmel/studio/7.0/toolchain/arm/arm-gnu-toolchain/bin/../lib/gcc/arm-none-eabi/6.3.1/../../../../arm-none-eabi/lib/thumb/v7e-m\libc.a(lib_a-exit.o) (_global_impure_ptr)
c:/program files (x86)/atmel/studio/7.0/toolchain/arm/arm-gnu-toolchain/bin/../lib/gcc/arm-none-eabi/6.3.1/../../../../arm-none-eabi/lib/thumb/v7e-m\libc.a(lib_a-init.o)
                              c:/program files (x86)/atmel/studio/7.0/toolchain/arm/arm-gnu-toolchain/bin/../lib/gcc/arm-none-eabi/6.3.1/../../../../arm-none-eabi/lib/thumb/v7e-m/crt0.o (__libc_init_array)
c:/program files (x86)/atmel/studio/7.0/toolchain/arm/arm-gnu-toolchain/bin/../lib/gcc/arm-none-eabi/6.3.1/../../../../arm-none-eabi/lib/thumb/v7e-m\libc.a(lib_a-memset.o)
                              c:/program files (x86)/atmel/studio/7.0/toolchain/arm/arm-gnu-toolchain/bin/../lib/gcc/arm-none-eabi/6.3.1/../../../../arm-none-eabi/lib/thumb/v7e-m/crt0.o (memset)
c:/program files (x86)/atmel/studio/7.0/toolchain/arm/arm-gnu-toolchain/bin/../lib/gcc/arm-none-eabi/6.3.1/../../../../arm-none-eabi/lib/thumb/v7e-m\libc.a(lib_a-sprintf.o)
                              src/main.o (sprintf)
c:/program files (x86)/atmel/studio/7.0/toolchain/arm/arm-gnu-toolchain/bin/../lib/gcc/arm-none-eabi/6.3.1/../../../../arm-none-eabi/lib/thumb/v7e-m\libc.a(lib_a-svfprintf.o)
                              c:/program files (x86)/atmel/studio/7.0/toolchain/arm/arm-gnu-toolchain/bin/../lib/gcc/arm-none-eabi/6.3.1/../../../../arm-none-eabi/lib/thumb/v7e-m\libc.a(lib_a-sprintf.o) (_svfprintf_r)
c:/program files (x86)/atmel/studio/7.0/toolchain/arm/arm-gnu-toolchain/bin/../lib/gcc/arm-none-eabi/6.3.1/../../../../arm-none-eabi/lib/thumb/v7e-m\libc.a(lib_a-__call_atexit.o)
                              c:/program files (x86)/atmel/studio/7.0/toolchain/arm/arm-gnu-toolchain/bin/../lib/gcc/arm-none-eabi/6.3.1/../../../../arm-none-eabi/lib/thumb/v7e-m\libc.a(lib_a-exit.o) (__call_exitprocs)
c:/program files (x86)/atmel/studio/7.0/toolchain/arm/arm-gnu-toolchain/bin/../lib/gcc/arm-none-eabi/6.3.1/../../../../arm-none-eabi/lib/thumb/v7e-m\libc.a(lib_a-atexit.o)
                              c:/program files (x86)/atmel/studio/7.0/toolchain/arm/arm-gnu-toolchain/bin/../lib/gcc/arm-none-eabi/6.3.1/../../../../arm-none-eabi/lib/thumb/v7e-m\libc.a(lib_a-__call_atexit.o) (atexit)
c:/program files (x86)/atmel/studio/7.0/toolchain/arm/arm-gnu-toolchain/bin/../lib/gcc/arm-none-eabi/6.3.1/../../../../arm-none-eabi/lib/thumb/v7e-m\libc.a(lib_a-dtoa.o)
                              c:/program files (x86)/atmel/studio/7.0/toolchain/arm/arm-gnu-toolchain/bin/../lib/gcc/arm-none-eabi/6.3.1/../../../../arm-none-eabi/lib/thumb/v7e-m\libc.a(lib_a-svfprintf.o) (_dtoa_r)
c:/program files (x86)/atmel/studio/7.0/toolchain/arm/arm-gnu-toolchain/bin/../lib/gcc/arm-none-eabi/6.3.1/../../../../arm-none-eabi/lib/thumb/v7e-m\libc.a(lib_a-fini.o)
                              c:/program files (x86)/atmel/studio/7.0/toolchain/arm/arm-gnu-toolchain/bin/../lib/gcc/arm-none-eabi/6.3.1/../../../../arm-none-eabi/lib/thumb/v7e-m\libc.a(lib_a-__call_atexit.o) (__libc_fini_array)
c:/program files (x86)/atmel/studio/7.0/toolchain/arm/arm-gnu-toolchain/bin/../lib/gcc/arm-none-eabi/6.3.1/../../../../arm-none-eabi/lib/thumb/v7e-m\libc.a(lib_a-localeconv.o)
                              c:/program files (x86)/atmel/studio/7.0/toolchain/arm/arm-gnu-toolchain/bin/../lib/gcc/arm-none-eabi/6.3.1/../../../../arm-none-eabi/lib/thumb/v7e-m\libc.a(lib_a-svfprintf.o) (_localeconv_r)
c:/program files (x86)/atmel/studio/7.0/toolchain/arm/arm-gnu-toolchain/bin/../lib/gcc/arm-none-eabi/6.3.1/../../../../arm-none-eabi/lib/thumb/v7e-m\libc.a(lib_a-lock.o)
                              c:/program files (x86)/atmel/studio/7.0/toolchain/arm/arm-gnu-toolchain/bin/../lib/gcc/arm-none-eabi/6.3.1/../../../../arm-none-eabi/lib/thumb/v7e-m\libc.a(lib_a-__call_atexit.o) (__retarget_lock_acquire_recursive)
c:/program files (x86)/atmel/studio/7.0/toolchain/arm/arm-gnu-toolchain/bin/../lib/gcc/arm-none-eabi/6.3.1/../../../../arm-none-eabi/lib/thumb/v7e-m\libc.a(lib_a-mallocr.o)
                              c:/program files (x86)/atmel/studio/7.0/toolchain/arm/arm-gnu-toolchain/bin/../lib/gcc/arm-none-eabi/6.3.1/../../../../arm-none-eabi/lib/thumb/v7e-m\libc.a(lib_a-svfprintf.o) (_malloc_r)
[...]
Memory Configuration

Name             Origin             Length             Attributes
rom              0x00400000         0x00200000         xr
ram              0x20400000         0x00060000         xrw
*default*        0x00000000         0xffffffff

Linker script and memory map

LOAD c:/program files (x86)/atmel/studio/7.0/toolchain/arm/arm-gnu-toolchain/bin/../lib/gcc/arm-none-eabi/6.3.1/thumb/v7e-m/crti.o
LOAD c:/program files (x86)/atmel/studio/7.0/toolchain/arm/arm-gnu-toolchain/bin/../lib/gcc/arm-none-eabi/6.3.1/thumb/v7e-m/crtbegin.o
LOAD c:/program files (x86)/atmel/studio/7.0/toolchain/arm/arm-gnu-toolchain/bin/../lib/gcc/arm-none-eabi/6.3.1/../../../../arm-none-eabi/lib/thumb/v7e-m/crt0.o
LOAD src/ASF/sam/drivers/rtc/rtc.o
LOAD src/ASF/sam/drivers/tc/tc.o
LOAD src/main.o
LOAD src/ASF/common/services/delay/sam/cycle_counter.o
LOAD src/ASF/common/services/spi/sam_spi/spi_master.o
LOAD src/ASF/sam/components/display/ili9488/ili9488.o
LOAD src/ASF/sam/drivers/spi/spi.o
LOAD src/ASF/common/services/clock/same70/sysclk.o
LOAD src/ASF/common/utils/interrupt/interrupt_sam_nvic.o
LOAD src/ASF/sam/boards/same70_xplained/init.o
LOAD src/ASF/sam/drivers/mpu/mpu.o
LOAD src/ASF/sam/drivers/pio/pio.o
LOAD src/ASF/sam/drivers/pio/pio_handler.o
LOAD src/ASF/sam/drivers/pmc/pmc.o
LOAD src/ASF/sam/drivers/pmc/sleep.o
LOAD src/ASF/sam/utils/cmsis/same70/source/templates/gcc/startup_same70.o
LOAD src/ASF/sam/utils/cmsis/same70/source/templates/system_same70.o
LOAD src/ASF/sam/utils/syscalls/gcc/syscalls.o
START GROUP
LOAD ../src/ASF/thirdparty/CMSIS/Lib/GCC\libarm_cortexM7lfsp_math_softfp.a
LOAD c:/program files (x86)/atmel/studio/7.0/toolchain/arm/arm-gnu-toolchain/bin/../lib/gcc/arm-none-eabi/6.3.1/../../../../arm-none-eabi/lib/thumb/v7e-m\libm.a
END GROUP
START GROUP
LOAD c:/program files (x86)/atmel/studio/7.0/toolchain/arm/arm-gnu-toolchain/bin/../lib/gcc/arm-none-eabi/6.3.1/thumb/v7e-m\libgcc.a
LOAD c:/program files (x86)/atmel/studio/7.0/toolchain/arm/arm-gnu-toolchain/bin/../lib/gcc/arm-none-eabi/6.3.1/../../../../arm-none-eabi/lib/thumb/v7e-m\libc.a
END GROUP
LOAD c:/program files (x86)/atmel/studio/7.0/toolchain/arm/arm-gnu-toolchain/bin/../lib/gcc/arm-none-eabi/6.3.1/thumb/v7e-m/crtend.o
LOAD c:/program files (x86)/atmel/studio/7.0/toolchain/arm/arm-gnu-toolchain/bin/../lib/gcc/arm-none-eabi/6.3.1/thumb/v7e-m/crtn.o
                0x00002000                STACK_SIZE = DEFINED (STACK_SIZE)?STACK_SIZE:0x2000
                0x2045fffc                __ram_end__ = ((ORIGIN (ram) + LENGTH (ram)) - 0x4)
                0x00000200                HEAP_SIZE = DEFINED (HEAP_SIZE)?HEAP_SIZE:0x200

.text           0x00400000    0x341cc
                0x00400000                . = ALIGN (0x4)
                0x00400000                _sfixed = .
 *(.vectors .vectors.*)
 .vectors       0x00400000      0x168 src/ASF/sam/utils/cmsis/same70/source/templates/gcc/startup_same70.o
                0x00400000                exception_table
 *(.text .text.* .gnu.linkonce.t.*)
 .text          0x00400168       0x6c c:/program files (x86)/atmel/studio/7.0/toolchain/arm/arm-gnu-toolchain/bin/../lib/gcc/arm-none-eabi/6.3.1/thumb/v7e-m/crtbegin.o
 .text.NVIC_EnableIRQ
                0x004001d4       0x34 src/main.o
 .text.NVIC_SetPriority
                0x00400208       0x54 src/main.o
 .text.but1_callback
                0x0040025c       0x20 src/main.o
                0x0040025c                but1_callback
 .text.but2_callback
                0x0040027c        0xe src/main.o
                0x0040027c                but2_callback
 *fill*         0x0040028a        0x2 
 .text.configure_lcd
                0x0040028c       0x4c src/main.o
                0x0040028c                configure_lcd
 .text.init     0x004002d8       0xd4 src/main.o
                0x004002d8                init
 .text.font_draw_text
                0x004003ac       0x88 src/main.o
                0x004003ac                font_draw_text
 .text.main     0x00400434       0xc4 src/main.o
                0x00400434                main
 .text.osc_get_rate
                0x004004f8       0x74 src/ASF/common/services/spi/sam_spi/spi_master.o
 .text.sysclk_get_main_hz
                0x0040056c       0x20 src/ASF/common/services/spi/sam_spi/spi_master.o
 .text.sysclk_get_peripheral_hz
                0x0040058c       0x14 src/ASF/common/services/spi/sam_spi/spi_master.o
 .text.spi_reset
                0x004005a0       0x1a src/ASF/common/services/spi/sam_spi/spi_master.o
 .text.spi_set_master_mode
                0x004005ba       0x20 src/ASF/common/services/spi/sam_spi/spi_master.o
 .text.spi_set_fixed_peripheral_select
                0x004005da       0x20 src/ASF/common/services/spi/sam_spi/spi_master.o
 .text.spi_disable_peripheral_select_decode
                0x004005fa       0x20 src/ASF/common/services/spi/sam_spi/spi_master.o
 .text.spi_get_peripheral_select_decode_setting
                0x0040061a       0x26 src/ASF/common/services/spi/sam_spi/spi_master.o
 .text.spi_disable_mode_fault_detect
                0x00400640       0x20 src/ASF/common/services/spi/sam_spi/spi_master.o
 .text.spi_disable_loopback
                0x00400660       0x20 src/ASF/common/services/spi/sam_spi/spi_master.o
 .text.spi_put  0x00400680       0x1e src/ASF/common/services/spi/sam_spi/spi_master.o
 .text.spi_get  0x0040069e       0x1a src/ASF/common/services/spi/sam_spi/spi_master.o
 .text.spi_is_tx_ready
                0x004006b8       0x26 src/ASF/common/services/spi/sam_spi/spi_master.o
 .text.spi_is_rx_ready
                0x004006de       0x2c src/ASF/common/services/spi/sam_spi/spi_master.o
 *fill*         0x0040070a        0x2 
 .text.spi_write_single
                0x0040070c       0x24 src/ASF/common/services/spi/sam_spi/spi_master.o
 .text.spi_read_single
                0x00400730       0x24 src/ASF/common/services/spi/sam_spi/spi_master.o
 .text.spi_master_init
                0x00400754       0x70 src/ASF/common/services/spi/sam_spi/spi_master.o
                0x00400754                spi_master_init
 .text.spi_master_setup_device
                0x004007c4       0xb4 src/ASF/common/services/spi/sam_spi/spi_master.o
                0x004007c4                spi_master_setup_device
 .text.spi_select_device
                0x00400878       0x58 src/ASF/common/services/spi/sam_spi/spi_master.o
                0x00400878                spi_select_device
 .text.spi_write_packet
                0x004008d0       0x74 src/ASF/common/services/spi/sam_spi/spi_master.o
                0x004008d0                spi_write_packet
 .text.spi_read_packet
                0x00400944       0xac src/ASF/common/services/spi/sam_spi/spi_master.o
                0x00400944                spi_read_packet
 .text.spi_enable
                0x004009f0       0x1a src/ASF/sam/components/display/ili9488/ili9488.o
 .text.spi_enable_interrupt
                0x00400a0a       0x1c src/ASF/sam/components/display/ili9488/ili9488.o
 *fill*         0x00400a26        0x2 
 .text.ili9488_write_ram_prepare
                0x00400a28       0x40 src/ASF/sam/components/display/ili9488/ili9488.o
 .text.ili9488_write_ram_buffer
                0x00400a68       0x40 src/ASF/sam/components/display/ili9488/ili9488.o
 .text.ili9488_write_register
                0x00400aa8       0x78 src/ASF/sam/components/display/ili9488/ili9488.o
 .text.ili9488_read_chipid
                0x00400b20       0xcc src/ASF/sam/components/display/ili9488/ili9488.o
 .text.ili9488_delay
                0x00400bec       0x40 src/ASF/sam/components/display/ili9488/ili9488.o
                0x00400bec                ili9488_delay
 .text.ili9488_check_box_coordinates
                0x00400c2c       0xa2 src/ASF/sam/components/display/ili9488/ili9488.o
 *fill*         0x00400cce        0x2 
 .text.ili9488_set_display_direction
                0x00400cd0       0x34 src/ASF/sam/components/display/ili9488/ili9488.o
                0x00400cd0                ili9488_set_display_direction
 .text.ili9488_set_window
                0x00400d04       0xc8 src/ASF/sam/components/display/ili9488/ili9488.o
                0x00400d04                ili9488_set_window
 .text.ili9488_init
                0x00400dcc      0x15c src/ASF/sam/components/display/ili9488/ili9488.o
                0x00400dcc                ili9488_init
 .text.ili9488_display_on
                0x00400f28       0x18 src/ASF/sam/components/display/ili9488/ili9488.o
                0x00400f28                ili9488_display_on
 .text.ili9488_set_foreground_color
                0x00400f40       0x54 src/ASF/sam/components/display/ili9488/ili9488.o
                0x00400f40                ili9488_set_foreground_color
 .text.ili9488_set_cursor_position
                0x00400f94       0x84 src/ASF/sam/components/display/ili9488/ili9488.o
                0x00400f94                ili9488_set_cursor_position
 .text.ili9488_draw_filled_rectangle
                0x00401018       0xdc src/ASF/sam/components/display/ili9488/ili9488.o
                0x00401018                ili9488_draw_filled_rectangle
 .text.ili9488_draw_pixmap
                0x004010f4       0xb4 src/ASF/sam/components/display/ili9488/ili9488.o
                0x004010f4                ili9488_draw_pixmap
 .text.spi_get_peripheral_select_mode
                0x004011a8       0x26 src/ASF/sam/drivers/spi/spi.o
 *fill*         0x004011ce        0x2 
 .text.sysclk_enable_peripheral_clock
                0x004011d0       0x1c src/ASF/sam/drivers/spi/spi.o
 .text.spi_enable_clock
                0x004011ec       0x3c src/ASF/sam/drivers/spi/spi.o
                0x004011ec                spi_enable_clock
 .text.spi_set_peripheral_chip_select_value
                0x00401228       0x34 src/ASF/sam/drivers/spi/spi.o
                0x00401228                spi_set_peripheral_chip_select_value
 .text.spi_set_delay_between_chip_select
                0x0040125c       0x30 src/ASF/sam/drivers/spi/spi.o
                0x0040125c                spi_set_delay_between_chip_select
 .text.spi_write
                0x0040128c       0x80 src/ASF/sam/drivers/spi/spi.o
                0x0040128c                spi_write
 .text.spi_set_clock_polarity
                0x0040130c       0x50 src/ASF/sam/drivers/spi/spi.o
                0x0040130c                spi_set_clock_polarity
 .text.spi_set_clock_phase
                0x0040135c       0x50 src/ASF/sam/drivers/spi/spi.o
                0x0040135c                spi_set_clock_phase
 .text.spi_configure_cs_behavior
                0x004013ac       0xa6 src/ASF/sam/drivers/spi/spi.o
                0x004013ac                spi_configure_cs_behavior
 .text.spi_set_bits_per_transfer
                0x00401452       0x4a src/ASF/sam/drivers/spi/spi.o
                0x00401452                spi_set_bits_per_transfer
 .text.spi_calc_baudrate_div
                0x0040149c       0x3c src/ASF/sam/drivers/spi/spi.o
                0x0040149c                spi_calc_baudrate_div
 .text.spi_set_baudrate_div
                0x004014d8       0x5e src/ASF/sam/drivers/spi/spi.o
                0x004014d8                spi_set_baudrate_div
 .text.spi_set_transfer_delay
                0x00401536       0x5e src/ASF/sam/drivers/spi/spi.o
                0x00401536                spi_set_transfer_delay
 .text.osc_enable
                0x00401594       0x88 src/ASF/common/services/clock/same70/sysclk.o
 .text.osc_is_ready
                0x0040161c       0x70 src/ASF/common/services/clock/same70/sysclk.o
 .text.osc_get_rate
                0x0040168c       0x74 src/ASF/common/services/clock/same70/sysclk.o
 .text.osc_wait_ready
                0x00401700       0x2c src/ASF/common/services/clock/same70/sysclk.o
 .text.pll_config_init
                0x0040172c       0x6c src/ASF/common/services/clock/same70/sysclk.o
 .text.pll_enable
                0x00401798       0x40 src/ASF/common/services/clock/same70/sysclk.o
 .text.pll_is_locked
                0x004017d8       0x2c src/ASF/common/services/clock/same70/sysclk.o
 .text.pll_enable_source
                0x00401804       0x38 src/ASF/common/services/clock/same70/sysclk.o
 .text.pll_wait_for_lock
                0x0040183c       0x24 src/ASF/common/services/clock/same70/sysclk.o
 .text.sysclk_get_main_hz
                0x00401860       0x20 src/ASF/common/services/clock/same70/sysclk.o
 .text.sysclk_get_cpu_hz
                0x00401880       0x14 src/ASF/common/services/clock/same70/sysclk.o
 .text.sysclk_init
                0x00401894       0x7c src/ASF/common/services/clock/same70/sysclk.o
                0x00401894                sysclk_init
 .text.SCB_EnableICache
                0x00401910       0x38 src/ASF/sam/boards/same70_xplained/init.o
 .text.SCB_EnableDCache
                0x00401948       0xa4 src/ASF/sam/boards/same70_xplained/init.o
 .text.sysclk_enable_peripheral_clock
                0x004019ec       0x1c src/ASF/sam/boards/same70_xplained/init.o
 .text.ioport_init
                0x00401a08       0x2c src/ASF/sam/boards/same70_xplained/init.o
 .text.ioport_set_pin_mode
                0x00401a34      0x11c src/ASF/sam/boards/same70_xplained/init.o
 .text.ioport_set_pin_dir
                0x00401b50       0x88 src/ASF/sam/boards/same70_xplained/init.o
 .text.ioport_set_pin_level
                0x00401bd8       0x6c src/ASF/sam/boards/same70_xplained/init.o
 .text.ioport_set_pin_sense_mode
                0x00401c44       0xd0 src/ASF/sam/boards/same70_xplained/init.o
 .text.tcm_disable
                0x00401d14       0x44 src/ASF/sam/boards/same70_xplained/init.o
 .text.board_init
                0x00401d58      0x188 src/ASF/sam/boards/same70_xplained/init.o
                0x00401d58                board_init
 .text.pio_pull_up
                0x00401ee0       0x2c src/ASF/sam/drivers/pio/pio.o
                0x00401ee0                pio_pull_up
 .text.pio_set  0x00401f0c       0x1c src/ASF/sam/drivers/pio/pio.o
                0x00401f0c                pio_set
 .text.pio_set_peripheral
                0x00401f28      0x110 src/ASF/sam/drivers/pio/pio.o
                0x00401f28                pio_set_peripheral
 .text.pio_set_input
                0x00402038       0x80 src/ASF/sam/drivers/pio/pio.o
                0x00402038                pio_set_input
 .text.pio_set_output
                0x004020b8       0x64 src/ASF/sam/drivers/pio/pio.o
                0x004020b8                pio_set_output
 .text.pio_configure
                0x0040211c       0xcc src/ASF/sam/drivers/pio/pio.o
                0x0040211c                pio_configure
 .text.pio_configure_interrupt
                0x004021e8       0x6c src/ASF/sam/drivers/pio/pio.o
                0x004021e8                pio_configure_interrupt
 .text.pio_enable_interrupt
                0x00402254       0x1c src/ASF/sam/drivers/pio/pio.o
                0x00402254                pio_enable_interrupt
 .text.pio_disable_interrupt
                0x00402270       0x1c src/ASF/sam/drivers/pio/pio.o
                0x00402270                pio_disable_interrupt
 .text.pio_get_interrupt_status
                0x0040228c       0x18 src/ASF/sam/drivers/pio/pio.o
                0x0040228c                pio_get_interrupt_status
 .text.pio_get_interrupt_mask
                0x004022a4       0x18 src/ASF/sam/drivers/pio/pio.o
                0x004022a4                pio_get_interrupt_mask
 .text.pio_set_pin_high
                0x004022bc       0x30 src/ASF/sam/drivers/pio/pio.o
                0x004022bc                pio_set_pin_high
 .text.pio_set_pin_low
                0x004022ec       0x30 src/ASF/sam/drivers/pio/pio.o
                0x004022ec                pio_set_pin_low
 .text.pio_configure_pin
                0x0040231c      0x1b0 src/ASF/sam/drivers/pio/pio.o
                0x0040231c                pio_configure_pin
 .text.pio_get_pin_group
                0x004024cc       0x28 src/ASF/sam/drivers/pio/pio.o
                0x004024cc                pio_get_pin_group
 .text.pio_handler_process
                0x004024f4       0xb4 src/ASF/sam/drivers/pio/pio_handler.o
                0x004024f4                pio_handler_process
 .text.pio_handler_set
                0x004025a8       0xa0 src/ASF/sam/drivers/pio/pio_handler.o
                0x004025a8                pio_handler_set
 .text.PIOA_Handler
                0x00402648       0x18 src/ASF/sam/drivers/pio/pio_handler.o
                0x00402648                PIOA_Handler
 .text.PIOB_Handler
                0x00402660       0x18 src/ASF/sam/drivers/pio/pio_handler.o
                0x00402660                PIOB_Handler
 .text.PIOC_Handler
                0x00402678       0x18 src/ASF/sam/drivers/pio/pio_handler.o
                0x00402678                PIOC_Handler
 .text.PIOD_Handler
                0x00402690       0x18 src/ASF/sam/drivers/pio/pio_handler.o
                0x00402690                PIOD_Handler
 .text.PIOE_Handler
                0x004026a8       0x18 src/ASF/sam/drivers/pio/pio_handler.o
                0x004026a8                PIOE_Handler
 .text.pmc_mck_set_division
                0x004026c0       0x7c src/ASF/sam/drivers/pmc/pmc.o
                0x004026c0                pmc_mck_set_division
 .text.pmc_switch_mck_to_pllack
                0x0040273c       0x84 src/ASF/sam/drivers/pmc/pmc.o
                0x0040273c                pmc_switch_mck_to_pllack
 .text.pmc_switch_sclk_to_32kxtal
                0x004027c0       0x38 src/ASF/sam/drivers/pmc/pmc.o
                0x004027c0                pmc_switch_sclk_to_32kxtal
 .text.pmc_osc_is_ready_32kxtal
                0x004027f8       0x34 src/ASF/sam/drivers/pmc/pmc.o
                0x004027f8                pmc_osc_is_ready_32kxtal
 .text.pmc_switch_mainck_to_fastrc
                0x0040282c       0x70 src/ASF/sam/drivers/pmc/pmc.o
                0x0040282c                pmc_switch_mainck_to_fastrc
 .text.pmc_switch_mainck_to_xtal
                0x0040289c       0x78 src/ASF/sam/drivers/pmc/pmc.o
                0x0040289c                pmc_switch_mainck_to_xtal
 .text.pmc_osc_is_ready_mainck
                0x00402914       0x1c src/ASF/sam/drivers/pmc/pmc.o
                0x00402914                pmc_osc_is_ready_mainck
 .text.pmc_disable_pllack
                0x00402930       0x1c src/ASF/sam/drivers/pmc/pmc.o
                0x00402930                pmc_disable_pllack
 .text.pmc_is_locked_pllack
                0x0040294c       0x1c src/ASF/sam/drivers/pmc/pmc.o
                0x0040294c                pmc_is_locked_pllack
 .text.pmc_is_locked_upll
                0x00402968       0x1c src/ASF/sam/drivers/pmc/pmc.o
                0x00402968                pmc_is_locked_upll
 .text.pmc_enable_periph_clk
                0x00402984       0x3c src/ASF/sam/drivers/pmc/pmc.o
                0x00402984                pmc_enable_periph_clk
 .text.cpu_irq_save
                0x004029c0       0x38 src/ASF/sam/utils/cmsis/same70/source/templates/gcc/startup_same70.o
 .text.cpu_irq_is_enabled_flags
                0x004029f8       0x20 src/ASF/sam/utils/cmsis/same70/source/templates/gcc/startup_same70.o
 .text.cpu_irq_restore
                0x00402a18       0x30 src/ASF/sam/utils/cmsis/same70/source/templates/gcc/startup_same70.o
 .text.Reset_Handler
                0x00402a48       0xb0 src/ASF/sam/utils/cmsis/same70/source/templates/gcc/startup_same70.o
                0x00402a48                Reset_Handler
 .text.Dummy_Handler
                0x00402af8        0x6 src/ASF/sam/utils/cmsis/same70/source/templates/gcc/startup_same70.o
                0x00402af8                DACC_Handler
                0x00402af8                DebugMon_Handler
                0x00402af8                UART3_Handler
                0x00402af8                UART2_Handler
                0x00402af8                TRNG_Handler
                0x00402af8                HardFault_Handler
                0x00402af8                TC2_Handler
                0x00402af8                SysTick_Handler
                0x00402af8                AFEC1_Handler
                0x00402af8                PendSV_Handler
                0x00402af8                NMI_Handler
                0x00402af8                TC7_Handler
                0x00402af8                QSPI_Handler
                0x00402af8                ISI_Handler
                0x00402af8                MCAN0_INT0_Handler
                0x00402af8                TC9_Handler
                0x00402af8                RSWDT_Handler
                0x00402af8                USART0_Handler
                0x00402af8                RTT_Handler
                0x00402af8                USBHS_Handler
                0x00402af8                IXC_Handler
                0x00402af8                CCF_Handler
                0x00402af8                RTC_Handler
                0x00402af8                UsageFault_Handler
                0x00402af8                TC6_Handler
                0x00402af8                WDT_Handler
                0x00402af8                MCAN1_INT1_Handler
                0x00402af8                TC4_Handler
                0x00402af8                TC1_Handler
                0x00402af8                HSMCI_Handler
                0x00402af8                UART1_Handler
                0x00402af8                TC3_Handler
                0x00402af8                Dummy_Handler
                0x00402af8                TWIHS1_Handler
                0x00402af8                XDMAC_Handler
                0x00402af8                UART4_Handler
                0x00402af8                PWM1_Handler
                0x00402af8                USART1_Handler
                0x00402af8                PWM0_Handler
                0x00402af8                AFEC0_Handler
                0x00402af8                CCW_Handler
                0x00402af8                TC11_Handler
                0x00402af8                SSC_Handler
                0x00402af8                ACC_Handler
                0x00402af8                PMC_Handler
                0x00402af8                GMAC_Handler
                0x00402af8                MCAN0_INT1_Handler
                0x00402af8                GMAC_Q5_Handler
                0x00402af8                MemManage_Handler
                0x00402af8                SUPC_Handler
                0x00402af8                SVC_Handler
                0x00402af8                TC8_Handler
                0x00402af8                MCAN1_INT0_Handler
                0x00402af8                EFC_Handler
                0x00402af8                GMAC_Q1_Handler
                0x00402af8                USART2_Handler
                0x00402af8                SDRAMC_Handler
                0x00402af8                GMAC_Q2_Handler
                0x00402af8                SPI1_Handler
                0x00402af8                TC10_Handler
                0x00402af8                GMAC_Q3_Handler
                0x00402af8                TWIHS2_Handler
                0x00402af8                I2SC0_Handler
                0x00402af8                UART0_Handler
                0x00402af8                I2SC1_Handler
                0x00402af8                GMAC_Q4_Handler
                0x00402af8                FPU_Handler
                0x00402af8                BusFault_Handler
                0x00402af8                RSTC_Handler
                0x00402af8                TC0_Handler
                0x00402af8                TC5_Handler
                0x00402af8                AES_Handler
                0x00402af8                ICM_Handler
                0x00402af8                TWIHS0_Handler
                0x00402af8                SPI0_Handler
 *fill*         0x00402afe        0x2 
 .text.SystemCoreClockUpdate
                0x00402b00      0x168 src/ASF/sam/utils/cmsis/same70/source/templates/system_same70.o
                0x00402b00                SystemCoreClockUpdate
 .text.system_init_flash
                0x00402c68       0xb0 src/ASF/sam/utils/cmsis/same70/source/templates/system_same70.o
                0x00402c68                system_init_flash
 .text._sbrk    0x00402d18       0x58 src/ASF/sam/utils/syscalls/gcc/syscalls.o
                0x00402d18                _sbrk
 .text.__libc_init_array
                0x00402d70       0x50 c:/program files (x86)/atmel/studio/7.0/toolchain/arm/arm-gnu-toolchain/bin/../lib/gcc/arm-none-eabi/6.3.1/../../../../arm-none-eabi/lib/thumb/v7e-m\libc.a(lib_a-init.o)
                0x00402d70                __libc_init_array
 .text.memset   0x00402dc0       0x9c c:/program files (x86)/atmel/studio/7.0/toolchain/arm/arm-gnu-toolchain/bin/../lib/gcc/arm-none-eabi/6.3.1/../../../../arm-none-eabi/lib/thumb/v7e-m\libc.a(lib_a-memset.o)
                0x00402dc0                memset
 .text.sprintf  0x00402e5c       0x4c c:/program files (x86)/atmel/studio/7.0/toolchain/arm/arm-gnu-toolchain/bin/../lib/gcc/arm-none-eabi/6.3.1/../../../../arm-none-eabi/lib/thumb/v7e-m\libc.a(lib_a-sprintf.o)
                0x00402e5c                sprintf
 .text._svfprintf_r
                0x00402ea8     0x145c c:/program files (x86)/atmel/studio/7.0/toolchain/arm/arm-gnu-toolchain/bin/../lib/gcc/arm-none-eabi/6.3.1/../../../../arm-none-eabi/lib/thumb/v7e-m\libc.a(lib_a-svfprintf.o)
                0x00402ea8                _svfprintf_r
 .text.startup.register_fini
                0x00404304       0x14 c:/program files (x86)/atmel/studio/7.0/toolchain/arm/arm-gnu-toolchain/bin/../lib/gcc/arm-none-eabi/6.3.1/../../../../arm-none-eabi/lib/thumb/v7e-m\libc.a(lib_a-__call_atexit.o)
 .text.atexit   0x00404318        0xc c:/program files (x86)/atmel/studio/7.0/toolchain/arm/arm-gnu-toolchain/bin/../lib/gcc/arm-none-eabi/6.3.1/../../../../arm-none-eabi/lib/thumb/v7e-m\libc.a(lib_a-atexit.o)
                0x00404318                atexit
 .text.quorem   0x00404324      0x128 c:/program files (x86)/atmel/studio/7.0/toolchain/arm/arm-gnu-toolchain/bin/../lib/gcc/arm-none-eabi/6.3.1/../../../../arm-none-eabi/lib/thumb/v7e-m\libc.a(lib_a-dtoa.o)
 *fill*         0x0040444c        0x4 
 .text._dtoa_r  0x00404450      0xe54 c:/program files (x86)/atmel/studio/7.0/toolchain/arm/arm-gnu-toolchain/bin/../lib/gcc/arm-none-eabi/6.3.1/../../../../arm-none-eabi/lib/thumb/v7e-m\libc.a(lib_a-dtoa.o)
                0x00404450                _dtoa_r
 .text.__libc_fini_array
                0x004052a4       0x34 c:/program files (x86)/atmel/studio/7.0/toolchain/arm/arm-gnu-toolchain/bin/../lib/gcc/arm-none-eabi/6.3.1/../../../../arm-none-eabi/lib/thumb/v7e-m\libc.a(lib_a-fini.o)
                0x004052a4                __libc_fini_array
 .text._localeconv_r
                0x004052d8       0x1c c:/program files (x86)/atmel/studio/7.0/toolchain/arm/arm-gnu-toolchain/bin/../lib/gcc/arm-none-eabi/6.3.1/../../../../arm-none-eabi/lib/thumb/v7e-m\libc.a(lib_a-localeconv.o)
                0x004052d8                _localeconv_r
 .text.__retarget_lock_acquire_recursive
                0x004052f4        0x4 c:/program files (x86)/atmel/studio/7.0/toolchain/arm/arm-gnu-toolchain/bin/../lib/gcc/arm-none-eabi/6.3.1/../../../../arm-none-eabi/lib/thumb/v7e-m\libc.a(lib_a-lock.o)
                0x004052f4                __retarget_lock_acquire_recursive
 .text.__retarget_lock_release_recursive
                0x004052f8        0x4 c:/program files (x86)/atmel/studio/7.0/toolchain/arm/arm-gnu-toolchain/bin/../lib/gcc/arm-none-eabi/6.3.1/../../../../arm-none-eabi/lib/thumb/v7e-m\libc.a(lib_a-lock.o)
                0x004052f8                __retarget_lock_release_recursive
 .text._malloc_r
                0x004052fc      0x560 c:/program files (x86)/atmel/studio/7.0/toolchain/arm/arm-gnu-toolchain/bin/../lib/gcc/arm-none-eabi/6.3.1/../../../../arm-none-eabi/lib/thumb/v7e-m\libc.a(lib_a-mallocr.o)
                0x004052fc                _malloc_r
 *fill*         0x0040585c        0x4 
 .text          0x00405860       0xa0 c:/program files (x86)/atmel/studio/7.0/toolchain/arm/arm-gnu-toolchain/bin/../lib/gcc/arm-none-eabi/6.3.1/../../../../arm-none-eabi/lib/thumb/v7e-m\libc.a(lib_a-memchr.o)
                0x00405860                memchr
 .text          0x00405900      0x134 c:/program files (x86)/atmel/studio/7.0/toolchain/arm/arm-gnu-toolchain/bin/../lib/gcc/arm-none-eabi/6.3.1/../../../../arm-none-eabi/lib/thumb/v7e-m\libc.a(lib_a-memcpy.o)
                0x00405900                memcpy
 .text.__malloc_lock
                0x00405a34        0xc c:/program files (x86)/atmel/studio/7.0/toolchain/arm/arm-gnu-toolchain/bin/../lib/gcc/arm-none-eabi/6.3.1/../../../../arm-none-eabi/lib/thumb/v7e-m\libc.a(lib_a-mlock.o)
                0x00405a34                __malloc_lock
 .text.__malloc_unlock
                0x00405a40        0xc c:/program files (x86)/atmel/studio/7.0/toolchain/arm/arm-gnu-toolchain/bin/../lib/gcc/arm-none-eabi/6.3.1/../../../../arm-none-eabi/lib/thumb/v7e-m\libc.a(lib_a-mlock.o)
                0x00405a40                __malloc_unlock
 .text._Balloc  0x00405a4c       0x4c c:/program files (x86)/atmel/studio/7.0/toolchain/arm/arm-gnu-toolchain/bin/../lib/gcc/arm-none-eabi/6.3.1/../../../../arm-none-eabi/lib/thumb/v7e-m\libc.a(lib_a-mprec.o)
                0x00405a4c                _Balloc
 .text._Bfree   0x00405a98       0x14 c:/program files (x86)/atmel/studio/7.0/toolchain/arm/arm-gnu-toolchain/bin/../lib/gcc/arm-none-eabi/6.3.1/../../../../arm-none-eabi/lib/thumb/v7e-m\libc.a(lib_a-mprec.o)
                0x00405a98                _Bfree
 .text.__multadd
                0x00405aac       0x80 c:/program files (x86)/atmel/studio/7.0/toolchain/arm/arm-gnu-toolchain/bin/../lib/gcc/arm-none-eabi/6.3.1/../../../../arm-none-eabi/lib/thumb/v7e-m\libc.a(lib_a-mprec.o)
                0x00405aac                __multadd
 .text.__hi0bits
                0x00405b2c       0x40 c:/program files (x86)/atmel/studio/7.0/toolchain/arm/arm-gnu-toolchain/bin/../lib/gcc/arm-none-eabi/6.3.1/../../../../arm-none-eabi/lib/thumb/v7e-m\libc.a(lib_a-mprec.o)
                0x00405b2c                __hi0bits
 .text.__lo0bits
                0x00405b6c       0x60 c:/program files (x86)/atmel/studio/7.0/toolchain/arm/arm-gnu-toolchain/bin/../lib/gcc/arm-none-eabi/6.3.1/../../../../arm-none-eabi/lib/thumb/v7e-m\libc.a(lib_a-mprec.o)
                0x00405b6c                __lo0bits
 .text.__i2b    0x00405bcc       0x14 c:/program files (x86)/atmel/studio/7.0/toolchain/arm/arm-gnu-toolchain/bin/../lib/gcc/arm-none-eabi/6.3.1/../../../../arm-none-eabi/lib/thumb/v7e-m\libc.a(lib_a-mprec.o)
                0x00405bcc                __i2b
 .text.__multiply
                0x00405be0      0x124 c:/program files (x86)/atmel/studio/7.0/toolchain/arm/arm-gnu-toolchain/bin/../lib/gcc/arm-none-eabi/6.3.1/../../../../arm-none-eabi/lib/thumb/v7e-m\libc.a(lib_a-mprec.o)
                0x00405be0                __multiply
 .text.__pow5mult
                0x00405d04       0xa0 c:/program files (x86)/atmel/studio/7.0/toolchain/arm/arm-gnu-toolchain/bin/../lib/gcc/arm-none-eabi/6.3.1/../../../../arm-none-eabi/lib/thumb/v7e-m\libc.a(lib_a-mprec.o)
                0x00405d04                __pow5mult
 .text.__lshift
                0x00405da4       0xa4 c:/program files (x86)/atmel/studio/7.0/toolchain/arm/arm-gnu-toolchain/bin/../lib/gcc/arm-none-eabi/6.3.1/../../../../arm-none-eabi/lib/thumb/v7e-m\libc.a(lib_a-mprec.o)
                0x00405da4                __lshift
 .text.__mcmp   0x00405e48       0x38 c:/program files (x86)/atmel/studio/7.0/toolchain/arm/arm-gnu-toolchain/bin/../lib/gcc/arm-none-eabi/6.3.1/../../../../arm-none-eabi/lib/thumb/v7e-m\libc.a(lib_a-mprec.o)
                0x00405e48                __mcmp
 .text.__mdiff  0x00405e80      0x108 c:/program files (x86)/atmel/studio/7.0/toolchain/arm/arm-gnu-toolchain/bin/../lib/gcc/arm-none-eabi/6.3.1/../../../../arm-none-eabi/lib/thumb/v7e-m\libc.a(lib_a-mprec.o)
                0x00405e80                __mdiff
 .text.__d2b    0x00405f88       0xb8 c:/program files (x86)/atmel/studio/7.0/toolchain/arm/arm-gnu-toolchain/bin/../lib/gcc/arm-none-eabi/6.3.1/../../../../arm-none-eabi/lib/thumb/v7e-m\libc.a(lib_a-mprec.o)
                0x00405f88                __d2b
 .text._sbrk_r  0x00406040       0x24 c:/program files (x86)/atmel/studio/7.0/toolchain/arm/arm-gnu-toolchain/bin/../lib/gcc/arm-none-eabi/6.3.1/../../../../arm-none-eabi/lib/thumb/v7e-m\libc.a(lib_a-sbrkr.o)
                0x00406040                _sbrk_r
 *fill*         0x00406064       0x1c 
 .text          0x00406080       0xdc c:/program files (x86)/atmel/studio/7.0/toolchain/arm/arm-gnu-toolchain/bin/../lib/gcc/arm-none-eabi/6.3.1/../../../../arm-none-eabi/lib/thumb/v7e-m\libc.a(lib_a-strlen.o)
                0x00406080                strlen
 .text.__ssprint_r
                0x0040615c       0xfc c:/program files (x86)/atmel/studio/7.0/toolchain/arm/arm-gnu-toolchain/bin/../lib/gcc/arm-none-eabi/6.3.1/../../../../arm-none-eabi/lib/thumb/v7e-m\libc.a(lib_a-svfiprintf.o)
                0x0040615c                __ssprint_r
 .text.__register_exitproc
                0x00406258       0xc4 c:/program files (x86)/atmel/studio/7.0/toolchain/arm/arm-gnu-toolchain/bin/../lib/gcc/arm-none-eabi/6.3.1/../../../../arm-none-eabi/lib/thumb/v7e-m\libc.a(lib_a-__atexit.o)
                0x00406258                __register_exitproc
 .text._calloc_r
                0x0040631c       0x60 c:/program files (x86)/atmel/studio/7.0/toolchain/arm/arm-gnu-toolchain/bin/../lib/gcc/arm-none-eabi/6.3.1/../../../../arm-none-eabi/lib/thumb/v7e-m\libc.a(lib_a-callocr.o)
                0x0040631c                _calloc_r
 .text._malloc_trim_r
                0x0040637c       0xa0 c:/program files (x86)/atmel/studio/7.0/toolchain/arm/arm-gnu-toolchain/bin/../lib/gcc/arm-none-eabi/6.3.1/../../../../arm-none-eabi/lib/thumb/v7e-m\libc.a(lib_a-freer.o)
                0x0040637c                _malloc_trim_r
 .text._free_r  0x0040641c      0x1cc c:/program files (x86)/atmel/studio/7.0/toolchain/arm/arm-gnu-toolchain/bin/../lib/gcc/arm-none-eabi/6.3.1/../../../../arm-none-eabi/lib/thumb/v7e-m\libc.a(lib_a-freer.o)
                0x0040641c                _free_r
 .text.__ascii_mbtowc
                0x004065e8       0x2c c:/program files (x86)/atmel/studio/7.0/toolchain/arm/arm-gnu-toolchain/bin/../lib/gcc/arm-none-eabi/6.3.1/../../../../arm-none-eabi/lib/thumb/v7e-m\libc.a(lib_a-mbtowc_r.o)
                0x004065e8                __ascii_mbtowc
 .text.memmove  0x00406614       0xc8 c:/program files (x86)/atmel/studio/7.0/toolchain/arm/arm-gnu-toolchain/bin/../lib/gcc/arm-none-eabi/6.3.1/../../../../arm-none-eabi/lib/thumb/v7e-m\libc.a(lib_a-memmove.o)
                0x00406614                memmove
 .text._realloc_r
                0x004066dc      0x34c c:/program files (x86)/atmel/studio/7.0/toolchain/arm/arm-gnu-toolchain/bin/../lib/gcc/arm-none-eabi/6.3.1/../../../../arm-none-eabi/lib/thumb/v7e-m\libc.a(lib_a-reallocr.o)
                0x004066dc                _realloc_r
 .text.__ascii_wctomb
                0x00406a28       0x1c c:/program files (x86)/atmel/studio/7.0/toolchain/arm/arm-gnu-toolchain/bin/../lib/gcc/arm-none-eabi/6.3.1/../../../../arm-none-eabi/lib/thumb/v7e-m\libc.a(lib_a-wctomb_r.o)
                0x00406a28                __ascii_wctomb
 .text          0x00406a44      0x370 c:/program files (x86)/atmel/studio/7.0/toolchain/arm/arm-gnu-toolchain/bin/../lib/gcc/arm-none-eabi/6.3.1/thumb/v7e-m\libgcc.a(_arm_addsubdf3.o)
                0x00406a44                __aeabi_drsub
                0x00406a4c                __aeabi_dsub
                0x00406a4c                __subdf3
                0x00406a50                __aeabi_dadd
                0x00406a50                __adddf3
                0x00406cc8                __floatunsidf
                0x00406cc8                __aeabi_ui2d
                0x00406ce8                __floatsidf
                0x00406ce8                __aeabi_i2d
                0x00406d0c                __aeabi_f2d
                0x00406d0c                __extendsfdf2
                0x00406d48                __floatundidf
                0x00406d48                __aeabi_ul2d
                0x00406d58                __floatdidf
                0x00406d58                __aeabi_l2d
 .text          0x00406db4      0x424 c:/program files (x86)/atmel/studio/7.0/toolchain/arm/arm-gnu-toolchain/bin/../lib/gcc/arm-none-eabi/6.3.1/thumb/v7e-m\libgcc.a(_arm_muldivdf3.o)
                0x00406db4                __aeabi_dmul
                0x00406db4                __muldf3
                0x00407008                __divdf3
                0x00407008                __aeabi_ddiv
 .text          0x004071d8      0x110 c:/program files (x86)/atmel/studio/7.0/toolchain/arm/arm-gnu-toolchain/bin/../lib/gcc/arm-none-eabi/6.3.1/thumb/v7e-m\libgcc.a(_arm_cmpdf2.o)
                0x004071d8                __gtdf2
                0x004071d8                __gedf2
                0x004071e0                __ltdf2
                0x004071e0                __ledf2
                0x004071e8                __nedf2
                0x004071e8                __eqdf2
                0x004071e8                __cmpdf2
                0x00407264                __aeabi_cdrcmple
                0x00407274                __aeabi_cdcmpeq
                0x00407274                __aeabi_cdcmple
                0x00407284                __aeabi_dcmpeq
                0x00407298                __aeabi_dcmplt
                0x004072ac                __aeabi_dcmple
                0x004072c0                __aeabi_dcmpge
                0x004072d4                __aeabi_dcmpgt
 .text          0x004072e8       0x2c c:/program files (x86)/atmel/studio/7.0/toolchain/arm/arm-gnu-toolchain/bin/../lib/gcc/arm-none-eabi/6.3.1/thumb/v7e-m\libgcc.a(_arm_unorddf2.o)
                0x004072e8                __unorddf2
                0x004072e8                __aeabi_dcmpun
 .text          0x00407314       0x50 c:/program files (x86)/atmel/studio/7.0/toolchain/arm/arm-gnu-toolchain/bin/../lib/gcc/arm-none-eabi/6.3.1/thumb/v7e-m\libgcc.a(_arm_fixdfsi.o)
                0x00407314                __aeabi_d2iz
                0x00407314                __fixdfsi
 .text          0x00407364       0x30 c:/program files (x86)/atmel/studio/7.0/toolchain/arm/arm-gnu-toolchain/bin/../lib/gcc/arm-none-eabi/6.3.1/thumb/v7e-m\libgcc.a(_aeabi_uldivmod.o)
                0x00407364                __aeabi_uldivmod
 .text          0x00407394      0x2dc c:/program files (x86)/atmel/studio/7.0/toolchain/arm/arm-gnu-toolchain/bin/../lib/gcc/arm-none-eabi/6.3.1/thumb/v7e-m\libgcc.a(_udivmoddi4.o)
                0x00407394                __udivmoddi4
 .text          0x00407670        0x4 c:/program files (x86)/atmel/studio/7.0/toolchain/arm/arm-gnu-toolchain/bin/../lib/gcc/arm-none-eabi/6.3.1/thumb/v7e-m\libgcc.a(_dvmd_tls.o)
                0x00407670                __aeabi_idiv0
                0x00407670                __aeabi_ldiv0
 *(.glue_7t)
 .glue_7t       0x00407674        0x0 linker stubs
 *(.glue_7)
 .glue_7        0x00407674        0x0 linker stubs
 *(.rodata .rodata* .gnu.linkonce.r.*)
 .rodata.image_data_calibri_36_0x20
                0x00407674      0x378 src/main.o
 .rodata.calibri_36_0x20
                0x004079ec       0x10 src/main.o
 .rodata.image_data_calibri_36_0x21
                0x004079fc      0x534 src/main.o
 .rodata.calibri_36_0x21
                0x00407f30       0x10 src/main.o
 .rodata.image_data_calibri_36_0x22
                0x00407f40      0x612 src/main.o
 *fill*         0x00408552        0x2 
 .rodata.calibri_36_0x22
                0x00408554       0x10 src/main.o
 .rodata.image_data_calibri_36_0x23
                0x00408564      0x7ce src/main.o
 *fill*         0x00408d32        0x2 
 .rodata.calibri_36_0x23
                0x00408d34       0x10 src/main.o
 .rodata.image_data_calibri_36_0x24
                0x00408d44      0x7ce src/main.o
 *fill*         0x00409512        0x2 
 .rodata.calibri_36_0x24
                0x00409514       0x10 src/main.o
 .rodata.image_data_calibri_36_0x25
                0x00409524      0xb46 src/main.o
 *fill*         0x0040a06a        0x2 
 .rodata.calibri_36_0x25
                0x0040a06c       0x10 src/main.o
 .rodata.image_data_calibri_36_0x26
                0x0040a07c      0xad7 src/main.o
 *fill*         0x0040ab53        0x1 
 .rodata.calibri_36_0x26
                0x0040ab54       0x10 src/main.o
 .rodata.image_data_calibri_36_0x27
                0x0040ab64      0x378 src/main.o
 .rodata.calibri_36_0x27
                0x0040aedc       0x10 src/main.o
 .rodata.image_data_calibri_36_0x28
                0x0040aeec      0x4c5 src/main.o
 *fill*         0x0040b3b1        0x3 
 .rodata.calibri_36_0x28
                0x0040b3b4       0x10 src/main.o
 .rodata.image_data_calibri_36_0x29
                0x0040b3c4      0x4c5 src/main.o
 *fill*         0x0040b889        0x3 
 .rodata.calibri_36_0x29
                0x0040b88c       0x10 src/main.o
 .rodata.image_data_calibri_36_0x2a
                0x0040b89c      0x7ce src/main.o
 *fill*         0x0040c06a        0x2 
 .rodata.calibri_36_0x2a
                0x0040c06c       0x10 src/main.o
 .rodata.image_data_calibri_36_0x2b
                0x0040c07c      0x7ce src/main.o
 *fill*         0x0040c84a        0x2 
 .rodata.calibri_36_0x2b
                0x0040c84c       0x10 src/main.o
 .rodata.image_data_calibri_36_0x2c
                0x0040c85c      0x3e7 src/main.o
 *fill*         0x0040cc43        0x1 
 .rodata.calibri_36_0x2c
                0x0040cc44       0x10 src/main.o
 .rodata.image_data_calibri_36_0x2d
                0x0040cc54      0x4c5 src/main.o
 *fill*         0x0040d119        0x3 
 .rodata.calibri_36_0x2d
                0x0040d11c       0x10 src/main.o
 .rodata.image_data_calibri_36_0x2e
                0x0040d12c      0x3e7 src/main.o
 *fill*         0x0040d513        0x1 
 .rodata.calibri_36_0x2e
                0x0040d514       0x10 src/main.o
 .rodata.image_data_calibri_36_0x2f
                0x0040d524      0x612 src/main.o
 *fill*         0x0040db36        0x2 
 .rodata.calibri_36_0x2f
                0x0040db38       0x10 src/main.o
 .rodata.image_data_calibri_36_0x30
                0x0040db48      0x7ce src/main.o
 *fill*         0x0040e316        0x2 
 .rodata.calibri_36_0x30
                0x0040e318       0x10 src/main.o
 .rodata.image_data_calibri_36_0x31
                0x0040e328      0x7ce src/main.o
 *fill*         0x0040eaf6        0x2 
 .rodata.calibri_36_0x31
                0x0040eaf8       0x10 src/main.o
 .rodata.image_data_calibri_36_0x32
                0x0040eb08      0x7ce src/main.o
 *fill*         0x0040f2d6        0x2 
 .rodata.calibri_36_0x32
                0x0040f2d8       0x10 src/main.o
 .rodata.image_data_calibri_36_0x33
                0x0040f2e8      0x7ce src/main.o
 *fill*         0x0040fab6        0x2 
 .rodata.calibri_36_0x33
                0x0040fab8       0x10 src/main.o
 .rodata.image_data_calibri_36_0x34
                0x0040fac8      0x7ce src/main.o
 *fill*         0x00410296        0x2 
 .rodata.calibri_36_0x34
                0x00410298       0x10 src/main.o
 .rodata.image_data_calibri_36_0x35
                0x004102a8      0x7ce src/main.o
 *fill*         0x00410a76        0x2 
 .rodata.calibri_36_0x35
                0x00410a78       0x10 src/main.o
 .rodata.image_data_calibri_36_0x36
                0x00410a88      0x7ce src/main.o
 *fill*         0x00411256        0x2 
 .rodata.calibri_36_0x36
                0x00411258       0x10 src/main.o
 .rodata.image_data_calibri_36_0x37
                0x00411268      0x7ce src/main.o
 *fill*         0x00411a36        0x2 
 .rodata.calibri_36_0x37
                0x00411a38       0x10 src/main.o
 .rodata.image_data_calibri_36_0x38
                0x00411a48      0x7ce src/main.o
 *fill*         0x00412216        0x2 
 .rodata.calibri_36_0x38
                0x00412218       0x10 src/main.o
 .rodata.image_data_calibri_36_0x39
                0x00412228      0x7ce src/main.o
 *fill*         0x004129f6        0x2 
 .rodata.calibri_36_0x39
                0x004129f8       0x10 src/main.o
 .rodata.image_data_calibri_36_0x3a
                0x00412a08      0x456 src/main.o
 *fill*         0x00412e5e        0x2 
 .rodata.calibri_36_0x3a
                0x00412e60       0x10 src/main.o
 .rodata.image_data_calibri_36_0x3b
                0x00412e70      0x456 src/main.o
 *fill*         0x004132c6        0x2 
 .rodata.calibri_36_0x3b
                0x004132c8       0x10 src/main.o
 .rodata.image_data_calibri_36_0x3c
                0x004132d8      0x7ce src/main.o
 *fill*         0x00413aa6        0x2 
 .rodata.calibri_36_0x3c
                0x00413aa8       0x10 src/main.o
 .rodata.image_data_calibri_36_0x3d
                0x00413ab8      0x7ce src/main.o
 *fill*         0x00414286        0x2 
 .rodata.calibri_36_0x3d
                0x00414288       0x10 src/main.o
 .rodata.image_data_calibri_36_0x3e
                0x00414298      0x7ce src/main.o
 *fill*         0x00414a66        0x2 
 .rodata.calibri_36_0x3e
                0x00414a68       0x10 src/main.o
 .rodata.image_data_calibri_36_0x3f
                0x00414a78      0x75f src/main.o
 *fill*         0x004151d7        0x1 
 .rodata.calibri_36_0x3f
                0x004151d8       0x10 src/main.o
 .rodata.image_data_calibri_36_0x40
                0x004151e8      0xde0 src/main.o
 .rodata.calibri_36_0x40
                0x00415fc8       0x10 src/main.o
 .rodata.image_data_calibri_36_0x41
                0x00415fd8      0x91b src/main.o
 *fill*         0x004168f3        0x1 
 .rodata.calibri_36_0x41
                0x004168f4       0x10 src/main.o
 .rodata.image_data_calibri_36_0x42
                0x00416904      0x8ac src/main.o
 .rodata.calibri_36_0x42
                0x004171b0       0x10 src/main.o
 .rodata.image_data_calibri_36_0x43
                0x004171c0      0x83d src/main.o
 *fill*         0x004179fd        0x3 
 .rodata.calibri_36_0x43
                0x00417a00       0x10 src/main.o
 .rodata.image_data_calibri_36_0x44
                0x00417a10      0x98a src/main.o
 *fill*         0x0041839a        0x2 
 .rodata.calibri_36_0x44
                0x0041839c       0x10 src/main.o
 .rodata.image_data_calibri_36_0x45
                0x004183ac      0x7ce src/main.o
 *fill*         0x00418b7a        0x2 
 .rodata.calibri_36_0x45
                0x00418b7c       0x10 src/main.o
 .rodata.image_data_calibri_36_0x46
                0x00418b8c      0x75f src/main.o
 *fill*         0x004192eb        0x1 
 .rodata.calibri_36_0x46
                0x004192ec       0x10 src/main.o
 .rodata.image_data_calibri_36_0x47
                0x004192fc      0x9f9 src/main.o
 *fill*         0x00419cf5        0x3 
 .rodata.calibri_36_0x47
                0x00419cf8       0x10 src/main.o
 .rodata.image_data_calibri_36_0x48
                0x00419d08      0x98a src/main.o
 *fill*         0x0041a692        0x2 
 .rodata.calibri_36_0x48
                0x0041a694       0x10 src/main.o
 .rodata.image_data_calibri_36_0x49
                0x0041a6a4      0x3e7 src/main.o
 *fill*         0x0041aa8b        0x1 
 .rodata.calibri_36_0x49
                0x0041aa8c       0x10 src/main.o
 .rodata.image_data_calibri_36_0x4a
                0x0041aa9c      0x4c5 src/main.o
 *fill*         0x0041af61        0x3 
 .rodata.calibri_36_0x4a
                0x0041af64       0x10 src/main.o
 .rodata.image_data_calibri_36_0x4b
                0x0041af74      0x83d src/main.o
 *fill*         0x0041b7b1        0x3 
 .rodata.calibri_36_0x4b
                0x0041b7b4       0x10 src/main.o
 .rodata.image_data_calibri_36_0x4c
                0x0041b7c4      0x681 src/main.o
 *fill*         0x0041be45        0x3 
 .rodata.calibri_36_0x4c
                0x0041be48       0x10 src/main.o
 .rodata.image_data_calibri_36_0x4d
                0x0041be58      0xd71 src/main.o
 *fill*         0x0041cbc9        0x3 
 .rodata.calibri_36_0x4d
                0x0041cbcc       0x10 src/main.o
 .rodata.image_data_calibri_36_0x4e
                0x0041cbdc      0x9f9 src/main.o
 *fill*         0x0041d5d5        0x3 
 .rodata.calibri_36_0x4e
                0x0041d5d8       0x10 src/main.o
 .rodata.image_data_calibri_36_0x4f
                0x0041d5e8      0xa68 src/main.o
 .rodata.calibri_36_0x4f
                0x0041e050       0x10 src/main.o
 .rodata.image_data_calibri_36_0x50
                0x0041e060      0x83d src/main.o
 *fill*         0x0041e89d        0x3 
 .rodata.calibri_36_0x50
                0x0041e8a0       0x10 src/main.o
 .rodata.image_data_calibri_36_0x51
                0x0041e8b0      0xad7 src/main.o
 *fill*         0x0041f387        0x1 
 .rodata.calibri_36_0x51
                0x0041f388       0x10 src/main.o
 .rodata.image_data_calibri_36_0x52
                0x0041f398      0x8ac src/main.o
 .rodata.calibri_36_0x52
                0x0041fc44       0x10 src/main.o
 .rodata.image_data_calibri_36_0x53
                0x0041fc54      0x75f src/main.o
 *fill*         0x004203b3        0x1 
 .rodata.calibri_36_0x53
                0x004203b4       0x10 src/main.o
 .rodata.image_data_calibri_36_0x54
                0x004203c4      0x7ce src/main.o
 *fill*         0x00420b92        0x2 
 .rodata.calibri_36_0x54
                0x00420b94       0x10 src/main.o
 .rodata.image_data_calibri_36_0x55
                0x00420ba4      0x9f9 src/main.o
 *fill*         0x0042159d        0x3 
 .rodata.calibri_36_0x55
                0x004215a0       0x10 src/main.o
 .rodata.image_data_calibri_36_0x56
                0x004215b0      0x8ac src/main.o
 .rodata.calibri_36_0x56
                0x00421e5c       0x10 src/main.o
 .rodata.image_data_calibri_36_0x57
                0x00421e6c      0xde0 src/main.o
 .rodata.calibri_36_0x57
                0x00422c4c       0x10 src/main.o
 .rodata.image_data_calibri_36_0x58
                0x00422c5c      0x83d src/main.o
 *fill*         0x00423499        0x3 
 .rodata.calibri_36_0x58
                0x0042349c       0x10 src/main.o
 .rodata.image_data_calibri_36_0x59
                0x004234ac      0x7ce src/main.o
 *fill*         0x00423c7a        0x2 
 .rodata.calibri_36_0x59
                0x00423c7c       0x10 src/main.o
 .rodata.image_data_calibri_36_0x5a
                0x00423c8c      0x75f src/main.o
 *fill*         0x004243eb        0x1 
 .rodata.calibri_36_0x5a
                0x004243ec       0x10 src/main.o
 .rodata.image_data_calibri_36_0x5b
                0x004243fc      0x4c5 src/main.o
 *fill*         0x004248c1        0x3 
 .rodata.calibri_36_0x5b
                0x004248c4       0x10 src/main.o
 .rodata.image_data_calibri_36_0x5c
                0x004248d4      0x612 src/main.o
 *fill*         0x00424ee6        0x2 
 .rodata.calibri_36_0x5c
                0x00424ee8       0x10 src/main.o
 .rodata.image_data_calibri_36_0x5d
                0x00424ef8      0x4c5 src/main.o
 *fill*         0x004253bd        0x3 
 .rodata.calibri_36_0x5d
                0x004253c0       0x10 src/main.o
 .rodata.image_data_calibri_36_0x5e
                0x004253d0      0x7ce src/main.o
 *fill*         0x00425b9e        0x2 
 .rodata.calibri_36_0x5e
                0x00425ba0       0x10 src/main.o
 .rodata.image_data_calibri_36_0x5f
                0x00425bb0      0x7ce src/main.o
 *fill*         0x0042637e        0x2 
 .rodata.calibri_36_0x5f
                0x00426380       0x10 src/main.o
 .rodata.image_data_calibri_36_0x60
                0x00426390      0x456 src/main.o
 *fill*         0x004267e6        0x2 
 .rodata.calibri_36_0x60
                0x004267e8       0x10 src/main.o
 .rodata.image_data_calibri_36_0x61
                0x004267f8      0x75f src/main.o
 *fill*         0x00426f57        0x1 
 .rodata.calibri_36_0x61
                0x00426f58       0x10 src/main.o
 .rodata.image_data_calibri_36_0x62
                0x00426f68      0x83d src/main.o
 *fill*         0x004277a5        0x3 
 .rodata.calibri_36_0x62
                0x004277a8       0x10 src/main.o
 .rodata.image_data_calibri_36_0x63
                0x004277b8      0x681 src/main.o
 *fill*         0x00427e39        0x3 
 .rodata.calibri_36_0x63
                0x00427e3c       0x10 src/main.o
 .rodata.image_data_calibri_36_0x64
                0x00427e4c      0x83d src/main.o
 *fill*         0x00428689        0x3 
 .rodata.calibri_36_0x64
                0x0042868c       0x10 src/main.o
 .rodata.image_data_calibri_36_0x65
                0x0042869c      0x7ce src/main.o
 *fill*         0x00428e6a        0x2 
 .rodata.calibri_36_0x65
                0x00428e6c       0x10 src/main.o
 .rodata.image_data_calibri_36_0x66
                0x00428e7c      0x4c5 src/main.o
 *fill*         0x00429341        0x3 
 .rodata.calibri_36_0x66
                0x00429344       0x10 src/main.o
 .rodata.image_data_calibri_36_0x67
                0x00429354      0x75f src/main.o
 *fill*         0x00429ab3        0x1 
 .rodata.calibri_36_0x67
                0x00429ab4       0x10 src/main.o
 .rodata.image_data_calibri_36_0x68
                0x00429ac4      0x83d src/main.o
 *fill*         0x0042a301        0x3 
 .rodata.calibri_36_0x68
                0x0042a304       0x10 src/main.o
 .rodata.image_data_calibri_36_0x69
                0x0042a314      0x378 src/main.o
 .rodata.calibri_36_0x69
                0x0042a68c       0x10 src/main.o
 .rodata.image_data_calibri_36_0x6a
                0x0042a69c      0x3e7 src/main.o
 *fill*         0x0042aa83        0x1 
 .rodata.calibri_36_0x6a
                0x0042aa84       0x10 src/main.o
 .rodata.image_data_calibri_36_0x6b
                0x0042aa94      0x6f0 src/main.o
 .rodata.calibri_36_0x6b
                0x0042b184       0x10 src/main.o
 .rodata.image_data_calibri_36_0x6c
                0x0042b194      0x378 src/main.o
 .rodata.calibri_36_0x6c
                0x0042b50c       0x10 src/main.o
 .rodata.image_data_calibri_36_0x6d
                0x0042b51c      0xc93 src/main.o
 *fill*         0x0042c1af        0x1 
 .rodata.calibri_36_0x6d
                0x0042c1b0       0x10 src/main.o
 .rodata.image_data_calibri_36_0x6e
                0x0042c1c0      0x83d src/main.o
 *fill*         0x0042c9fd        0x3 
 .rodata.calibri_36_0x6e
                0x0042ca00       0x10 src/main.o
 .rodata.image_data_calibri_36_0x6f
                0x0042ca10      0x83d src/main.o
 *fill*         0x0042d24d        0x3 
 .rodata.calibri_36_0x6f
                0x0042d250       0x10 src/main.o
 .rodata.image_data_calibri_36_0x70
                0x0042d260      0x83d src/main.o
 *fill*         0x0042da9d        0x3 
 .rodata.calibri_36_0x70
                0x0042daa0       0x10 src/main.o
 .rodata.image_data_calibri_36_0x71
                0x0042dab0      0x83d src/main.o
 *fill*         0x0042e2ed        0x3 
 .rodata.calibri_36_0x71
                0x0042e2f0       0x10 src/main.o
 .rodata.image_data_calibri_36_0x72
                0x0042e300      0x5a3 src/main.o
 *fill*         0x0042e8a3        0x1 
 .rodata.calibri_36_0x72
                0x0042e8a4       0x10 src/main.o
 .rodata.image_data_calibri_36_0x73
                0x0042e8b4      0x612 src/main.o
 *fill*         0x0042eec6        0x2 
 .rodata.calibri_36_0x73
                0x0042eec8       0x10 src/main.o
 .rodata.image_data_calibri_36_0x74
                0x0042eed8      0x534 src/main.o
 .rodata.calibri_36_0x74
                0x0042f40c       0x10 src/main.o
 .rodata.image_data_calibri_36_0x75
                0x0042f41c      0x83d src/main.o
 *fill*         0x0042fc59        0x3 
 .rodata.calibri_36_0x75
                0x0042fc5c       0x10 src/main.o
 .rodata.image_data_calibri_36_0x76
                0x0042fc6c      0x6f0 src/main.o
 .rodata.calibri_36_0x76
                0x0043035c       0x10 src/main.o
 .rodata.image_data_calibri_36_0x77
                0x0043036c      0xb46 src/main.o
 *fill*         0x00430eb2        0x2 
 .rodata.calibri_36_0x77
                0x00430eb4       0x10 src/main.o
 .rodata.image_data_calibri_36_0x78
                0x00430ec4      0x6f0 src/main.o
 .rodata.calibri_36_0x78
                0x004315b4       0x10 src/main.o
 .rodata.image_data_calibri_36_0x79
                0x004315c4      0x6f0 src/main.o
 .rodata.calibri_36_0x79
                0x00431cb4       0x10 src/main.o
 .rodata.image_data_calibri_36_0x7a
                0x00431cc4      0x612 src/main.o
 *fill*         0x004322d6        0x2 
 .rodata.calibri_36_0x7a
                0x004322d8       0x10 src/main.o
 .rodata.image_data_calibri_36_0x7b
                0x004322e8      0x4c5 src/main.o
 *fill*         0x004327ad        0x3 
 .rodata.calibri_36_0x7b
                0x004327b0       0x10 src/main.o
 .rodata.image_data_calibri_36_0x7c
                0x004327c0      0x75f src/main.o
 *fill*         0x00432f1f        0x1 
 .rodata.calibri_36_0x7c
                0x00432f20       0x10 src/main.o
 .rodata.image_data_calibri_36_0x7d
                0x00432f30      0x4c5 src/main.o
 *fill*         0x004333f5        0x3 
 .rodata.calibri_36_0x7d
                0x004333f8       0x10 src/main.o
 .rodata.image_data_calibri_36_0x7e
                0x00433408      0x7ce src/main.o
 *fill*         0x00433bd6        0x2 
 .rodata.calibri_36_0x7e
                0x00433bd8       0x10 src/main.o
 .rodata.calibri_36_array
                0x00433be8      0x2f8 src/main.o
 .rodata.calibri_36
                0x00433ee0        0xc src/main.o
                0x00433ee0                calibri_36
 .rodata        0x00433eec       0x34 src/main.o
 .rodata._global_impure_ptr
                0x00433f20        0x4 c:/program files (x86)/atmel/studio/7.0/toolchain/arm/arm-gnu-toolchain/bin/../lib/gcc/arm-none-eabi/6.3.1/../../../../arm-none-eabi/lib/thumb/v7e-m\libc.a(lib_a-impure.o)
                0x00433f20                _global_impure_ptr
 .rodata._svfprintf_r.str1.4
                0x00433f24       0x42 c:/program files (x86)/atmel/studio/7.0/toolchain/arm/arm-gnu-toolchain/bin/../lib/gcc/arm-none-eabi/6.3.1/../../../../arm-none-eabi/lib/thumb/v7e-m\libc.a(lib_a-svfprintf.o)
 *fill*         0x00433f66        0x2 
 .rodata.blanks.7223
                0x00433f68       0x10 c:/program files (x86)/atmel/studio/7.0/toolchain/arm/arm-gnu-toolchain/bin/../lib/gcc/arm-none-eabi/6.3.1/../../../../arm-none-eabi/lib/thumb/v7e-m\libc.a(lib_a-svfprintf.o)
 .rodata.zeroes.7224
                0x00433f78       0x10 c:/program files (x86)/atmel/studio/7.0/toolchain/arm/arm-gnu-toolchain/bin/../lib/gcc/arm-none-eabi/6.3.1/../../../../arm-none-eabi/lib/thumb/v7e-m\libc.a(lib_a-svfprintf.o)
 .rodata._dtoa_r.str1.4
                0x00433f88       0x10 c:/program files (x86)/atmel/studio/7.0/toolchain/arm/arm-gnu-toolchain/bin/../lib/gcc/arm-none-eabi/6.3.1/../../../../arm-none-eabi/lib/thumb/v7e-m\libc.a(lib_a-dtoa.o)
                                 0x12 (size before relaxing)
 .rodata.__mprec_bigtens
                0x00433f98       0x28 c:/program files (x86)/atmel/studio/7.0/toolchain/arm/arm-gnu-toolchain/bin/../lib/gcc/arm-none-eabi/6.3.1/../../../../arm-none-eabi/lib/thumb/v7e-m\libc.a(lib_a-mprec.o)
                0x00433f98                __mprec_bigtens
 .rodata.__mprec_tens
                0x00433fc0       0xc8 c:/program files (x86)/atmel/studio/7.0/toolchain/arm/arm-gnu-toolchain/bin/../lib/gcc/arm-none-eabi/6.3.1/../../../../arm-none-eabi/lib/thumb/v7e-m\libc.a(lib_a-mprec.o)
                0x00433fc0                __mprec_tens
 .rodata.p05.6055
                0x00434088        0xc c:/program files (x86)/atmel/studio/7.0/toolchain/arm/arm-gnu-toolchain/bin/../lib/gcc/arm-none-eabi/6.3.1/../../../../arm-none-eabi/lib/thumb/v7e-m\libc.a(lib_a-mprec.o)
 .rodata._setlocale_r.str1.4
                0x00434094        0xa c:/program files (x86)/atmel/studio/7.0/toolchain/arm/arm-gnu-toolchain/bin/../lib/gcc/arm-none-eabi/6.3.1/../../../../arm-none-eabi/lib/thumb/v7e-m\libc.a(lib_a-locale.o)
                                  0xd (size before relaxing)
 *fill*         0x0043409e        0x2 
 .rodata.str1.4
                0x004340a0        0x4 c:/program files (x86)/atmel/studio/7.0/toolchain/arm/arm-gnu-toolchain/bin/../lib/gcc/arm-none-eabi/6.3.1/../../../../arm-none-eabi/lib/thumb/v7e-m\libc.a(lib_a-locale.o)
                                  0x2 (size before relaxing)
 .rodata._ctype_
                0x004340a4      0x101 c:/program files (x86)/atmel/studio/7.0/toolchain/arm/arm-gnu-toolchain/bin/../lib/gcc/arm-none-eabi/6.3.1/../../../../arm-none-eabi/lib/thumb/v7e-m\libc.a(lib_a-ctype_.o)
                0x004340a4                _ctype_
 *(.ARM.extab* .gnu.linkonce.armextab.*)
                0x004341a8                . = ALIGN (0x4)
 *fill*         0x004341a5        0x3 
 *(.init)
 .init          0x004341a8        0x4 c:/program files (x86)/atmel/studio/7.0/toolchain/arm/arm-gnu-toolchain/bin/../lib/gcc/arm-none-eabi/6.3.1/thumb/v7e-m/crti.o
                0x004341a8                _init
 .init          0x004341ac        0x8 c:/program files (x86)/atmel/studio/7.0/toolchain/arm/arm-gnu-toolchain/bin/../lib/gcc/arm-none-eabi/6.3.1/thumb/v7e-m/crtn.o
                0x004341b4                . = ALIGN (0x4)
                0x004341b4                __preinit_array_start = .
 *(.preinit_array)
                0x004341b4                __preinit_array_end = .
                0x004341b4                . = ALIGN (0x4)
                0x004341b4                __init_array_start = .
 *(SORT(.init_array.*))
 .init_array.00000
                0x004341b4        0x4 c:/program files (x86)/atmel/studio/7.0/toolchain/arm/arm-gnu-toolchain/bin/../lib/gcc/arm-none-eabi/6.3.1/../../../../arm-none-eabi/lib/thumb/v7e-m\libc.a(lib_a-__call_atexit.o)
 *(.init_array)
 .init_array    0x004341b8        0x4 c:/program files (x86)/atmel/studio/7.0/toolchain/arm/arm-gnu-toolchain/bin/../lib/gcc/arm-none-eabi/6.3.1/thumb/v7e-m/crtbegin.o
                0x004341bc                __init_array_end = .
                0x004341bc                . = ALIGN (0x4)
 *crtbegin.o(.ctors)
 *(EXCLUDE_FILE(*crtend.o) .ctors)
 *(SORT(.ctors.*))
 *crtend.o(.ctors)
                0x004341bc                . = ALIGN (0x4)
 *(.fini)
 .fini          0x004341bc        0x4 c:/program files (x86)/atmel/studio/7.0/toolchain/arm/arm-gnu-toolchain/bin/../lib/gcc/arm-none-eabi/6.3.1/thumb/v7e-m/crti.o
                0x004341bc                _fini
 .fini          0x004341c0        0x8 c:/program files (x86)/atmel/studio/7.0/toolchain/arm/arm-gnu-toolchain/bin/../lib/gcc/arm-none-eabi/6.3.1/thumb/v7e-m/crtn.o
                0x004341c8                . = ALIGN (0x4)
                0x004341c8                __fini_array_start = .
 *(.fini_array)
 .fini_array    0x004341c8        0x4 c:/program files (x86)/atmel/studio/7.0/toolchain/arm/arm-gnu-toolchain/bin/../lib/gcc/arm-none-eabi/6.3.1/thumb/v7e-m/crtbegin.o
 *(SORT(.fini_array.*))
                0x004341cc                __fini_array_end = .
 *crtbegin.o(.dtors)
 *(EXCLUDE_FILE(*crtend.o) .dtors)
 *(SORT(.dtors.*))
 *crtend.o(.dtors)
                0x004341cc                . = ALIGN (0x4)
                0x004341cc                _efixed = .
                [!provide]                PROVIDE (__exidx_start, .)

.vfp11_veneer   0x004341cc        0x0
 .vfp11_veneer  0x004341cc        0x0 linker stubs

.v4_bx          0x004341cc        0x0
 .v4_bx         0x004341cc        0x0 linker stubs

.iplt           0x004341cc        0x0
 .iplt          0x004341cc        0x0 c:/program files (x86)/atmel/studio/7.0/toolchain/arm/arm-gnu-toolchain/bin/../lib/gcc/arm-none-eabi/6.3.1/thumb/v7e-m/crtbegin.o

.ARM.exidx      0x004341cc        0x8
 *(.ARM.exidx* .gnu.linkonce.armexidx.*)
 .ARM.exidx     0x004341cc        0x8 c:/program files (x86)/atmel/studio/7.0/toolchain/arm/arm-gnu-toolchain/bin/../lib/gcc/arm-none-eabi/6.3.1/thumb/v7e-m\libgcc.a(_udivmoddi4.o)
                [!provide]                PROVIDE (__exidx_end, .)

.eh_frame       0x004341d4        0x0
 .eh_frame      0x004341d4        0x0 c:/program files (x86)/atmel/studio/7.0/toolchain/arm/arm-gnu-toolchain/bin/../lib/gcc/arm-none-eabi/6.3.1/thumb/v7e-m/crtbegin.o

.rel.dyn        0x004341d4        0x0
 .rel.iplt      0x004341d4        0x0 c:/program files (x86)/atmel/studio/7.0/toolchain/arm/arm-gnu-toolchain/bin/../lib/gcc/arm-none-eabi/6.3.1/thumb/v7e-m/crtbegin.o

.jcr            0x004341d4        0x0
 .jcr           0x004341d4        0x0 c:/program files (x86)/atmel/studio/7.0/toolchain/arm/arm-gnu-toolchain/bin/../lib/gcc/arm-none-eabi/6.3.1/thumb/v7e-m/crtbegin.o

.igot.plt       0x004341d4        0x0
 .igot.plt      0x004341d4        0x0 c:/program files (x86)/atmel/studio/7.0/toolchain/arm/arm-gnu-toolchain/bin/../lib/gcc/arm-none-eabi/6.3.1/thumb/v7e-m/crtbegin.o
                0x004341d4                . = ALIGN (0x4)
                0x004341d4                _etext = .

.relocate       0x20400000      0x9b8 load address 0x004341d4
                0x20400000                . = ALIGN (0x4)
                0x20400000                _srelocate = .
 *(.ramfunc .ramfunc.*)
 *(.data .data.*)
 .data.g_interrupt_enabled
                0x20400000        0x1 src/ASF/common/utils/interrupt/interrupt_sam_nvic.o
                0x20400000                g_interrupt_enabled
 *fill*         0x20400001        0x3 
 .data.SystemCoreClock
                0x20400004        0x4 src/ASF/sam/utils/cmsis/same70/source/templates/system_same70.o
                0x20400004                SystemCoreClock
 .data._impure_ptr
                0x20400008        0x4 c:/program files (x86)/atmel/studio/7.0/toolchain/arm/arm-gnu-toolchain/bin/../lib/gcc/arm-none-eabi/6.3.1/../../../../arm-none-eabi/lib/thumb/v7e-m\libc.a(lib_a-impure.o)
                0x20400008                _impure_ptr
 *fill*         0x2040000c        0x4 
 .data.impure_data
                0x20400010      0x428 c:/program files (x86)/atmel/studio/7.0/toolchain/arm/arm-gnu-toolchain/bin/../lib/gcc/arm-none-eabi/6.3.1/../../../../arm-none-eabi/lib/thumb/v7e-m\libc.a(lib_a-impure.o)
 .data.__atexit_recursive_mutex
                0x20400438        0x4 c:/program files (x86)/atmel/studio/7.0/toolchain/arm/arm-gnu-toolchain/bin/../lib/gcc/arm-none-eabi/6.3.1/../../../../arm-none-eabi/lib/thumb/v7e-m\libc.a(lib_a-__call_atexit.o)
                0x20400438                __atexit_recursive_mutex
 .data.__malloc_av_
                0x2040043c      0x408 c:/program files (x86)/atmel/studio/7.0/toolchain/arm/arm-gnu-toolchain/bin/../lib/gcc/arm-none-eabi/6.3.1/../../../../arm-none-eabi/lib/thumb/v7e-m\libc.a(lib_a-mallocr.o)
                0x2040043c                __malloc_av_
 .data.__malloc_sbrk_base
                0x20400844        0x4 c:/program files (x86)/atmel/studio/7.0/toolchain/arm/arm-gnu-toolchain/bin/../lib/gcc/arm-none-eabi/6.3.1/../../../../arm-none-eabi/lib/thumb/v7e-m\libc.a(lib_a-mallocr.o)
                0x20400844                __malloc_sbrk_base
 .data.__malloc_trim_threshold
                0x20400848        0x4 c:/program files (x86)/atmel/studio/7.0/toolchain/arm/arm-gnu-toolchain/bin/../lib/gcc/arm-none-eabi/6.3.1/../../../../arm-none-eabi/lib/thumb/v7e-m\libc.a(lib_a-mallocr.o)
                0x20400848                __malloc_trim_threshold
 .data.__global_locale
                0x2040084c      0x16c c:/program files (x86)/atmel/studio/7.0/toolchain/arm/arm-gnu-toolchain/bin/../lib/gcc/arm-none-eabi/6.3.1/../../../../arm-none-eabi/lib/thumb/v7e-m\libc.a(lib_a-locale.o)
                0x2040084c                __global_locale
                0x204009b8                . = ALIGN (0x4)
                0x204009b8                _erelocate = .

.bss            0x204009b8      0x520 load address 0x00434b8c
                0x204009b8                . = ALIGN (0x4)
                0x204009b8                _sbss = .
                0x204009b8                _szero = .
 *(.bss .bss.*)
 .bss           0x204009b8       0x1c c:/program files (x86)/atmel/studio/7.0/toolchain/arm/arm-gnu-toolchain/bin/../lib/gcc/arm-none-eabi/6.3.1/thumb/v7e-m/crtbegin.o
 .bss.g_ul_pixel_cache
                0x204009d4      0x3c0 src/ASF/sam/components/display/ili9488/ili9488.o
 .bss.gs_interrupt_sources
                0x20400d94       0x70 src/ASF/sam/drivers/pio/pio_handler.o
 .bss.gs_ul_nb_sources
                0x20400e04        0x4 src/ASF/sam/drivers/pio/pio_handler.o
 .bss.heap.6420
                0x20400e08        0x4 src/ASF/sam/utils/syscalls/gcc/syscalls.o
 .bss.__malloc_current_mallinfo
                0x20400e0c       0x28 c:/program files (x86)/atmel/studio/7.0/toolchain/arm/arm-gnu-toolchain/bin/../lib/gcc/arm-none-eabi/6.3.1/../../../../arm-none-eabi/lib/thumb/v7e-m\libc.a(lib_a-mallocr.o)
                0x20400e0c                __malloc_current_mallinfo
 .bss.__malloc_max_sbrked_mem
                0x20400e34        0x4 c:/program files (x86)/atmel/studio/7.0/toolchain/arm/arm-gnu-toolchain/bin/../lib/gcc/arm-none-eabi/6.3.1/../../../../arm-none-eabi/lib/thumb/v7e-m\libc.a(lib_a-mallocr.o)
                0x20400e34                __malloc_max_sbrked_mem
 .bss.__malloc_max_total_mem
                0x20400e38        0x4 c:/program files (x86)/atmel/studio/7.0/toolchain/arm/arm-gnu-toolchain/bin/../lib/gcc/arm-none-eabi/6.3.1/../../../../arm-none-eabi/lib/thumb/v7e-m\libc.a(lib_a-mallocr.o)
                0x20400e38                __malloc_max_total_mem
 .bss.__malloc_top_pad
                0x20400e3c        0x4 c:/program files (x86)/atmel/studio/7.0/toolchain/arm/arm-gnu-toolchain/bin/../lib/gcc/arm-none-eabi/6.3.1/../../../../arm-none-eabi/lib/thumb/v7e-m\libc.a(lib_a-mallocr.o)
                0x20400e3c                __malloc_top_pad
 *(COMMON)
 COMMON         0x20400e40       0x70 src/main.o
                0x20400e40                string_vel
                0x20400e60                string_dist
                0x20400e80                string_time
                0x20400ea0                g_ili9488_display_opt
 COMMON         0x20400eb0       0x21 c:/program files (x86)/atmel/studio/7.0/toolchain/arm/arm-gnu-toolchain/bin/../lib/gcc/arm-none-eabi/6.3.1/../../../../arm-none-eabi/lib/thumb/v7e-m\libc.a(lib_a-lock.o)
                0x20400eb0                __lock___atexit_recursive_mutex
                0x20400eb4                __lock___arc4random_mutex
                0x20400eb8                __lock___env_recursive_mutex
                0x20400ebc                __lock___sinit_recursive_mutex
                0x20400ec0                __lock___malloc_recursive_mutex
                0x20400ec4                __lock___at_quick_exit_mutex
                0x20400ec8                __lock___dd_hash_mutex
                0x20400ecc                __lock___tz_mutex
                0x20400ed0                __lock___sfp_recursive_mutex
 *fill*         0x20400ed1        0x3 
 COMMON         0x20400ed4        0x4 c:/program files (x86)/atmel/studio/7.0/toolchain/arm/arm-gnu-toolchain/bin/../lib/gcc/arm-none-eabi/6.3.1/../../../../arm-none-eabi/lib/thumb/v7e-m\libc.a(lib_a-reent.o)
                0x20400ed4                errno
                0x20400ed8                . = ALIGN (0x4)
                0x20400ed8                _ebss = .
                0x20400ed8                _ezero = .

.stack          0x20400ed8     0x2000 load address 0x004350ac
                0x20400ed8                . = ALIGN (0x8)
                0x20400ed8                _sstack = .
                0x20402ed8                . = (. + STACK_SIZE)
 *fill*         0x20400ed8     0x2000 
                0x20402ed8                . = ALIGN (0x8)
                0x20402ed8                _estack = .

.heap           0x20402ed8      0x200 load address 0x004370ac
                0x20402ed8                . = ALIGN (0x8)
                0x20402ed8                _sheap = .
                0x204030d8                . = (. + HEAP_SIZE)
 *fill*         0x20402ed8      0x200 
                0x204030d8                . = ALIGN (0x8)
                0x204030d8                _eheap = .
                0x204030d8                . = ALIGN (0x4)
                0x204030d8                _end = .
                0x2045ffff                _ram_end_ = ((ORIGIN (ram) + LENGTH (ram)) - 0x1)
OUTPUT(SAME70_FONTS.elf elf32-littlearm)

.ARM.attributes
                0x00000000       0x2e
 .ARM.attributes
                0x00000000       0x1e c:/program files (x86)/atmel/studio/7.0/toolchain/arm/arm-gnu-toolchain/bin/../lib/gcc/arm-none-eabi/6.3.1/thumb/v7e-m/crti.o
 .ARM.attributes
                0x0000001e       0x2e c:/program files (x86)/atmel/studio/7.0/toolchain/arm/arm-gnu-toolchain/bin/../lib/gcc/arm-none-eabi/6.3.1/thumb/v7e-m/crtbegin.o
 .ARM.attributes
                0x0000004c       0x37 src/main.o
 .ARM.attributes
                0x00000083       0x37 src/ASF/common/services/spi/sam_spi/spi_master.o
 .ARM.attributes
                0x000000ba       0x37 src/ASF/sam/components/display/ili9488/ili9488.o
 .ARM.attributes
                0x000000f1       0x37 src/ASF/sam/drivers/spi/spi.o
 .ARM.attributes
                0x00000128       0x37 src/ASF/common/services/clock/same70/sysclk.o
 .ARM.attributes
                0x0000015f       0x37 src/ASF/common/utils/interrupt/interrupt_sam_nvic.o
 .ARM.attributes
                0x00000196       0x37 src/ASF/sam/boards/same70_xplained/init.o
 .ARM.attributes
                0x000001cd       0x37 src/ASF/sam/drivers/pio/pio.o
 .ARM.attributes
                0x00000204       0x37 src/ASF/sam/drivers/pio/pio_handler.o
 .ARM.attributes
                0x0000023b       0x37 src/ASF/sam/drivers/pmc/pmc.o
 .ARM.attributes
                0x00000272       0x37 src/ASF/sam/utils/cmsis/same70/source/templates/gcc/startup_same70.o
 .ARM.attributes
                0x000002a9       0x37 src/ASF/sam/utils/cmsis/same70/source/templates/system_same70.o
 .ARM.attributes
                0x000002e0       0x37 src/ASF/sam/utils/syscalls/gcc/syscalls.o
 .ARM.attributes
                0x00000317       0x2e c:/program files (x86)/atmel/studio/7.0/toolchain/arm/arm-gnu-toolchain/bin/../lib/gcc/arm-none-eabi/6.3.1/../../../../arm-none-eabi/lib/thumb/v7e-m\libc.a(lib_a-impure.o)
 .ARM.attributes
                0x00000345       0x2e c:/program files (x86)/atmel/studio/7.0/toolchain/arm/arm-gnu-toolchain/bin/../lib/gcc/arm-none-eabi/6.3.1/../../../../arm-none-eabi/lib/thumb/v7e-m\libc.a(lib_a-init.o)
 .ARM.attributes
                0x00000373       0x2e c:/program files (x86)/atmel/studio/7.0/toolchain/arm/arm-gnu-toolchain/bin/../lib/gcc/arm-none-eabi/6.3.1/../../../../arm-none-eabi/lib/thumb/v7e-m\libc.a(lib_a-memset.o)
 .ARM.attributes
                0x000003a1       0x2e c:/program files (x86)/atmel/studio/7.0/toolchain/arm/arm-gnu-toolchain/bin/../lib/gcc/arm-none-eabi/6.3.1/../../../../arm-none-eabi/lib/thumb/v7e-m\libc.a(lib_a-sprintf.o)
 .ARM.attributes
                0x000003cf       0x2e c:/program files (x86)/atmel/studio/7.0/toolchain/arm/arm-gnu-toolchain/bin/../lib/gcc/arm-none-eabi/6.3.1/../../../../arm-none-eabi/lib/thumb/v7e-m\libc.a(lib_a-svfprintf.o)
 .ARM.attributes
                0x000003fd       0x2e c:/program files (x86)/atmel/studio/7.0/toolchain/arm/arm-gnu-toolchain/bin/../lib/gcc/arm-none-eabi/6.3.1/../../../../arm-none-eabi/lib/thumb/v7e-m\libc.a(lib_a-__call_atexit.o)
 .ARM.attributes
                0x0000042b       0x2e c:/program files (x86)/atmel/studio/7.0/toolchain/arm/arm-gnu-toolchain/bin/../lib/gcc/arm-none-eabi/6.3.1/../../../../arm-none-eabi/lib/thumb/v7e-m\libc.a(lib_a-atexit.o)
 .ARM.attributes
                0x00000459       0x2e c:/program files (x86)/atmel/studio/7.0/toolchain/arm/arm-gnu-toolchain/bin/../lib/gcc/arm-none-eabi/6.3.1/../../../../arm-none-eabi/lib/thumb/v7e-m\libc.a(lib_a-dtoa.o)
 .ARM.attributes
                0x00000487       0x2e c:/program files (x86)/atmel/studio/7.0/toolchain/arm/arm-gnu-toolchain/bin/../lib/gcc/arm-none-eabi/6.3.1/../../../../arm-none-eabi/lib/thumb/v7e-m\libc.a(lib_a-fini.o)
 .ARM.attributes
                0x000004b5       0x2e c:/program files (x86)/atmel/studio/7.0/toolchain/arm/arm-gnu-toolchain/bin/../lib/gcc/arm-none-eabi/6.3.1/../../../../arm-none-eabi/lib/thumb/v7e-m\libc.a(lib_a-localeconv.o)
 .ARM.attributes
                0x000004e3       0x2e c:/program files (x86)/atmel/studio/7.0/toolchain/arm/arm-gnu-toolchain/bin/../lib/gcc/arm-none-eabi/6.3.1/../../../../arm-none-eabi/lib/thumb/v7e-m\libc.a(lib_a-lock.o)
 .ARM.attributes
                0x00000511       0x2e c:/program files (x86)/atmel/studio/7.0/toolchain/arm/arm-gnu-toolchain/bin/../lib/gcc/arm-none-eabi/6.3.1/../../../../arm-none-eabi/lib/thumb/v7e-m\libc.a(lib_a-mallocr.o)
 .ARM.attributes
                0x0000053f       0x1c c:/program files (x86)/atmel/studio/7.0/toolchain/arm/arm-gnu-toolchain/bin/../lib/gcc/arm-none-eabi/6.3.1/../../../../arm-none-eabi/lib/thumb/v7e-m\libc.a(lib_a-memchr.o)
 .ARM.attributes
                0x0000055b       0x1c c:/program files (x86)/atmel/studio/7.0/toolchain/arm/arm-gnu-toolchain/bin/../lib/gcc/arm-none-eabi/6.3.1/../../../../arm-none-eabi/lib/thumb/v7e-m\libc.a(lib_a-memcpy.o)
 .ARM.attributes
                0x00000577       0x2e c:/program files (x86)/atmel/studio/7.0/toolchain/arm/arm-gnu-toolchain/bin/../lib/gcc/arm-none-eabi/6.3.1/../../../../arm-none-eabi/lib/thumb/v7e-m\libc.a(lib_a-mlock.o)
 .ARM.attributes
                0x000005a5       0x2e c:/program files (x86)/atmel/studio/7.0/toolchain/arm/arm-gnu-toolchain/bin/../lib/gcc/arm-none-eabi/6.3.1/../../../../arm-none-eabi/lib/thumb/v7e-m\libc.a(lib_a-mprec.o)
 .ARM.attributes
                0x000005d3       0x2e c:/program files (x86)/atmel/studio/7.0/toolchain/arm/arm-gnu-toolchain/bin/../lib/gcc/arm-none-eabi/6.3.1/../../../../arm-none-eabi/lib/thumb/v7e-m\libc.a(lib_a-sbrkr.o)
 .ARM.attributes
                0x00000601       0x1c c:/program files (x86)/atmel/studio/7.0/toolchain/arm/arm-gnu-toolchain/bin/../lib/gcc/arm-none-eabi/6.3.1/../../../../arm-none-eabi/lib/thumb/v7e-m\libc.a(lib_a-strlen.o)
 .ARM.attributes
                0x0000061d       0x2e c:/program files (x86)/atmel/studio/7.0/toolchain/arm/arm-gnu-toolchain/bin/../lib/gcc/arm-none-eabi/6.3.1/../../../../arm-none-eabi/lib/thumb/v7e-m\libc.a(lib_a-svfiprintf.o)
 .ARM.attributes
                0x0000064b       0x2e c:/program files (x86)/atmel/studio/7.0/toolchain/arm/arm-gnu-toolchain/bin/../lib/gcc/arm-none-eabi/6.3.1/../../../../arm-none-eabi/lib/thumb/v7e-m\libc.a(lib_a-__atexit.o)
 .ARM.attributes
                0x00000679       0x2e c:/program files (x86)/atmel/studio/7.0/toolchain/arm/arm-gnu-toolchain/bin/../lib/gcc/arm-none-eabi/6.3.1/../../../../arm-none-eabi/lib/thumb/v7e-m\libc.a(lib_a-callocr.o)
 .ARM.attributes
                0x000006a7       0x2e c:/program files (x86)/atmel/studio/7.0/toolchain/arm/arm-gnu-toolchain/bin/../lib/gcc/arm-none-eabi/6.3.1/../../../../arm-none-eabi/lib/thumb/v7e-m\libc.a(lib_a-freer.o)
 .ARM.attributes
                0x000006d5       0x2e c:/program files (x86)/atmel/studio/7.0/toolchain/arm/arm-gnu-toolchain/bin/../lib/gcc/arm-none-eabi/6.3.1/../../../../arm-none-eabi/lib/thumb/v7e-m\libc.a(lib_a-locale.o)
 .ARM.attributes
                0x00000703       0x2e c:/program files (x86)/atmel/studio/7.0/toolchain/arm/arm-gnu-toolchain/bin/../lib/gcc/arm-none-eabi/6.3.1/../../../../arm-none-eabi/lib/thumb/v7e-m\libc.a(lib_a-mbtowc_r.o)
 .ARM.attributes
                0x00000731       0x2e c:/program files (x86)/atmel/studio/7.0/toolchain/arm/arm-gnu-toolchain/bin/../lib/gcc/arm-none-eabi/6.3.1/../../../../arm-none-eabi/lib/thumb/v7e-m\libc.a(lib_a-memmove.o)
 .ARM.attributes
                0x0000075f       0x2e c:/program files (x86)/atmel/studio/7.0/toolchain/arm/arm-gnu-toolchain/bin/../lib/gcc/arm-none-eabi/6.3.1/../../../../arm-none-eabi/lib/thumb/v7e-m\libc.a(lib_a-reallocr.o)
 .ARM.attributes
                0x0000078d       0x2e c:/program files (x86)/atmel/studio/7.0/toolchain/arm/arm-gnu-toolchain/bin/../lib/gcc/arm-none-eabi/6.3.1/../../../../arm-none-eabi/lib/thumb/v7e-m\libc.a(lib_a-reent.o)
 .ARM.attributes
                0x000007bb       0x2e c:/program files (x86)/atmel/studio/7.0/toolchain/arm/arm-gnu-toolchain/bin/../lib/gcc/arm-none-eabi/6.3.1/../../../../arm-none-eabi/lib/thumb/v7e-m\libc.a(lib_a-wctomb_r.o)
 .ARM.attributes
                0x000007e9       0x2e c:/program files (x86)/atmel/studio/7.0/toolchain/arm/arm-gnu-toolchain/bin/../lib/gcc/arm-none-eabi/6.3.1/../../../../arm-none-eabi/lib/thumb/v7e-m\libc.a(lib_a-ctype_.o)
 .ARM.attributes
                0x00000817       0x1e c:/program files (x86)/atmel/studio/7.0/toolchain/arm/arm-gnu-toolchain/bin/../lib/gcc/arm-none-eabi/6.3.1/thumb/v7e-m\libgcc.a(_arm_addsubdf3.o)
 .ARM.attributes
                0x00000835       0x1e c:/program files (x86)/atmel/studio/7.0/toolchain/arm/arm-gnu-toolchain/bin/../lib/gcc/arm-none-eabi/6.3.1/thumb/v7e-m\libgcc.a(_arm_muldivdf3.o)
 .ARM.attributes
                0x00000853       0x1e c:/program files (x86)/atmel/studio/7.0/toolchain/arm/arm-gnu-toolchain/bin/../lib/gcc/arm-none-eabi/6.3.1/thumb/v7e-m\libgcc.a(_arm_cmpdf2.o)
 .ARM.attributes
                0x00000871       0x1e c:/program files (x86)/atmel/studio/7.0/toolchain/arm/arm-gnu-toolchain/bin/../lib/gcc/arm-none-eabi/6.3.1/thumb/v7e-m\libgcc.a(_arm_unorddf2.o)
 .ARM.attributes
                0x0000088f       0x1e c:/program files (x86)/atmel/studio/7.0/toolchain/arm/arm-gnu-toolchain/bin/../lib/gcc/arm-none-eabi/6.3.1/thumb/v7e-m\libgcc.a(_arm_fixdfsi.o)
 .ARM.attributes
                0x000008ad       0x1e c:/program files (x86)/atmel/studio/7.0/toolchain/arm/arm-gnu-toolchain/bin/../lib/gcc/arm-none-eabi/6.3.1/thumb/v7e-m\libgcc.a(_aeabi_uldivmod.o)
 .ARM.attributes
                0x000008cb       0x2e c:/program files (x86)/atmel/studio/7.0/toolchain/arm/arm-gnu-toolchain/bin/../lib/gcc/arm-none-eabi/6.3.1/thumb/v7e-m\libgcc.a(_udivmoddi4.o)
 .ARM.attributes
                0x000008f9       0x1e c:/program files (x86)/atmel/studio/7.0/toolchain/arm/arm-gnu-toolchain/bin/../lib/gcc/arm-none-eabi/6.3.1/thumb/v7e-m\libgcc.a(_dvmd_tls.o)
 .ARM.attributes
                0x00000917       0x1e c:/program files (x86)/atmel/studio/7.0/toolchain/arm/arm-gnu-toolchain/bin/../lib/gcc/arm-none-eabi/6.3.1/thumb/v7e-m/crtn.o

.comment        0x00000000       0x59
 .comment       0x00000000       0x59 src/main.o
                                 0x5a (size before relaxing)
 .comment       0x00000059       0x5a src/ASF/common/services/spi/sam_spi/spi_master.o
 .comment       0x00000059       0x5a src/ASF/sam/components/display/ili9488/ili9488.o
 .comment       0x00000059       0x5a src/ASF/sam/drivers/spi/spi.o
 .comment       0x00000059       0x5a src/ASF/common/services/clock/same70/sysclk.o
 .comment       0x00000059       0x5a src/ASF/common/utils/interrupt/interrupt_sam_nvic.o
 .comment       0x00000059       0x5a src/ASF/sam/boards/same70_xplained/init.o
 .comment       0x00000059       0x5a src/ASF/sam/drivers/pio/pio.o
 .comment       0x00000059       0x5a src/ASF/sam/drivers/pio/pio_handler.o
 .comment       0x00000059       0x5a src/ASF/sam/drivers/pmc/pmc.o
 .comment       0x00000059       0x5a src/ASF/sam/utils/cmsis/same70/source/templates/gcc/startup_same70.o
 .comment       0x00000059       0x5a src/ASF/sam/utils/cmsis/same70/source/templates/system_same70.o
 .comment       0x00000059       0x5a src/ASF/sam/utils/syscalls/gcc/syscalls.o

.debug_info     0x00000000    0x1326f
 .debug_info    0x00000000     0x30d8 src/main.o
 .debug_info    0x000030d8     0x143e src/ASF/common/services/spi/sam_spi/spi_master.o
 .debug_info    0x00004516     0x208c src/ASF/sam/components/display/ili9488/ili9488.o
 .debug_info    0x000065a2     0x1123 src/ASF/sam/drivers/spi/spi.o
 .debug_info    0x000076c5     0x1311 src/ASF/common/services/clock/same70/sysclk.o
 .debug_info    0x000089d6      0xb06 src/ASF/common/utils/interrupt/interrupt_sam_nvic.o
 .debug_info    0x000094dc     0x1dad src/ASF/sam/boards/same70_xplained/init.o
 .debug_info    0x0000b289     0x1ce3 src/ASF/sam/drivers/pio/pio.o
 .debug_info    0x0000cf6c     0x1a74 src/ASF/sam/drivers/pio/pio_handler.o
 .debug_info    0x0000e9e0     0x1eed src/ASF/sam/drivers/pmc/pmc.o
 .debug_info    0x000108cd     0x1612 src/ASF/sam/utils/cmsis/same70/source/templates/gcc/startup_same70.o
 .debug_info    0x00011edf      0x5d4 src/ASF/sam/utils/cmsis/same70/source/templates/system_same70.o
 .debug_info    0x000124b3      0xdbc src/ASF/sam/utils/syscalls/gcc/syscalls.o

.debug_abbrev   0x00000000     0x22be
 .debug_abbrev  0x00000000      0x317 src/main.o
 .debug_abbrev  0x00000317      0x305 src/ASF/common/services/spi/sam_spi/spi_master.o
 .debug_abbrev  0x0000061c      0x2f4 src/ASF/sam/components/display/ili9488/ili9488.o
 .debug_abbrev  0x00000910      0x2cf src/ASF/sam/drivers/spi/spi.o
 .debug_abbrev  0x00000bdf      0x296 src/ASF/common/services/clock/same70/sysclk.o
 .debug_abbrev  0x00000e75      0x214 src/ASF/common/utils/interrupt/interrupt_sam_nvic.o
 .debug_abbrev  0x00001089      0x3f4 src/ASF/sam/boards/same70_xplained/init.o
 .debug_abbrev  0x0000147d      0x296 src/ASF/sam/drivers/pio/pio.o
 .debug_abbrev  0x00001713      0x2c9 src/ASF/sam/drivers/pio/pio_handler.o
 .debug_abbrev  0x000019dc      0x2ce src/ASF/sam/drivers/pmc/pmc.o
 .debug_abbrev  0x00001caa      0x2e8 src/ASF/sam/utils/cmsis/same70/source/templates/gcc/startup_same70.o
 .debug_abbrev  0x00001f92      0x102 src/ASF/sam/utils/cmsis/same70/source/templates/system_same70.o
 .debug_abbrev  0x00002094      0x22a src/ASF/sam/utils/syscalls/gcc/syscalls.o

.debug_loc      0x00000000     0x57d8
 .debug_loc     0x00000000      0x288 src/main.o
 .debug_loc     0x00000288      0x830 src/ASF/common/services/spi/sam_spi/spi_master.o
 .debug_loc     0x00000ab8      0xd20 src/ASF/sam/components/display/ili9488/ili9488.o
 .debug_loc     0x000017d8      0x630 src/ASF/sam/drivers/spi/spi.o
 .debug_loc     0x00001e08      0x4a0 src/ASF/common/services/clock/same70/sysclk.o
 .debug_loc     0x000022a8       0xa0 src/ASF/common/utils/interrupt/interrupt_sam_nvic.o
 .debug_loc     0x00002348      0x2fc src/ASF/sam/boards/same70_xplained/init.o
 .debug_loc     0x00002644     0x1174 src/ASF/sam/drivers/pio/pio.o
 .debug_loc     0x000037b8      0x38c src/ASF/sam/drivers/pio/pio_handler.o
 .debug_loc     0x00003b44     0x1744 src/ASF/sam/drivers/pmc/pmc.o
 .debug_loc     0x00005288      0x16c src/ASF/sam/utils/cmsis/same70/source/templates/gcc/startup_same70.o
 .debug_loc     0x000053f4       0xe4 src/ASF/sam/utils/cmsis/same70/source/templates/system_same70.o
 .debug_loc     0x000054d8      0x300 src/ASF/sam/utils/syscalls/gcc/syscalls.o

.debug_aranges  0x00000000      0x9c0
 .debug_aranges
                0x00000000       0x60 src/main.o
 .debug_aranges
                0x00000060       0xe0 src/ASF/common/services/spi/sam_spi/spi_master.o
 .debug_aranges
                0x00000140      0x168 src/ASF/sam/components/display/ili9488/ili9488.o
 .debug_aranges
                0x000002a8       0xa8 src/ASF/sam/drivers/spi/spi.o
 .debug_aranges
                0x00000350       0x98 src/ASF/common/services/clock/same70/sysclk.o
 .debug_aranges
                0x000003e8       0x28 src/ASF/common/utils/interrupt/interrupt_sam_nvic.o
 .debug_aranges
                0x00000410       0x68 src/ASF/sam/boards/same70_xplained/init.o
 .debug_aranges
                0x00000478      0x1a8 src/ASF/sam/drivers/pio/pio.o
 .debug_aranges
                0x00000620       0x80 src/ASF/sam/drivers/pio/pio_handler.o
 .debug_aranges
                0x000006a0      0x250 src/ASF/sam/drivers/pmc/pmc.o
 .debug_aranges
                0x000008f0       0x40 src/ASF/sam/utils/cmsis/same70/source/templates/gcc/startup_same70.o
 .debug_aranges
                0x00000930       0x30 src/ASF/sam/utils/cmsis/same70/source/templates/system_same70.o
 .debug_aranges
                0x00000960       0x60 src/ASF/sam/utils/syscalls/gcc/syscalls.o

.debug_ranges   0x00000000      0x968
 .debug_ranges  0x00000000       0x50 src/main.o
 .debug_ranges  0x00000050       0xd0 src/ASF/common/services/spi/sam_spi/spi_master.o
 .debug_ranges  0x00000120      0x158 src/ASF/sam/components/display/ili9488/ili9488.o
 .debug_ranges  0x00000278       0x98 src/ASF/sam/drivers/spi/spi.o
 .debug_ranges  0x00000310       0x88 src/ASF/common/services/clock/same70/sysclk.o
 .debug_ranges  0x00000398       0x18 src/ASF/common/utils/interrupt/interrupt_sam_nvic.o
 .debug_ranges  0x000003b0       0xd0 src/ASF/sam/boards/same70_xplained/init.o
 .debug_ranges  0x00000480      0x198 src/ASF/sam/drivers/pio/pio.o
 .debug_ranges  0x00000618       0x70 src/ASF/sam/drivers/pio/pio_handler.o
 .debug_ranges  0x00000688      0x240 src/ASF/sam/drivers/pmc/pmc.o
 .debug_ranges  0x000008c8       0x30 src/ASF/sam/utils/cmsis/same70/source/templates/gcc/startup_same70.o
 .debug_ranges  0x000008f8       0x20 src/ASF/sam/utils/cmsis/same70/source/templates/system_same70.o
 .debug_ranges  0x00000918       0x50 src/ASF/sam/utils/syscalls/gcc/syscalls.o

.debug_macro    0x00000000     0x72d6
 .debug_macro   0x00000000      0x859 src/main.o
 .debug_macro   0x00000859       0x3a src/main.o
 .debug_macro   0x00000893      0x2c3 src/main.o
 .debug_macro   0x00000b56      0xa91 src/main.o
 .debug_macro   0x000015e7       0x70 src/main.o
 .debug_macro   0x00001657       0x64 src/main.o
 .debug_macro   0x000016bb       0x5f src/main.o
 .debug_macro   0x0000171a       0xac src/main.o
 .debug_macro   0x000017c6       0x28 src/main.o
 .debug_macro   0x000017ee       0x22 src/main.o
 .debug_macro   0x00001810       0x16 src/main.o
 .debug_macro   0x00001826      0x41e src/main.o
 .debug_macro   0x00001c44       0x94 src/main.o
 .debug_macro   0x00001cd8       0x40 src/main.o
 .debug_macro   0x00001d18       0x88 src/main.o
 .debug_macro   0x00001da0      0x1c8 src/main.o
 .debug_macro   0x00001f68       0x34 src/main.o
 .debug_macro   0x00001f9c       0x16 src/main.o
 .debug_macro   0x00001fb2       0x1c src/main.o
 .debug_macro   0x00001fce       0x16 src/main.o
 .debug_macro   0x00001fe4       0x28 src/main.o
 .debug_macro   0x0000200c       0x2e src/main.o
 .debug_macro   0x0000203a      0x733 src/ASF/common/services/spi/sam_spi/spi_master.o
 .debug_macro   0x0000276d      0x772 src/ASF/sam/components/display/ili9488/ili9488.o
 .debug_macro   0x00002edf       0x16 src/ASF/sam/components/display/ili9488/ili9488.o
 .debug_macro   0x00002ef5      0x6fb src/ASF/sam/drivers/spi/spi.o
 .debug_macro   0x000035f0       0x10 src/ASF/sam/drivers/spi/spi.o
 .debug_macro   0x00003600      0x6f2 src/ASF/common/services/clock/same70/sysclk.o
 .debug_macro   0x00003cf2      0x2bd src/ASF/common/services/clock/same70/sysclk.o
 .debug_macro   0x00003faf      0x676 src/ASF/common/utils/interrupt/interrupt_sam_nvic.o
 .debug_macro   0x00004625      0x72e src/ASF/sam/boards/same70_xplained/init.o
 .debug_macro   0x00004d53       0x16 src/ASF/sam/boards/same70_xplained/init.o
 .debug_macro   0x00004d69       0x82 src/ASF/sam/boards/same70_xplained/init.o
 .debug_macro   0x00004deb      0x68c src/ASF/sam/drivers/pio/pio.o
 .debug_macro   0x00005477       0x8e src/ASF/sam/drivers/pio/pio.o
 .debug_macro   0x00005505      0x697 src/ASF/sam/drivers/pio/pio_handler.o
 .debug_macro   0x00005b9c      0x68c src/ASF/sam/drivers/pmc/pmc.o
 .debug_macro   0x00006228       0x6a src/ASF/sam/drivers/pmc/pmc.o
 .debug_macro   0x00006292      0x685 src/ASF/sam/utils/cmsis/same70/source/templates/gcc/startup_same70.o
 .debug_macro   0x00006917       0x10 src/ASF/sam/utils/cmsis/same70/source/templates/gcc/startup_same70.o
 .debug_macro   0x00006927      0x473 src/ASF/sam/utils/cmsis/same70/source/templates/system_same70.o
 .debug_macro   0x00006d9a      0x1d6 src/ASF/sam/utils/syscalls/gcc/syscalls.o
 .debug_macro   0x00006f70       0x97 src/ASF/sam/utils/syscalls/gcc/syscalls.o
 .debug_macro   0x00007007       0xf6 src/ASF/sam/utils/syscalls/gcc/syscalls.o
 .debug_macro   0x000070fd       0x4c src/ASF/sam/utils/syscalls/gcc/syscalls.o
 .debug_macro   0x00007149       0x16 src/ASF/sam/utils/syscalls/gcc/syscalls.o
 .debug_macro   0x0000715f       0x10 src/ASF/sam/utils/syscalls/gcc/syscalls.o
 .debug_macro   0x0000716f       0x10 src/ASF/sam/utils/syscalls/gcc/syscalls.o
 .debug_macro   0x0000717f       0x35 src/ASF/sam/utils/syscalls/gcc/syscalls.o
 .debug_macro   0x000071b4      0x122 src/ASF/sam/utils/syscalls/gcc/syscalls.o

.debug_line     0x00000000     0xa1af
 .debug_line    0x00000000      0xef4 src/main.o
 .debug_line    0x00000ef4      0xdd7 src/ASF/common/services/spi/sam_spi/spi_master.o
 .debug_line    0x00001ccb     0x1216 src/ASF/sam/components/display/ili9488/ili9488.o
 .debug_line    0x00002ee1      0xcbe src/ASF/sam/drivers/spi/spi.o
 .debug_line    0x00003b9f      0xc89 src/ASF/common/services/clock/same70/sysclk.o
 .debug_line    0x00004828      0xa2a src/ASF/common/utils/interrupt/interrupt_sam_nvic.o
 .debug_line    0x00005252      0xd9a src/ASF/sam/boards/same70_xplained/init.o
 .debug_line    0x00005fec      0xe39 src/ASF/sam/drivers/pio/pio.o
 .debug_line    0x00006e25      0xb3a src/ASF/sam/drivers/pio/pio_handler.o
 .debug_line    0x0000795f     0x1116 src/ASF/sam/drivers/pmc/pmc.o
 .debug_line    0x00008a75      0xae2 src/ASF/sam/utils/cmsis/same70/source/templates/gcc/startup_same70.o
 .debug_line    0x00009557      0x841 src/ASF/sam/utils/cmsis/same70/source/templates/system_same70.o
 .debug_line    0x00009d98      0x417 src/ASF/sam/utils/syscalls/gcc/syscalls.o

.debug_str      0x00000000    0x93f2a
 .debug_str     0x00000000    0x90989 src/main.o
                              0x91a52 (size before relaxing)
 .debug_str     0x00090989      0x64a src/ASF/common/services/spi/sam_spi/spi_master.o
                              0x8cf3d (size before relaxing)
 .debug_str     0x00090fd3      0x6ef src/ASF/sam/components/display/ili9488/ili9488.o
                              0x8eb15 (size before relaxing)
 .debug_str     0x000916c2      0x20e src/ASF/sam/drivers/spi/spi.o
                              0x8cb4a (size before relaxing)
 .debug_str     0x000918d0      0x484 src/ASF/common/services/clock/same70/sysclk.o
                              0x8cc45 (size before relaxing)
 .debug_str     0x00091d54       0x94 src/ASF/common/utils/interrupt/interrupt_sam_nvic.o
                              0x88552 (size before relaxing)
 .debug_str     0x00091de8      0x512 src/ASF/sam/boards/same70_xplained/init.o
                              0x8d704 (size before relaxing)
 .debug_str     0x000922fa      0x52b src/ASF/sam/drivers/pio/pio.o